MPLINK 5.00, LINKER
Linker Map File - Created Fri Nov 26 13:58:53 2021

                                 Section Info
                  Section       Type    Address   Location Size(Bytes)
                ---------  ---------  ---------  ---------  ---------
               _entry_scn       code   0x000000    program   0x000006
           .code___init.o       code   0x000006    program   0x000002
      InterruptVectorHigh       code   0x000008    program   0x000006
     .idata_interrupt.o_i    romdata   0x00000e    program   0x000004
         .idata_c018i.o_i    romdata   0x000012    program   0x000000
            .code_c018i.o       code   0x000012    program   0x000000
        .idata___init.o_i    romdata   0x000012    program   0x000000
       .idata_fxm3232.o_i    romdata   0x000012    program   0x000000
      .idata_fxd3232u.o_i    romdata   0x000012    program   0x000000
      .idata_fxd2424u.o_i    romdata   0x000012    program   0x000000
      .idata_fxd1616u.o_i    romdata   0x000012    program   0x000000
      .idata_fxd0808u.o_i    romdata   0x000012    program   0x000000
           .idata_adc.o_i    romdata   0x000012    program   0x000000
       InterruptVectorLow       code   0x000018    program   0x000006
                   .cinit    romdata   0x00001e    program   0x000062
              .code_lcd.o       code   0x000080    program   0x000e40
             .code_main.o       code   0x000ec0    program   0x000b3a
           .code_button.o       code   0x0019fa    program   0x0007b4
            .code_timer.o       code   0x0021ae    program   0x00051c
              .code_i2c.o       code   0x0026ca    program   0x000340
        .code_interrupt.o       code   0x002a0a    program   0x0001f4
             .code_uart.o       code   0x002bfe    program   0x000152
 .code_simulate_machine.o       code   0x002d50    program   0x000132
                     PROG       code   0x002e82    program   0x0000a6
               _cinit_scn       code   0x002f28    program   0x00009e
              .code_adc.o       code   0x002fc6    program   0x000090
          .code_fxm3232.o       code   0x003056    program   0x000070
             .stringtable    romdata   0x0030c6    program   0x000061
.romdata_simulate_machine.o    romdata   0x003127    program   0x000000
           .romdata_pwm.o    romdata   0x003127    program   0x000000
           .idata_pwm.o_i    romdata   0x003127    program   0x000001
           .romdata_adc.o    romdata   0x003127    program   0x000000
          .romdata_main.o    romdata   0x003127    program   0x000000
      .romdata_fxd0808u.o    romdata   0x003127    program   0x000000
      .romdata_fxd1616u.o    romdata   0x003127    program   0x000000
      .romdata_fxd2424u.o    romdata   0x003127    program   0x000000
          .romdata_uart.o    romdata   0x003127    program   0x000000
      .romdata_fxd3232u.o    romdata   0x003127    program   0x000000
          .idata_uart.o_i    romdata   0x003127    program   0x000000
       .romdata_fxm3232.o    romdata   0x003127    program   0x000000
        .romdata___init.o    romdata   0x003127    program   0x000000
         .romdata_c018i.o    romdata   0x003127    program   0x000000
        .romdata_button.o    romdata   0x003127    program   0x000000
     .romdata_interrupt.o    romdata   0x003127    program   0x000000
         .romdata_timer.o    romdata   0x003127    program   0x000000
           .romdata_lcd.o    romdata   0x003127    program   0x000000
           .romdata_i2c.o    romdata   0x003127    program   0x000000
         .code_fxd3232u.o       code   0x003128    program   0x000048
         .code_fxd2424u.o       code   0x003170    program   0x00003a
              .code_pwm.o       code   0x0031aa    program   0x000038
         .code_fxd1616u.o       code   0x0031e2    program   0x00002c
                    .code       code   0x00320e    program   0x000020
             _startup_scn       code   0x00322e    program   0x00001c
         .code_fxd0808u.o       code   0x00324a    program   0x00001c
         .idata_timer.o_i    romdata   0x003266    program   0x000020
.idata_simulate_machine.o_i    romdata   0x003286    program   0x000013
          .idata_main.o_i    romdata   0x003299    program   0x000028
           .idata_lcd.o_i    romdata   0x0032c1    program   0x000061
           .idata_i2c.o_i    romdata   0x003322    program   0x00001b
        .idata_button.o_i    romdata   0x00333d    program   0x000028
    .config_300001_main.o    romdata   0x300001    program   0x000001
    .config_300002_main.o    romdata   0x300002    program   0x000001
    .config_300003_main.o    romdata   0x300003    program   0x000001
    .config_300005_main.o    romdata   0x300005    program   0x000001
    .config_300006_main.o    romdata   0x300006    program   0x000001
    .config_300008_main.o    romdata   0x300008    program   0x000001
    .config_300009_main.o    romdata   0x300009    program   0x000001
    .config_30000a_main.o    romdata   0x30000a    program   0x000001
    .config_30000b_main.o    romdata   0x30000b    program   0x000001
    .config_30000c_main.o    romdata   0x30000c    program   0x000001
    .config_30000d_main.o    romdata   0x30000d    program   0x000001
                MATH_DATA      udata   0x000000       data   0x000010
                 .tmpdata      udata   0x000010       data   0x00000a
.udata_simulate_machine.o      udata   0x000080       data   0x000065
             .idata_i2c.o      idata   0x0000e5       data   0x00001b
            .idata_main.o      idata   0x000100       data   0x000028
          .idata_button.o      idata   0x000128       data   0x000028
           .idata_timer.o      idata   0x000150       data   0x000020
.idata_simulate_machine.o      idata   0x000170       data   0x000013
           .udata_c018i.o      udata   0x000183       data   0x00000a
       .idata_interrupt.o      idata   0x00018d       data   0x000004
             .udata_i2c.o      udata   0x000191       data   0x000001
             .idata_pwm.o      idata   0x000192       data   0x000001
        .idata_fxd3232u.o      idata   0x000193       data   0x000000
         .udata_fxm3232.o      udata   0x000193       data   0x000000
        .udata_fxd3232u.o      udata   0x000193       data   0x000000
        .idata_fxd2424u.o      idata   0x000193       data   0x000000
         .idata_fxm3232.o      idata   0x000193       data   0x000000
        .udata_fxd2424u.o      udata   0x000193       data   0x000000
        .idata_fxd1616u.o      idata   0x000193       data   0x000000
          .udata___init.o      udata   0x000193       data   0x000000
        .udata_fxd1616u.o      udata   0x000193       data   0x000000
        .idata_fxd0808u.o      idata   0x000193       data   0x000000
        .udata_fxd0808u.o      udata   0x000193       data   0x000000
          .idata___init.o      idata   0x000193       data   0x000000
             .idata_adc.o      idata   0x000193       data   0x000000
           .udata_timer.o      udata   0x000193       data   0x000000
       .udata_interrupt.o      udata   0x000193       data   0x000000
          .udata_button.o      udata   0x000193       data   0x000000
            .udata_main.o      udata   0x000193       data   0x000000
            .idata_uart.o      idata   0x000193       data   0x000000
            .udata_uart.o      udata   0x000193       data   0x000000
           .idata_c018i.o      idata   0x000193       data   0x000000
                   .stack      udata   0x000e00       data   0x000100
             .idata_lcd.o      idata   0x000f00       data   0x000061
             .udata_adc.o      udata   0x000f61       data   0x00001a
             .udata_lcd.o      udata   0x000f7b       data   0x000004
             .udata_pwm.o      udata   0x000f7f       data   0x000001
            SFR_UNBANKED0      udata   0x000f80       data   0x000080



                              Program Memory Usage 
                               Start         End      
                           ---------   ---------      
                            0x000000    0x000011      
                            0x000018    0x003364      
                            0x300001    0x300003      
                            0x300005    0x300006      
                            0x300008    0x30000d      
            13162 out of 66584 program addresses used, program memory utilization is 19%



                              Symbols - Sorted by Name
                     Name    Address   Location    Storage File                     
                ---------  ---------  ---------  --------- ---------                
          AppTrafficLight   0x0013e4    program     extern D:\Do_An\1FullProject\Bai5_TRAFFIC_UART\main.c
                  BCD2Dec   0x0026ca    program     extern D:\Do_An\1FullProject\Bai5_TRAFFIC_UART\i2c\i2c.c
        ButtonCounterDown   0x001666    program     extern D:\Do_An\1FullProject\Bai5_TRAFFIC_UART\main.c
          ButtonCounterUp   0x001600    program     extern D:\Do_An\1FullProject\Bai5_TRAFFIC_UART\main.c
              CloseOutput   0x0010a0    program     extern D:\Do_An\1FullProject\Bai5_TRAFFIC_UART\main.c
                   D1616S   0x002ea4    program     static E:\3.46\pic18-lt\cxx-framework\src\traditional\math\fxd1616s.asm
                D1616SNEG   0x002eb2    program     static E:\3.46\pic18-lt\cxx-framework\src\traditional\math\fxd1616s.asm
                 D1616SOK   0x002eae    program     static E:\3.46\pic18-lt\cxx-framework\src\traditional\math\fxd1616s.asm
                  D1616SX   0x002ec4    program     static E:\3.46\pic18-lt\cxx-framework\src\traditional\math\fxd1616s.asm
                   D2424S   0x002ef8    program     static E:\3.46\pic18-lt\cxx-framework\src\traditional\math\fxd2424s.asm
                D2424SNEG   0x002f06    program     static E:\3.46\pic18-lt\cxx-framework\src\traditional\math\fxd2424s.asm
                 D2424SOK   0x002f02    program     static E:\3.46\pic18-lt\cxx-framework\src\traditional\math\fxd2424s.asm
                  D2424SX   0x002f1e    program     static E:\3.46\pic18-lt\cxx-framework\src\traditional\math\fxd2424s.asm
                  DA1616S   0x002e94    program     static E:\3.46\pic18-lt\cxx-framework\src\traditional\math\fxd1616s.asm
                  DA2424S   0x002ee4    program     static E:\3.46\pic18-lt\cxx-framework\src\traditional\math\fxd2424s.asm
                  Dec2BCD   0x002708    program     extern D:\Do_An\1FullProject\Bai5_TRAFFIC_UART\i2c\i2c.c
       DisplayDataReceive   0x002de6    program     extern D:\Do_An\1FullProject\Bai5_TRAFFIC_UART\simulate_machine\simulate_machine.c
         DisplayLcdScreen   0x0009c0    program     extern D:\Do_An\1FullProject\Bai5_TRAFFIC_UART\lcd\lcd.c
        DisplayLcdScreen2   0x000ab8    program     extern D:\Do_An\1FullProject\Bai5_TRAFFIC_UART\lcd\lcd.c
      DisplayLcdScreenOld   0x000b3e    program     extern D:\Do_An\1FullProject\Bai5_TRAFFIC_UART\lcd\lcd.c
                 FXD0808U   0x00324a    program     extern E:\3.46\pic18-lt\cxx-framework\src\traditional\math\fxd0808u.c
                 FXD1616S   0x002e82    program     extern E:\3.46\pic18-lt\cxx-framework\src\traditional\math\fxd1616s.asm
                 FXD1616U   0x0031e2    program     extern E:\3.46\pic18-lt\cxx-framework\src\traditional\math\fxd1616u.c
                 FXD2424S   0x002ece    program     extern E:\3.46\pic18-lt\cxx-framework\src\traditional\math\fxd2424s.asm
                 FXD2424U   0x003170    program     extern E:\3.46\pic18-lt\cxx-framework\src\traditional\math\fxd2424u.c
                 FXD3232U   0x003128    program     extern E:\3.46\pic18-lt\cxx-framework\src\traditional\math\fxd3232u.c
                  FXM3232   0x003056    program     extern E:\3.46\pic18-lt\cxx-framework\src\traditional\math\fxm3232.c
              HC595_write   0x00121c    program     extern D:\Do_An\1FullProject\Bai5_TRAFFIC_UART\main.c
      InterruptVectorHigh   0x000008    program     extern D:\Do_An\1FullProject\Bai5_TRAFFIC_UART\interrupt\interrupt.c
       InterruptVectorLow   0x000018    program     extern D:\Do_An\1FullProject\Bai5_TRAFFIC_UART\interrupt\interrupt.c
                LcdClearS   0x000962    program     extern D:\Do_An\1FullProject\Bai5_TRAFFIC_UART\lcd\lcd.c
            LcdPrintCharS   0x000ba8    program     extern D:\Do_An\1FullProject\Bai5_TRAFFIC_UART\lcd\lcd.c
              LcdPrintNum   0x0008a0    program     extern D:\Do_An\1FullProject\Bai5_TRAFFIC_UART\lcd\lcd.c
             LcdPrintNumS   0x000c1c    program     extern D:\Do_An\1FullProject\Bai5_TRAFFIC_UART\lcd\lcd.c
           LcdPrintString   0x0008e8    program     extern D:\Do_An\1FullProject\Bai5_TRAFFIC_UART\lcd\lcd.c
          LcdPrintStringS   0x000e6a    program     extern D:\Do_An\1FullProject\Bai5_TRAFFIC_UART\lcd\lcd.c
               OpenOutput   0x00101e    program     extern D:\Do_An\1FullProject\Bai5_TRAFFIC_UART\main.c
            ReverseOutput   0x001122    program     extern D:\Do_An\1FullProject\Bai5_TRAFFIC_UART\main.c
             SetTimer0_ms   0x00262a    program     extern D:\Do_An\1FullProject\Bai5_TRAFFIC_UART\timer\timer.c
             SetTimer1_ms   0x00264e    program     extern D:\Do_An\1FullProject\Bai5_TRAFFIC_UART\timer\timer.c
             SetTimer3_ms   0x00268c    program     extern D:\Do_An\1FullProject\Bai5_TRAFFIC_UART\timer\timer.c
         SimulatedataSend   0x002de4    program     extern D:\Do_An\1FullProject\Bai5_TRAFFIC_UART\simulate_machine\simulate_machine.c
               TestOutput   0x00119e    program     extern D:\Do_An\1FullProject\Bai5_TRAFFIC_UART\main.c
           UartSendString   0x002d00    program     extern D:\Do_An\1FullProject\Bai5_TRAFFIC_UART\uart\uart.c
       ___return_lbl00000   0x00316e    program     static                          
       ___return_lbl00000   0x0031a8    program     static                          
       ___return_lbl00000   0x0030c4    program     static                          
       ___return_lbl00000   0x000004    program     static                          
       ___return_lbl00000   0x003264    program     static                          
       ___return_lbl00000   0x00320c    program     static                          
       ___return_lbl00001   0x003248    program     static                          
       ___return_lbl00002   0x00001c    program     static                          
       ___return_lbl00002   0x002fc4    program     static                          
       ___return_lbl00003   0x00000c    program     static                          
               __config_0   0x300001    program     static D:\Do_An\1FullProject\Bai5_TRAFFIC_UART\main.c
               __config_1   0x300002    program     static D:\Do_An\1FullProject\Bai5_TRAFFIC_UART\main.c
              __config_10   0x30000d    program     static D:\Do_An\1FullProject\Bai5_TRAFFIC_UART\main.c
               __config_2   0x300003    program     static D:\Do_An\1FullProject\Bai5_TRAFFIC_UART\main.c
               __config_3   0x300005    program     static D:\Do_An\1FullProject\Bai5_TRAFFIC_UART\main.c
               __config_4   0x300006    program     static D:\Do_An\1FullProject\Bai5_TRAFFIC_UART\main.c
               __config_5   0x300008    program     static D:\Do_An\1FullProject\Bai5_TRAFFIC_UART\main.c
               __config_6   0x300009    program     static D:\Do_An\1FullProject\Bai5_TRAFFIC_UART\main.c
               __config_7   0x30000a    program     static D:\Do_An\1FullProject\Bai5_TRAFFIC_UART\main.c
               __config_8   0x30000b    program     static D:\Do_An\1FullProject\Bai5_TRAFFIC_UART\main.c
               __config_9   0x30000c    program     static D:\Do_An\1FullProject\Bai5_TRAFFIC_UART\main.c
                   __init   0x000006    program     extern E:\3.46\pic18-lt\cxx-framework\src\traditional\stdclib\__init.c
               __string_0   0x003116    program     static D:\Do_An\1FullProject\Bai5_TRAFFIC_UART\simulate_machine\simulate_machine.c
               __string_0   0x003105    program     static D:\Do_An\1FullProject\Bai5_TRAFFIC_UART\main.c
               __string_1   0x0030f4    program     static D:\Do_An\1FullProject\Bai5_TRAFFIC_UART\main.c
               __string_2   0x0030f1    program     static D:\Do_An\1FullProject\Bai5_TRAFFIC_UART\main.c
               __string_3   0x0030ee    program     static D:\Do_An\1FullProject\Bai5_TRAFFIC_UART\main.c
               __string_4   0x0030eb    program     static D:\Do_An\1FullProject\Bai5_TRAFFIC_UART\main.c
               __string_5   0x0030da    program     static D:\Do_An\1FullProject\Bai5_TRAFFIC_UART\main.c
               __string_6   0x0030c9    program     static D:\Do_An\1FullProject\Bai5_TRAFFIC_UART\main.c
               __string_7   0x0030c6    program     static D:\Do_An\1FullProject\Bai5_TRAFFIC_UART\main.c
            __zero_memory   0x00320e    program     extern E:\3.46\pic18-lt\cxx-framework\src\traditional\proc\p18f4620.asm
                _do_cinit   0x002f28    program     extern E:\3.46\pic18-lt\cxx-framework\src\traditional\startup\c018i.c
                   _entry   0x000000    program     extern E:\3.46\pic18-lt\cxx-framework\src\traditional\startup\c018i.c
                   _false   0x00316a    program     static                          
                   _false   0x0031a4    program     static                          
                 _startup   0x00322e    program     extern E:\3.46\pic18-lt\cxx-framework\src\traditional\startup\c018i.c
          appRunGreenMode   0x0017aa    program     extern D:\Do_An\1FullProject\Bai5_TRAFFIC_UART\main.c
             appRunNormal   0x00174a    program     extern D:\Do_An\1FullProject\Bai5_TRAFFIC_UART\main.c
      appRunNormal_Phase1   0x001806    program     extern D:\Do_An\1FullProject\Bai5_TRAFFIC_UART\main.c
      appRunNormal_Phase2   0x001900    program     extern D:\Do_An\1FullProject\Bai5_TRAFFIC_UART\main.c
         appRunYellowMode   0x001750    program     extern D:\Do_An\1FullProject\Bai5_TRAFFIC_UART\main.c
          button_delay_ms   0x001f4c    program     extern D:\Do_An\1FullProject\Bai5_TRAFFIC_UART\button_matrix\button.c
                compare_l   0x003224    program     static E:\3.46\pic18-lt\cxx-framework\src\traditional\proc\p18f4620.asm
                copy_loop   0x002f9a    program     static                          
            copy_one_byte   0x002fa0    program     static                          
                 delay_ms   0x000f0a    program     extern D:\Do_An\1FullProject\Bai5_TRAFFIC_UART\main.c
              display7Seg   0x0012ae    program     extern D:\Do_An\1FullProject\Bai5_TRAFFIC_UART\main.c
        displayTrafficLed   0x0012ea    program     extern D:\Do_An\1FullProject\Bai5_TRAFFIC_UART\main.c
                     done   0x002fc4    program     static                          
             done_copying   0x002fae    program     static                          
           ds1307_control   0x002776    program     extern D:\Do_An\1FullProject\Bai5_TRAFFIC_UART\i2c\i2c.c
           eeprom_control   0x002794    program     extern D:\Do_An\1FullProject\Bai5_TRAFFIC_UART\i2c\i2c.c
                  endloop   0x003208    program     static                          
                  endloop   0x003260    program     static                          
            get_adc_value   0x002fd8    program     extern D:\Do_An\1FullProject\Bai5_TRAFFIC_UART\adc\adc.c
                 high_isr   0x002b16    program     extern D:\Do_An\1FullProject\Bai5_TRAFFIC_UART\interrupt\interrupt.c
                  i2c_ack   0x0027ee    program     extern D:\Do_An\1FullProject\Bai5_TRAFFIC_UART\i2c\i2c.c
                  i2c_nak   0x0027fa    program     extern D:\Do_An\1FullProject\Bai5_TRAFFIC_UART\i2c\i2c.c
                 i2c_read   0x0027e2    program     extern D:\Do_An\1FullProject\Bai5_TRAFFIC_UART\i2c\i2c.c
                i2c_start   0x0027b2    program     extern D:\Do_An\1FullProject\Bai5_TRAFFIC_UART\i2c\i2c.c
                 i2c_stop   0x0027bc    program     extern D:\Do_An\1FullProject\Bai5_TRAFFIC_UART\i2c\i2c.c
                i2c_write   0x0027c6    program     extern D:\Do_An\1FullProject\Bai5_TRAFFIC_UART\i2c\i2c.c
                 init_adc   0x002fc6    program     extern D:\Do_An\1FullProject\Bai5_TRAFFIC_UART\adc\adc.c
            init_ext_int0   0x002a12    program     extern D:\Do_An\1FullProject\Bai5_TRAFFIC_UART\interrupt\interrupt.c
                 init_i2c   0x00275e    program     extern D:\Do_An\1FullProject\Bai5_TRAFFIC_UART\i2c\i2c.c
           init_interrupt   0x002a0a    program     extern D:\Do_An\1FullProject\Bai5_TRAFFIC_UART\interrupt\interrupt.c
          init_key_matrix   0x0019fa    program     extern D:\Do_An\1FullProject\Bai5_TRAFFIC_UART\button_matrix\button.c
init_key_matrix_new_board   0x00219a    program     extern D:\Do_An\1FullProject\Bai5_TRAFFIC_UART\button_matrix\button.c
init_key_matrix_with_uart_i2c   0x001a02    program     extern D:\Do_An\1FullProject\Bai5_TRAFFIC_UART\button_matrix\button.c
              init_output   0x000f92    program     extern D:\Do_An\1FullProject\Bai5_TRAFFIC_UART\main.c
                 init_pwm   0x0031aa    program     extern D:\Do_An\1FullProject\Bai5_TRAFFIC_UART\pwm\pwm.c
              init_system   0x000f9e    program     extern D:\Do_An\1FullProject\Bai5_TRAFFIC_UART\main.c
              init_timer0   0x0021ae    program     extern D:\Do_An\1FullProject\Bai5_TRAFFIC_UART\timer\timer.c
              init_timer1   0x0022f2    program     extern D:\Do_An\1FullProject\Bai5_TRAFFIC_UART\timer\timer.c
              init_timer2   0x00243c    program     extern D:\Do_An\1FullProject\Bai5_TRAFFIC_UART\timer\timer.c
              init_timer3   0x002474    program     extern D:\Do_An\1FullProject\Bai5_TRAFFIC_UART\timer\timer.c
                init_uart   0x002bfe    program     extern D:\Do_An\1FullProject\Bai5_TRAFFIC_UART\uart\uart.c
            isButtonApply   0x0016ce    program     extern D:\Do_An\1FullProject\Bai5_TRAFFIC_UART\main.c
             isButtonNext   0x0015f0    program     extern D:\Do_An\1FullProject\Bai5_TRAFFIC_UART\main.c
                lcd_clear   0x000574    program     extern D:\Do_An\1FullProject\Bai5_TRAFFIC_UART\lcd\lcd.c
                lcd_delay   0x000080    program     extern D:\Do_An\1FullProject\Bai5_TRAFFIC_UART\lcd\lcd.c
                 lcd_init   0x000220    program     extern D:\Do_An\1FullProject\Bai5_TRAFFIC_UART\lcd\lcd.c
             lcd_power_of   0x000588    program     extern D:\Do_An\1FullProject\Bai5_TRAFFIC_UART\lcd\lcd.c
           lcd_print_char   0x0004e0    program     extern D:\Do_An\1FullProject\Bai5_TRAFFIC_UART\lcd\lcd.c
          lcd_print_charS   0x00091c    program     extern D:\Do_An\1FullProject\Bai5_TRAFFIC_UART\lcd\lcd.c
            lcd_print_num   0x00066a    program     extern D:\Do_An\1FullProject\Bai5_TRAFFIC_UART\lcd\lcd.c
            lcd_print_str   0x0004fa    program     extern D:\Do_An\1FullProject\Bai5_TRAFFIC_UART\lcd\lcd.c
              lcd_putchar   0x0004c6    program     extern D:\Do_An\1FullProject\Bai5_TRAFFIC_UART\lcd\lcd.c
          lcd_read_status   0x000330    program     extern D:\Do_An\1FullProject\Bai5_TRAFFIC_UART\lcd\lcd.c
          lcd_sendCommand   0x0001a0    program     extern D:\Do_An\1FullProject\Bai5_TRAFFIC_UART\lcd\lcd.c
           lcd_set_cursor   0x00053a    program     extern D:\Do_An\1FullProject\Bai5_TRAFFIC_UART\lcd\lcd.c
            lcd_wait_busy   0x0003e6    program     extern D:\Do_An\1FullProject\Bai5_TRAFFIC_UART\lcd\lcd.c
          lcd_write_4bits   0x000406    program     extern D:\Do_An\1FullProject\Bai5_TRAFFIC_UART\lcd\lcd.c
            lcd_write_cmd   0x00044c    program     extern D:\Do_An\1FullProject\Bai5_TRAFFIC_UART\lcd\lcd.c
           lcd_write_data   0x000488    program     extern D:\Do_An\1FullProject\Bai5_TRAFFIC_UART\lcd\lcd.c
                     loop   0x0031ec    program     static                          
                     loop   0x00323e    program     static                          
                     loop   0x003136    program     static                          
                     loop   0x003252    program     static                          
                     loop   0x00317c    program     static                          
                   loop_h   0x00321c    program     static E:\3.46\pic18-lt\cxx-framework\src\traditional\proc\p18f4620.asm
                   loop_l   0x003226    program     static E:\3.46\pic18-lt\cxx-framework\src\traditional\proc\p18f4620.asm
                  low_isr   0x002a1a    program     extern D:\Do_An\1FullProject\Bai5_TRAFFIC_UART\interrupt\interrupt.c
                     main   0x000ec0    program     extern D:\Do_An\1FullProject\Bai5_TRAFFIC_UART\main.c
              read_ds1307   0x0028fe    program     extern D:\Do_An\1FullProject\Bai5_TRAFFIC_UART\i2c\i2c.c
              read_eeprom   0x002974    program     extern D:\Do_An\1FullProject\Bai5_TRAFFIC_UART\i2c\i2c.c
          scan_key_matrix   0x001a12    program     extern D:\Do_An\1FullProject\Bai5_TRAFFIC_UART\button_matrix\button.c
   scan_key_matrix_1_line   0x001cd0    program     extern D:\Do_An\1FullProject\Bai5_TRAFFIC_UART\button_matrix\button.c
     scan_key_matrix_demo   0x001fd4    program     extern D:\Do_An\1FullProject\Bai5_TRAFFIC_UART\button_matrix\button.c
scan_key_matrix_new_board   0x0020fa    program     extern D:\Do_An\1FullProject\Bai5_TRAFFIC_UART\button_matrix\button.c
scan_key_matrix_with_uart   0x001b70    program     extern D:\Do_An\1FullProject\Bai5_TRAFFIC_UART\button_matrix\button.c
scan_key_matrix_with_uart_i2c   0x001e04    program     extern D:\Do_An\1FullProject\Bai5_TRAFFIC_UART\button_matrix\button.c
             set_DC_speed   0x0031cc    program     extern D:\Do_An\1FullProject\Bai5_TRAFFIC_UART\pwm\pwm.c
             start_timer0   0x002266    program     extern D:\Do_An\1FullProject\Bai5_TRAFFIC_UART\timer\timer.c
             start_timer1   0x0023ac    program     extern D:\Do_An\1FullProject\Bai5_TRAFFIC_UART\timer\timer.c
             start_timer2   0x002468    program     extern D:\Do_An\1FullProject\Bai5_TRAFFIC_UART\timer\timer.c
             start_timer3   0x00252a    program     extern D:\Do_An\1FullProject\Bai5_TRAFFIC_UART\timer\timer.c
              stop_timer0   0x002262    program     extern D:\Do_An\1FullProject\Bai5_TRAFFIC_UART\timer\timer.c
              stop_timer1   0x002438    program     extern D:\Do_An\1FullProject\Bai5_TRAFFIC_UART\timer\timer.c
              stop_timer2   0x002470    program     extern D:\Do_An\1FullProject\Bai5_TRAFFIC_UART\timer\timer.c
              stop_timer3   0x0025b6    program     extern D:\Do_An\1FullProject\Bai5_TRAFFIC_UART\timer\timer.c
                     test   0x002f42    program     static                          
               timer0_isr   0x0025ba    program     extern D:\Do_An\1FullProject\Bai5_TRAFFIC_UART\timer\timer.c
               timer1_isr   0x0025d6    program     extern D:\Do_An\1FullProject\Bai5_TRAFFIC_UART\timer\timer.c
               timer2_isr   0x0025f2    program     extern D:\Do_An\1FullProject\Bai5_TRAFFIC_UART\timer\timer.c
               timer3_isr   0x00260e    program     extern D:\Do_An\1FullProject\Bai5_TRAFFIC_UART\timer\timer.c
            uart_delay_ms   0x002c1c    program     extern D:\Do_An\1FullProject\Bai5_TRAFFIC_UART\uart\uart.c
                 uart_isr   0x002d4c    program     extern D:\Do_An\1FullProject\Bai5_TRAFFIC_UART\uart\uart.c
uart_isr_simulate_machine   0x002d50    program     extern D:\Do_An\1FullProject\Bai5_TRAFFIC_UART\simulate_machine\simulate_machine.c
             uart_putchar   0x002ca4    program     extern D:\Do_An\1FullProject\Bai5_TRAFFIC_UART\uart\uart.c
            uart_send_str   0x002cc0    program     extern D:\Do_An\1FullProject\Bai5_TRAFFIC_UART\uart\uart.c
                 v_timer0   0x000110    program     extern D:\Do_An\1FullProject\Bai5_TRAFFIC_UART\lcd\lcd.c
             write_ds1307   0x002806    program     extern D:\Do_An\1FullProject\Bai5_TRAFFIC_UART\i2c\i2c.c
             write_eeprom   0x002870    program     extern D:\Do_An\1FullProject\Bai5_TRAFFIC_UART\i2c\i2c.c
               zero_block   0x00321c    program     static E:\3.46\pic18-lt\cxx-framework\src\traditional\proc\p18f4620.asm
                   ADCON0   0x000fc2       data     extern E:\3.46\pic18-lt\cxx-framework\src\traditional\proc\p18f4620.asm
               ADCON0bits   0x000fc2       data     extern E:\3.46\pic18-lt\cxx-framework\src\traditional\proc\p18f4620.asm
                   ADCON1   0x000fc1       data     extern E:\3.46\pic18-lt\cxx-framework\src\traditional\proc\p18f4620.asm
               ADCON1bits   0x000fc1       data     extern E:\3.46\pic18-lt\cxx-framework\src\traditional\proc\p18f4620.asm
                   ADCON2   0x000fc0       data     extern E:\3.46\pic18-lt\cxx-framework\src\traditional\proc\p18f4620.asm
               ADCON2bits   0x000fc0       data     extern E:\3.46\pic18-lt\cxx-framework\src\traditional\proc\p18f4620.asm
                    ADRES   0x000fc3       data     extern E:\3.46\pic18-lt\cxx-framework\src\traditional\proc\p18f4620.asm
                   ADRESH   0x000fc4       data     extern E:\3.46\pic18-lt\cxx-framework\src\traditional\proc\p18f4620.asm
                   ADRESL   0x000fc3       data     extern E:\3.46\pic18-lt\cxx-framework\src\traditional\proc\p18f4620.asm
                  BAUDCON   0x000fb8       data     extern E:\3.46\pic18-lt\cxx-framework\src\traditional\proc\p18f4620.asm
              BAUDCONbits   0x000fb8       data     extern E:\3.46\pic18-lt\cxx-framework\src\traditional\proc\p18f4620.asm
                  BAUDCTL   0x000fb8       data     extern E:\3.46\pic18-lt\cxx-framework\src\traditional\proc\p18f4620.asm
              BAUDCTLbits   0x000fb8       data     extern E:\3.46\pic18-lt\cxx-framework\src\traditional\proc\p18f4620.asm
                      BSR   0x000fe0       data     extern E:\3.46\pic18-lt\cxx-framework\src\traditional\proc\p18f4620.asm
                  CCP1CON   0x000fbd       data     extern E:\3.46\pic18-lt\cxx-framework\src\traditional\proc\p18f4620.asm
              CCP1CONbits   0x000fbd       data     extern E:\3.46\pic18-lt\cxx-framework\src\traditional\proc\p18f4620.asm
                  CCP2CON   0x000fba       data     extern E:\3.46\pic18-lt\cxx-framework\src\traditional\proc\p18f4620.asm
              CCP2CONbits   0x000fba       data     extern E:\3.46\pic18-lt\cxx-framework\src\traditional\proc\p18f4620.asm
                    CCPR1   0x000fbe       data     extern E:\3.46\pic18-lt\cxx-framework\src\traditional\proc\p18f4620.asm
                   CCPR1H   0x000fbf       data     extern E:\3.46\pic18-lt\cxx-framework\src\traditional\proc\p18f4620.asm
                   CCPR1L   0x000fbe       data     extern E:\3.46\pic18-lt\cxx-framework\src\traditional\proc\p18f4620.asm
                    CCPR2   0x000fbb       data     extern E:\3.46\pic18-lt\cxx-framework\src\traditional\proc\p18f4620.asm
                   CCPR2H   0x000fbc       data     extern E:\3.46\pic18-lt\cxx-framework\src\traditional\proc\p18f4620.asm
                   CCPR2L   0x000fbb       data     extern E:\3.46\pic18-lt\cxx-framework\src\traditional\proc\p18f4620.asm
                    CMCON   0x000fb4       data     extern E:\3.46\pic18-lt\cxx-framework\src\traditional\proc\p18f4620.asm
                CMCONbits   0x000fb4       data     extern E:\3.46\pic18-lt\cxx-framework\src\traditional\proc\p18f4620.asm
                COD_value   0x00017d       data     extern D:\Do_An\1FullProject\Bai5_TRAFFIC_UART\simulate_machine\simulate_machine.c
                   CVRCON   0x000fb5       data     extern E:\3.46\pic18-lt\cxx-framework\src\traditional\proc\p18f4620.asm
               CVRCONbits   0x000fb5       data     extern E:\3.46\pic18-lt\cxx-framework\src\traditional\proc\p18f4620.asm
                     DDRA   0x000f92       data     extern E:\3.46\pic18-lt\cxx-framework\src\traditional\proc\p18f4620.asm
                 DDRAbits   0x000f92       data     extern E:\3.46\pic18-lt\cxx-framework\src\traditional\proc\p18f4620.asm
                     DDRB   0x000f93       data     extern E:\3.46\pic18-lt\cxx-framework\src\traditional\proc\p18f4620.asm
                 DDRBbits   0x000f93       data     extern E:\3.46\pic18-lt\cxx-framework\src\traditional\proc\p18f4620.asm
                     DDRC   0x000f94       data     extern E:\3.46\pic18-lt\cxx-framework\src\traditional\proc\p18f4620.asm
                 DDRCbits   0x000f94       data     extern E:\3.46\pic18-lt\cxx-framework\src\traditional\proc\p18f4620.asm
                     DDRD   0x000f95       data     extern E:\3.46\pic18-lt\cxx-framework\src\traditional\proc\p18f4620.asm
                 DDRDbits   0x000f95       data     extern E:\3.46\pic18-lt\cxx-framework\src\traditional\proc\p18f4620.asm
                     DDRE   0x000f96       data     extern E:\3.46\pic18-lt\cxx-framework\src\traditional\proc\p18f4620.asm
                 DDREbits   0x000f96       data     extern E:\3.46\pic18-lt\cxx-framework\src\traditional\proc\p18f4620.asm
                  ECCP1AS   0x000fb6       data     extern E:\3.46\pic18-lt\cxx-framework\src\traditional\proc\p18f4620.asm
              ECCP1ASbits   0x000fb6       data     extern E:\3.46\pic18-lt\cxx-framework\src\traditional\proc\p18f4620.asm
                    EEADR   0x000fa9       data     extern E:\3.46\pic18-lt\cxx-framework\src\traditional\proc\p18f4620.asm
                   EEADRH   0x000faa       data     extern E:\3.46\pic18-lt\cxx-framework\src\traditional\proc\p18f4620.asm
                   EECON1   0x000fa6       data     extern E:\3.46\pic18-lt\cxx-framework\src\traditional\proc\p18f4620.asm
               EECON1bits   0x000fa6       data     extern E:\3.46\pic18-lt\cxx-framework\src\traditional\proc\p18f4620.asm
                   EECON2   0x000fa7       data     extern E:\3.46\pic18-lt\cxx-framework\src\traditional\proc\p18f4620.asm
                   EEDATA   0x000fa8       data     extern E:\3.46\pic18-lt\cxx-framework\src\traditional\proc\p18f4620.asm
               FLOW_value   0x00017c       data     extern D:\Do_An\1FullProject\Bai5_TRAFFIC_UART\simulate_machine\simulate_machine.c
                     FSR0   0x000fe9       data     extern E:\3.46\pic18-lt\cxx-framework\src\traditional\proc\p18f4620.asm
                    FSR0H   0x000fea       data     extern E:\3.46\pic18-lt\cxx-framework\src\traditional\proc\p18f4620.asm
                    FSR0L   0x000fe9       data     extern E:\3.46\pic18-lt\cxx-framework\src\traditional\proc\p18f4620.asm
                     FSR1   0x000fe1       data     extern E:\3.46\pic18-lt\cxx-framework\src\traditional\proc\p18f4620.asm
                    FSR1H   0x000fe2       data     extern E:\3.46\pic18-lt\cxx-framework\src\traditional\proc\p18f4620.asm
                    FSR1L   0x000fe1       data     extern E:\3.46\pic18-lt\cxx-framework\src\traditional\proc\p18f4620.asm
                     FSR2   0x000fd9       data     extern E:\3.46\pic18-lt\cxx-framework\src\traditional\proc\p18f4620.asm
                    FSR2H   0x000fda       data     extern E:\3.46\pic18-lt\cxx-framework\src\traditional\proc\p18f4620.asm
                    FSR2L   0x000fd9       data     extern E:\3.46\pic18-lt\cxx-framework\src\traditional\proc\p18f4620.asm
                GreenTime   0x000125       data     extern D:\Do_An\1FullProject\Bai5_TRAFFIC_UART\main.c
                  HLVDCON   0x000fd2       data     extern E:\3.46\pic18-lt\cxx-framework\src\traditional\proc\p18f4620.asm
              HLVDCONbits   0x000fd2       data     extern E:\3.46\pic18-lt\cxx-framework\src\traditional\proc\p18f4620.asm
                    INDF0   0x000fef       data     extern E:\3.46\pic18-lt\cxx-framework\src\traditional\proc\p18f4620.asm
                    INDF1   0x000fe7       data     extern E:\3.46\pic18-lt\cxx-framework\src\traditional\proc\p18f4620.asm
                    INDF2   0x000fdf       data     extern E:\3.46\pic18-lt\cxx-framework\src\traditional\proc\p18f4620.asm
                   INTCON   0x000ff2       data     extern E:\3.46\pic18-lt\cxx-framework\src\traditional\proc\p18f4620.asm
                  INTCON2   0x000ff1       data     extern E:\3.46\pic18-lt\cxx-framework\src\traditional\proc\p18f4620.asm
              INTCON2bits   0x000ff1       data     extern E:\3.46\pic18-lt\cxx-framework\src\traditional\proc\p18f4620.asm
                  INTCON3   0x000ff0       data     extern E:\3.46\pic18-lt\cxx-framework\src\traditional\proc\p18f4620.asm
              INTCON3bits   0x000ff0       data     extern E:\3.46\pic18-lt\cxx-framework\src\traditional\proc\p18f4620.asm
               INTCONbits   0x000ff2       data     extern E:\3.46\pic18-lt\cxx-framework\src\traditional\proc\p18f4620.asm
                     IPR1   0x000f9f       data     extern E:\3.46\pic18-lt\cxx-framework\src\traditional\proc\p18f4620.asm
                 IPR1bits   0x000f9f       data     extern E:\3.46\pic18-lt\cxx-framework\src\traditional\proc\p18f4620.asm
                     IPR2   0x000fa2       data     extern E:\3.46\pic18-lt\cxx-framework\src\traditional\proc\p18f4620.asm
                 IPR2bits   0x000fa2       data     extern E:\3.46\pic18-lt\cxx-framework\src\traditional\proc\p18f4620.asm
                     LATA   0x000f89       data     extern E:\3.46\pic18-lt\cxx-framework\src\traditional\proc\p18f4620.asm
                 LATAbits   0x000f89       data     extern E:\3.46\pic18-lt\cxx-framework\src\traditional\proc\p18f4620.asm
                     LATB   0x000f8a       data     extern E:\3.46\pic18-lt\cxx-framework\src\traditional\proc\p18f4620.asm
                 LATBbits   0x000f8a       data     extern E:\3.46\pic18-lt\cxx-framework\src\traditional\proc\p18f4620.asm
                     LATC   0x000f8b       data     extern E:\3.46\pic18-lt\cxx-framework\src\traditional\proc\p18f4620.asm
                 LATCbits   0x000f8b       data     extern E:\3.46\pic18-lt\cxx-framework\src\traditional\proc\p18f4620.asm
                     LATD   0x000f8c       data     extern E:\3.46\pic18-lt\cxx-framework\src\traditional\proc\p18f4620.asm
                 LATDbits   0x000f8c       data     extern E:\3.46\pic18-lt\cxx-framework\src\traditional\proc\p18f4620.asm
                     LATE   0x000f8d       data     extern E:\3.46\pic18-lt\cxx-framework\src\traditional\proc\p18f4620.asm
                 LATEbits   0x000f8d       data     extern E:\3.46\pic18-lt\cxx-framework\src\traditional\proc\p18f4620.asm
                      LED   0x000113       data     extern D:\Do_An\1FullProject\Bai5_TRAFFIC_UART\main.c
                   LVDCON   0x000fd2       data     extern E:\3.46\pic18-lt\cxx-framework\src\traditional\proc\p18f4620.asm
               LVDCONbits   0x000fd2       data     extern E:\3.46\pic18-lt\cxx-framework\src\traditional\proc\p18f4620.asm
                LcdScreen   0x000f41       data     extern D:\Do_An\1FullProject\Bai5_TRAFFIC_UART\lcd\lcd.c
                NH4_value   0x000180       data     extern D:\Do_An\1FullProject\Bai5_TRAFFIC_UART\simulate_machine\simulate_machine.c
                NO3_value   0x00017f       data     extern D:\Do_An\1FullProject\Bai5_TRAFFIC_UART\simulate_machine\simulate_machine.c
                   OSCCON   0x000fd3       data     extern E:\3.46\pic18-lt\cxx-framework\src\traditional\proc\p18f4620.asm
               OSCCONbits   0x000fd3       data     extern E:\3.46\pic18-lt\cxx-framework\src\traditional\proc\p18f4620.asm
                  OSCTUNE   0x000f9b       data     extern E:\3.46\pic18-lt\cxx-framework\src\traditional\proc\p18f4620.asm
              OSCTUNEbits   0x000f9b       data     extern E:\3.46\pic18-lt\cxx-framework\src\traditional\proc\p18f4620.asm
                       PC   0x000ff9       data     extern E:\3.46\pic18-lt\cxx-framework\src\traditional\proc\p18f4620.asm
                      PCL   0x000ff9       data     extern E:\3.46\pic18-lt\cxx-framework\src\traditional\proc\p18f4620.asm
                   PCLATH   0x000ffa       data     extern E:\3.46\pic18-lt\cxx-framework\src\traditional\proc\p18f4620.asm
                   PCLATU   0x000ffb       data     extern E:\3.46\pic18-lt\cxx-framework\src\traditional\proc\p18f4620.asm
                     PIE1   0x000f9d       data     extern E:\3.46\pic18-lt\cxx-framework\src\traditional\proc\p18f4620.asm
                 PIE1bits   0x000f9d       data     extern E:\3.46\pic18-lt\cxx-framework\src\traditional\proc\p18f4620.asm
                     PIE2   0x000fa0       data     extern E:\3.46\pic18-lt\cxx-framework\src\traditional\proc\p18f4620.asm
                 PIE2bits   0x000fa0       data     extern E:\3.46\pic18-lt\cxx-framework\src\traditional\proc\p18f4620.asm
                     PIR1   0x000f9e       data     extern E:\3.46\pic18-lt\cxx-framework\src\traditional\proc\p18f4620.asm
                 PIR1bits   0x000f9e       data     extern E:\3.46\pic18-lt\cxx-framework\src\traditional\proc\p18f4620.asm
                     PIR2   0x000fa1       data     extern E:\3.46\pic18-lt\cxx-framework\src\traditional\proc\p18f4620.asm
                 PIR2bits   0x000fa1       data     extern E:\3.46\pic18-lt\cxx-framework\src\traditional\proc\p18f4620.asm
                   PLUSW0   0x000feb       data     extern E:\3.46\pic18-lt\cxx-framework\src\traditional\proc\p18f4620.asm
                   PLUSW1   0x000fe3       data     extern E:\3.46\pic18-lt\cxx-framework\src\traditional\proc\p18f4620.asm
                   PLUSW2   0x000fdb       data     extern E:\3.46\pic18-lt\cxx-framework\src\traditional\proc\p18f4620.asm
                    PORTA   0x000f80       data     extern E:\3.46\pic18-lt\cxx-framework\src\traditional\proc\p18f4620.asm
                PORTAbits   0x000f80       data     extern E:\3.46\pic18-lt\cxx-framework\src\traditional\proc\p18f4620.asm
                    PORTB   0x000f81       data     extern E:\3.46\pic18-lt\cxx-framework\src\traditional\proc\p18f4620.asm
                PORTBbits   0x000f81       data     extern E:\3.46\pic18-lt\cxx-framework\src\traditional\proc\p18f4620.asm
                    PORTC   0x000f82       data     extern E:\3.46\pic18-lt\cxx-framework\src\traditional\proc\p18f4620.asm
                PORTCbits   0x000f82       data     extern E:\3.46\pic18-lt\cxx-framework\src\traditional\proc\p18f4620.asm
                    PORTD   0x000f83       data     extern E:\3.46\pic18-lt\cxx-framework\src\traditional\proc\p18f4620.asm
                PORTDbits   0x000f83       data     extern E:\3.46\pic18-lt\cxx-framework\src\traditional\proc\p18f4620.asm
                    PORTE   0x000f84       data     extern E:\3.46\pic18-lt\cxx-framework\src\traditional\proc\p18f4620.asm
                PORTEbits   0x000f84       data     extern E:\3.46\pic18-lt\cxx-framework\src\traditional\proc\p18f4620.asm
                 POSTDEC0   0x000fed       data     extern E:\3.46\pic18-lt\cxx-framework\src\traditional\proc\p18f4620.asm
                 POSTDEC1   0x000fe5       data     extern E:\3.46\pic18-lt\cxx-framework\src\traditional\proc\p18f4620.asm
                 POSTDEC2   0x000fdd       data     extern E:\3.46\pic18-lt\cxx-framework\src\traditional\proc\p18f4620.asm
                 POSTINC0   0x000fee       data     extern E:\3.46\pic18-lt\cxx-framework\src\traditional\proc\p18f4620.asm
                 POSTINC1   0x000fe6       data     extern E:\3.46\pic18-lt\cxx-framework\src\traditional\proc\p18f4620.asm
                 POSTINC2   0x000fde       data     extern E:\3.46\pic18-lt\cxx-framework\src\traditional\proc\p18f4620.asm
                      PR2   0x000fcb       data     extern E:\3.46\pic18-lt\cxx-framework\src\traditional\proc\p18f4620.asm
                  PREINC0   0x000fec       data     extern E:\3.46\pic18-lt\cxx-framework\src\traditional\proc\p18f4620.asm
                  PREINC1   0x000fe4       data     extern E:\3.46\pic18-lt\cxx-framework\src\traditional\proc\p18f4620.asm
                  PREINC2   0x000fdc       data     extern E:\3.46\pic18-lt\cxx-framework\src\traditional\proc\p18f4620.asm
                     PROD   0x000ff3       data     extern E:\3.46\pic18-lt\cxx-framework\src\traditional\proc\p18f4620.asm
                    PRODH   0x000ff4       data     extern E:\3.46\pic18-lt\cxx-framework\src\traditional\proc\p18f4620.asm
                    PRODL   0x000ff3       data     extern E:\3.46\pic18-lt\cxx-framework\src\traditional\proc\p18f4620.asm
                  PWM1CON   0x000fb7       data     extern E:\3.46\pic18-lt\cxx-framework\src\traditional\proc\p18f4620.asm
              PWM1CONbits   0x000fb7       data     extern E:\3.46\pic18-lt\cxx-framework\src\traditional\proc\p18f4620.asm
                     RCON   0x000fd0       data     extern E:\3.46\pic18-lt\cxx-framework\src\traditional\proc\p18f4620.asm
                 RCONbits   0x000fd0       data     extern E:\3.46\pic18-lt\cxx-framework\src\traditional\proc\p18f4620.asm
                    RCREG   0x000fae       data     extern E:\3.46\pic18-lt\cxx-framework\src\traditional\proc\p18f4620.asm
                    RCSTA   0x000fab       data     extern E:\3.46\pic18-lt\cxx-framework\src\traditional\proc\p18f4620.asm
                RCSTAbits   0x000fab       data     extern E:\3.46\pic18-lt\cxx-framework\src\traditional\proc\p18f4620.asm
                  RedTime   0x000123       data     extern D:\Do_An\1FullProject\Bai5_TRAFFIC_UART\main.c
                     SIGN   0x000000       data     extern E:\3.46\pic18-lt\cxx-framework\src\traditional\math\cmath18.asm
                    SPBRG   0x000faf       data     extern E:\3.46\pic18-lt\cxx-framework\src\traditional\proc\p18f4620.asm
                   SPBRGH   0x000fb0       data     extern E:\3.46\pic18-lt\cxx-framework\src\traditional\proc\p18f4620.asm
                   SSPADD   0x000fc8       data     extern E:\3.46\pic18-lt\cxx-framework\src\traditional\proc\p18f4620.asm
                   SSPBUF   0x000fc9       data     extern E:\3.46\pic18-lt\cxx-framework\src\traditional\proc\p18f4620.asm
                  SSPCON1   0x000fc6       data     extern E:\3.46\pic18-lt\cxx-framework\src\traditional\proc\p18f4620.asm
              SSPCON1bits   0x000fc6       data     extern E:\3.46\pic18-lt\cxx-framework\src\traditional\proc\p18f4620.asm
                  SSPCON2   0x000fc5       data     extern E:\3.46\pic18-lt\cxx-framework\src\traditional\proc\p18f4620.asm
              SSPCON2bits   0x000fc5       data     extern E:\3.46\pic18-lt\cxx-framework\src\traditional\proc\p18f4620.asm
                  SSPSTAT   0x000fc7       data     extern E:\3.46\pic18-lt\cxx-framework\src\traditional\proc\p18f4620.asm
              SSPSTATbits   0x000fc7       data     extern E:\3.46\pic18-lt\cxx-framework\src\traditional\proc\p18f4620.asm
                   STATUS   0x000fd8       data     extern E:\3.46\pic18-lt\cxx-framework\src\traditional\proc\p18f4620.asm
               STATUSbits   0x000fd8       data     extern E:\3.46\pic18-lt\cxx-framework\src\traditional\proc\p18f4620.asm
                   STKPTR   0x000ffc       data     extern E:\3.46\pic18-lt\cxx-framework\src\traditional\proc\p18f4620.asm
               STKPTRbits   0x000ffc       data     extern E:\3.46\pic18-lt\cxx-framework\src\traditional\proc\p18f4620.asm
                    T0CON   0x000fd5       data     extern E:\3.46\pic18-lt\cxx-framework\src\traditional\proc\p18f4620.asm
                T0CONbits   0x000fd5       data     extern E:\3.46\pic18-lt\cxx-framework\src\traditional\proc\p18f4620.asm
                    T1CON   0x000fcd       data     extern E:\3.46\pic18-lt\cxx-framework\src\traditional\proc\p18f4620.asm
                T1CONbits   0x000fcd       data     extern E:\3.46\pic18-lt\cxx-framework\src\traditional\proc\p18f4620.asm
                    T2CON   0x000fca       data     extern E:\3.46\pic18-lt\cxx-framework\src\traditional\proc\p18f4620.asm
                T2CONbits   0x000fca       data     extern E:\3.46\pic18-lt\cxx-framework\src\traditional\proc\p18f4620.asm
                    T3CON   0x000fb1       data     extern E:\3.46\pic18-lt\cxx-framework\src\traditional\proc\p18f4620.asm
                T3CONbits   0x000fb1       data     extern E:\3.46\pic18-lt\cxx-framework\src\traditional\proc\p18f4620.asm
                   TABLAT   0x000ff5       data     extern E:\3.46\pic18-lt\cxx-framework\src\traditional\proc\p18f4620.asm
                   TBLPTR   0x000ff6       data     extern E:\3.46\pic18-lt\cxx-framework\src\traditional\proc\p18f4620.asm
                  TBLPTRH   0x000ff7       data     extern E:\3.46\pic18-lt\cxx-framework\src\traditional\proc\p18f4620.asm
                  TBLPTRL   0x000ff6       data     extern E:\3.46\pic18-lt\cxx-framework\src\traditional\proc\p18f4620.asm
                  TBLPTRU   0x000ff8       data     extern E:\3.46\pic18-lt\cxx-framework\src\traditional\proc\p18f4620.asm
               TEMP_value   0x00017a       data     extern D:\Do_An\1FullProject\Bai5_TRAFFIC_UART\simulate_machine\simulate_machine.c
                    TMR0H   0x000fd7       data     extern E:\3.46\pic18-lt\cxx-framework\src\traditional\proc\p18f4620.asm
                    TMR0L   0x000fd6       data     extern E:\3.46\pic18-lt\cxx-framework\src\traditional\proc\p18f4620.asm
                    TMR1H   0x000fcf       data     extern E:\3.46\pic18-lt\cxx-framework\src\traditional\proc\p18f4620.asm
                    TMR1L   0x000fce       data     extern E:\3.46\pic18-lt\cxx-framework\src\traditional\proc\p18f4620.asm
                     TMR2   0x000fcc       data     extern E:\3.46\pic18-lt\cxx-framework\src\traditional\proc\p18f4620.asm
                    TMR3H   0x000fb3       data     extern E:\3.46\pic18-lt\cxx-framework\src\traditional\proc\p18f4620.asm
                    TMR3L   0x000fb2       data     extern E:\3.46\pic18-lt\cxx-framework\src\traditional\proc\p18f4620.asm
                      TOS   0x000ffd       data     extern E:\3.46\pic18-lt\cxx-framework\src\traditional\proc\p18f4620.asm
                     TOSH   0x000ffe       data     extern E:\3.46\pic18-lt\cxx-framework\src\traditional\proc\p18f4620.asm
                     TOSL   0x000ffd       data     extern E:\3.46\pic18-lt\cxx-framework\src\traditional\proc\p18f4620.asm
                     TOSU   0x000fff       data     extern E:\3.46\pic18-lt\cxx-framework\src\traditional\proc\p18f4620.asm
                    TRISA   0x000f92       data     extern E:\3.46\pic18-lt\cxx-framework\src\traditional\proc\p18f4620.asm
                TRISAbits   0x000f92       data     extern E:\3.46\pic18-lt\cxx-framework\src\traditional\proc\p18f4620.asm
                    TRISB   0x000f93       data     extern E:\3.46\pic18-lt\cxx-framework\src\traditional\proc\p18f4620.asm
                TRISBbits   0x000f93       data     extern E:\3.46\pic18-lt\cxx-framework\src\traditional\proc\p18f4620.asm
                    TRISC   0x000f94       data     extern E:\3.46\pic18-lt\cxx-framework\src\traditional\proc\p18f4620.asm
                TRISCbits   0x000f94       data     extern E:\3.46\pic18-lt\cxx-framework\src\traditional\proc\p18f4620.asm
                    TRISD   0x000f95       data     extern E:\3.46\pic18-lt\cxx-framework\src\traditional\proc\p18f4620.asm
                TRISDbits   0x000f95       data     extern E:\3.46\pic18-lt\cxx-framework\src\traditional\proc\p18f4620.asm
                    TRISE   0x000f96       data     extern E:\3.46\pic18-lt\cxx-framework\src\traditional\proc\p18f4620.asm
                TRISEbits   0x000f96       data     extern E:\3.46\pic18-lt\cxx-framework\src\traditional\proc\p18f4620.asm
                TSS_value   0x00017e       data     extern D:\Do_An\1FullProject\Bai5_TRAFFIC_UART\simulate_machine\simulate_machine.c
                    TXREG   0x000fad       data     extern E:\3.46\pic18-lt\cxx-framework\src\traditional\proc\p18f4620.asm
                    TXSTA   0x000fac       data     extern E:\3.46\pic18-lt\cxx-framework\src\traditional\proc\p18f4620.asm
                TXSTAbits   0x000fac       data     extern E:\3.46\pic18-lt\cxx-framework\src\traditional\proc\p18f4620.asm
          TimeLine_Phase1   0x000126       data     extern D:\Do_An\1FullProject\Bai5_TRAFFIC_UART\main.c
          TimeLine_Phase2   0x000127       data     extern D:\Do_An\1FullProject\Bai5_TRAFFIC_UART\main.c
                 UserFont   0x000f00       data     extern D:\Do_An\1FullProject\Bai5_TRAFFIC_UART\lcd\lcd.c
                        W   0x000fe8       data     extern E:\3.46\pic18-lt\cxx-framework\src\traditional\proc\p18f4620.asm
                   WDTCON   0x000fd1       data     extern E:\3.46\pic18-lt\cxx-framework\src\traditional\proc\p18f4620.asm
               WDTCONbits   0x000fd1       data     extern E:\3.46\pic18-lt\cxx-framework\src\traditional\proc\p18f4620.asm
                     WREG   0x000fe8       data     extern E:\3.46\pic18-lt\cxx-framework\src\traditional\proc\p18f4620.asm
             WaitResponse   0x000171       data     extern D:\Do_An\1FullProject\Bai5_TRAFFIC_UART\simulate_machine\simulate_machine.c
               YellowTime   0x000124       data     extern D:\Do_An\1FullProject\Bai5_TRAFFIC_UART\main.c
                 __AARGB0   0x000009       data     extern E:\3.46\pic18-lt\cxx-framework\src\traditional\math\aarg.asm
                 __AARGB1   0x000008       data     extern E:\3.46\pic18-lt\cxx-framework\src\traditional\math\aarg.asm
                 __AARGB2   0x000007       data     extern E:\3.46\pic18-lt\cxx-framework\src\traditional\math\aarg.asm
                 __AARGB3   0x000006       data     extern E:\3.46\pic18-lt\cxx-framework\src\traditional\math\aarg.asm
                 __AARGB4   0x000005       data     extern E:\3.46\pic18-lt\cxx-framework\src\traditional\math\aarg.asm
                 __AARGB5   0x000004       data     extern E:\3.46\pic18-lt\cxx-framework\src\traditional\math\aarg.asm
                 __AARGB6   0x000003       data     extern E:\3.46\pic18-lt\cxx-framework\src\traditional\math\aarg.asm
                 __AARGB7   0x000002       data     extern E:\3.46\pic18-lt\cxx-framework\src\traditional\math\aarg.asm
                   __AEXP   0x00000a       data     extern E:\3.46\pic18-lt\cxx-framework\src\traditional\math\aarg.asm
                 __BARGB0   0x00000e       data     extern E:\3.46\pic18-lt\cxx-framework\src\traditional\math\barg.asm
                 __BARGB1   0x00000d       data     extern E:\3.46\pic18-lt\cxx-framework\src\traditional\math\barg.asm
                 __BARGB2   0x00000c       data     extern E:\3.46\pic18-lt\cxx-framework\src\traditional\math\barg.asm
                 __BARGB3   0x00000b       data     extern E:\3.46\pic18-lt\cxx-framework\src\traditional\math\barg.asm
                   __BEXP   0x00000f       data     extern E:\3.46\pic18-lt\cxx-framework\src\traditional\math\barg.asm
                __FPFLAGS   0x000001       data     extern E:\3.46\pic18-lt\cxx-framework\src\traditional\math\cmath18.asm
            __FPFLAGSbits   0x000001       data     extern E:\3.46\pic18-lt\cxx-framework\src\traditional\math\cmath18.asm
                  __REMB0   0x000005       data     extern E:\3.46\pic18-lt\cxx-framework\src\traditional\math\aarg.asm
                  __REMB1   0x000004       data     extern E:\3.46\pic18-lt\cxx-framework\src\traditional\math\aarg.asm
                  __REMB2   0x000003       data     extern E:\3.46\pic18-lt\cxx-framework\src\traditional\math\aarg.asm
                  __REMB3   0x000002       data     extern E:\3.46\pic18-lt\cxx-framework\src\traditional\math\aarg.asm
                  __tmp_0   0x000010       data     static D:\Do_An\1FullProject\Bai5_TRAFFIC_UART\button_matrix\button.c
                  __tmp_0   0x000010       data     static D:\Do_An\1FullProject\Bai5_TRAFFIC_UART\main.c
                  __tmp_0   0x000010       data     static D:\Do_An\1FullProject\Bai5_TRAFFIC_UART\timer\timer.c
                  __tmp_0   0x000010       data     static D:\Do_An\1FullProject\Bai5_TRAFFIC_UART\lcd\lcd.c
                  __tmp_0   0x000010       data     static D:\Do_An\1FullProject\Bai5_TRAFFIC_UART\i2c\i2c.c
                  __tmp_0   0x000010       data     static D:\Do_An\1FullProject\Bai5_TRAFFIC_UART\adc\adc.c
                  __tmp_0   0x000010       data     static D:\Do_An\1FullProject\Bai5_TRAFFIC_UART\uart\uart.c
                  __tmp_0   0x000010       data     static D:\Do_An\1FullProject\Bai5_TRAFFIC_UART\simulate_machine\simulate_machine.c
                  ack_bit   0x000191       data     extern D:\Do_An\1FullProject\Bai5_TRAFFIC_UART\i2c\i2c.c
                 ack_flag   0x0000fd       data     extern D:\Do_An\1FullProject\Bai5_TRAFFIC_UART\i2c\i2c.c
                adc_value   0x000f61       data     extern D:\Do_An\1FullProject\Bai5_TRAFFIC_UART\adc\adc.c
         arrayMapOfOutput   0x000100       data     extern D:\Do_An\1FullProject\Bai5_TRAFFIC_UART\main.c
      arrayMaskInputOfKey   0x00014c       data     extern D:\Do_An\1FullProject\Bai5_TRAFFIC_UART\button_matrix\button.c
     arrayMaskOutputOfKey   0x000148       data     extern D:\Do_An\1FullProject\Bai5_TRAFFIC_UART\button_matrix\button.c
                 byte_num   0x0000e6       data     extern D:\Do_An\1FullProject\Bai5_TRAFFIC_UART\i2c\i2c.c
                     cnt0   0x00018d       data     extern D:\Do_An\1FullProject\Bai5_TRAFFIC_UART\interrupt\interrupt.c
                     cnt1   0x00018f       data     extern D:\Do_An\1FullProject\Bai5_TRAFFIC_UART\interrupt\interrupt.c
              counterMode   0x000122       data     extern D:\Do_An\1FullProject\Bai5_TRAFFIC_UART\main.c
             counterTimer   0x000121       data     extern D:\Do_An\1FullProject\Bai5_TRAFFIC_UART\main.c
                curr_byte   0x000186       data     static E:\3.46\pic18-lt\cxx-framework\src\traditional\startup\c018i.c
               curr_entry   0x000188       data     static E:\3.46\pic18-lt\cxx-framework\src\traditional\startup\c018i.c
              current_col   0x000f7d       data     extern D:\Do_An\1FullProject\Bai5_TRAFFIC_UART\lcd\lcd.c
              current_row   0x000f7b       data     extern D:\Do_An\1FullProject\Bai5_TRAFFIC_UART\lcd\lcd.c
              dataReceive   0x000081       data     extern D:\Do_An\1FullProject\Bai5_TRAFFIC_UART\simulate_machine\simulate_machine.c
                 dataSend   0x0000b3       data     extern D:\Do_An\1FullProject\Bai5_TRAFFIC_UART\simulate_machine\simulate_machine.c
                 data_ptr   0x00018a       data     static E:\3.46\pic18-lt\cxx-framework\src\traditional\startup\c018i.c
               duty_cycle   0x000192       data     extern D:\Do_An\1FullProject\Bai5_TRAFFIC_UART\pwm\pwm.c
flagOfDataReceiveComplete   0x000173       data     extern D:\Do_An\1FullProject\Bai5_TRAFFIC_UART\simulate_machine\simulate_machine.c
                flag_read   0x0000e5       data     extern D:\Do_An\1FullProject\Bai5_TRAFFIC_UART\i2c\i2c.c
              flag_timer0   0x000158       data     extern D:\Do_An\1FullProject\Bai5_TRAFFIC_UART\timer\timer.c
              flag_timer1   0x000159       data     extern D:\Do_An\1FullProject\Bai5_TRAFFIC_UART\timer\timer.c
              flag_timer2   0x00015a       data     extern D:\Do_An\1FullProject\Bai5_TRAFFIC_UART\timer\timer.c
              flag_timer3   0x00015b       data     extern D:\Do_An\1FullProject\Bai5_TRAFFIC_UART\timer\timer.c
                        i   0x000080       data     extern D:\Do_An\1FullProject\Bai5_TRAFFIC_UART\simulate_machine\simulate_machine.c
                 i2c_data   0x0000ff       data     extern D:\Do_An\1FullProject\Bai5_TRAFFIC_UART\i2c\i2c.c
       indexOfDataReceive   0x000175       data     extern D:\Do_An\1FullProject\Bai5_TRAFFIC_UART\simulate_machine\simulate_machine.c
           indexOfMachine   0x000174       data     extern D:\Do_An\1FullProject\Bai5_TRAFFIC_UART\simulate_machine\simulate_machine.c
          indexOfdataSend   0x000176       data     extern D:\Do_An\1FullProject\Bai5_TRAFFIC_UART\simulate_machine\simulate_machine.c
                index_add   0x0000e7       data     extern D:\Do_An\1FullProject\Bai5_TRAFFIC_UART\i2c\i2c.c
                 key_code   0x000128       data     extern D:\Do_An\1FullProject\Bai5_TRAFFIC_UART\button_matrix\button.c
      numberOfDataReceive   0x000177       data     extern D:\Do_An\1FullProject\Bai5_TRAFFIC_UART\simulate_machine\simulate_machine.c
         numberOfDataSend   0x000178       data     extern D:\Do_An\1FullProject\Bai5_TRAFFIC_UART\simulate_machine\simulate_machine.c
                 pH_value   0x00017b       data     extern D:\Do_An\1FullProject\Bai5_TRAFFIC_UART\simulate_machine\simulate_machine.c
                     prom   0x000183       data     static E:\3.46\pic18-lt\cxx-framework\src\traditional\startup\c018i.c
                read_data   0x0000f3       data     extern D:\Do_An\1FullProject\Bai5_TRAFFIC_UART\i2c\i2c.c
             receive_data   0x0000fe       data     extern D:\Do_An\1FullProject\Bai5_TRAFFIC_UART\i2c\i2c.c
             receive_flag   0x0000fc       data     extern D:\Do_An\1FullProject\Bai5_TRAFFIC_UART\i2c\i2c.c
                    speed   0x000f7f       data     extern D:\Do_An\1FullProject\Bai5_TRAFFIC_UART\pwm\pwm.c
                   status   0x000112       data     extern D:\Do_An\1FullProject\Bai5_TRAFFIC_UART\main.c
                statusLCD   0x000f40       data     extern D:\Do_An\1FullProject\Bai5_TRAFFIC_UART\lcd\lcd.c
              statusLight   0x000120       data     extern D:\Do_An\1FullProject\Bai5_TRAFFIC_UART\main.c
              statusOfApp   0x00011d       data     extern D:\Do_An\1FullProject\Bai5_TRAFFIC_UART\main.c
             statusOutput   0x000109       data     extern D:\Do_An\1FullProject\Bai5_TRAFFIC_UART\main.c
            statusReceive   0x000172       data     extern D:\Do_An\1FullProject\Bai5_TRAFFIC_UART\simulate_machine\simulate_machine.c
             statusSim900   0x000170       data     extern D:\Do_An\1FullProject\Bai5_TRAFFIC_UART\simulate_machine\simulate_machine.c
            status_phase1   0x00011e       data     extern D:\Do_An\1FullProject\Bai5_TRAFFIC_UART\main.c
            status_phase2   0x00011f       data     extern D:\Do_An\1FullProject\Bai5_TRAFFIC_UART\main.c
                tempCount   0x000179       data     extern D:\Do_An\1FullProject\Bai5_TRAFFIC_UART\simulate_machine\simulate_machine.c
                time0_MUL   0x000168       data     extern D:\Do_An\1FullProject\Bai5_TRAFFIC_UART\timer\timer.c
                time1_MUL   0x00016a       data     extern D:\Do_An\1FullProject\Bai5_TRAFFIC_UART\timer\timer.c
                time2_MUL   0x00016c       data     extern D:\Do_An\1FullProject\Bai5_TRAFFIC_UART\timer\timer.c
                time3_MUL   0x00016e       data     extern D:\Do_An\1FullProject\Bai5_TRAFFIC_UART\timer\timer.c
       timeChangedataSend   0x000181       data     extern D:\Do_An\1FullProject\Bai5_TRAFFIC_UART\simulate_machine\simulate_machine.c
               timer0_cnt   0x000160       data     extern D:\Do_An\1FullProject\Bai5_TRAFFIC_UART\timer\timer.c
             timer0_value   0x000150       data     extern D:\Do_An\1FullProject\Bai5_TRAFFIC_UART\timer\timer.c
               timer1_cnt   0x000162       data     extern D:\Do_An\1FullProject\Bai5_TRAFFIC_UART\timer\timer.c
             timer1_value   0x000152       data     extern D:\Do_An\1FullProject\Bai5_TRAFFIC_UART\timer\timer.c
               timer2_cnt   0x000164       data     extern D:\Do_An\1FullProject\Bai5_TRAFFIC_UART\timer\timer.c
             timer2_value   0x000154       data     extern D:\Do_An\1FullProject\Bai5_TRAFFIC_UART\timer\timer.c
               timer3_cnt   0x000166       data     extern D:\Do_An\1FullProject\Bai5_TRAFFIC_UART\timer\timer.c
             timer3_value   0x000156       data     extern D:\Do_An\1FullProject\Bai5_TRAFFIC_UART\timer\timer.c
                   v_cnt0   0x00015c       data     extern D:\Do_An\1FullProject\Bai5_TRAFFIC_UART\timer\timer.c
                   v_cnt1   0x00015e       data     extern D:\Do_An\1FullProject\Bai5_TRAFFIC_UART\timer\timer.c
               write_data   0x0000e8       data     extern D:\Do_An\1FullProject\Bai5_TRAFFIC_UART\i2c\i2c.c



                              Symbols - Sorted by Address
                     Name    Address   Location    Storage File                     
                ---------  ---------  ---------  --------- ---------                
                   _entry   0x000000    program     extern E:\3.46\pic18-lt\cxx-framework\src\traditional\startup\c018i.c
       ___return_lbl00000   0x000004    program     static                          
                   __init   0x000006    program     extern E:\3.46\pic18-lt\cxx-framework\src\traditional\stdclib\__init.c
      InterruptVectorHigh   0x000008    program     extern D:\Do_An\1FullProject\Bai5_TRAFFIC_UART\interrupt\interrupt.c
       ___return_lbl00003   0x00000c    program     static                          
       InterruptVectorLow   0x000018    program     extern D:\Do_An\1FullProject\Bai5_TRAFFIC_UART\interrupt\interrupt.c
       ___return_lbl00002   0x00001c    program     static                          
                lcd_delay   0x000080    program     extern D:\Do_An\1FullProject\Bai5_TRAFFIC_UART\lcd\lcd.c
                 v_timer0   0x000110    program     extern D:\Do_An\1FullProject\Bai5_TRAFFIC_UART\lcd\lcd.c
          lcd_sendCommand   0x0001a0    program     extern D:\Do_An\1FullProject\Bai5_TRAFFIC_UART\lcd\lcd.c
                 lcd_init   0x000220    program     extern D:\Do_An\1FullProject\Bai5_TRAFFIC_UART\lcd\lcd.c
          lcd_read_status   0x000330    program     extern D:\Do_An\1FullProject\Bai5_TRAFFIC_UART\lcd\lcd.c
            lcd_wait_busy   0x0003e6    program     extern D:\Do_An\1FullProject\Bai5_TRAFFIC_UART\lcd\lcd.c
          lcd_write_4bits   0x000406    program     extern D:\Do_An\1FullProject\Bai5_TRAFFIC_UART\lcd\lcd.c
            lcd_write_cmd   0x00044c    program     extern D:\Do_An\1FullProject\Bai5_TRAFFIC_UART\lcd\lcd.c
           lcd_write_data   0x000488    program     extern D:\Do_An\1FullProject\Bai5_TRAFFIC_UART\lcd\lcd.c
              lcd_putchar   0x0004c6    program     extern D:\Do_An\1FullProject\Bai5_TRAFFIC_UART\lcd\lcd.c
           lcd_print_char   0x0004e0    program     extern D:\Do_An\1FullProject\Bai5_TRAFFIC_UART\lcd\lcd.c
            lcd_print_str   0x0004fa    program     extern D:\Do_An\1FullProject\Bai5_TRAFFIC_UART\lcd\lcd.c
           lcd_set_cursor   0x00053a    program     extern D:\Do_An\1FullProject\Bai5_TRAFFIC_UART\lcd\lcd.c
                lcd_clear   0x000574    program     extern D:\Do_An\1FullProject\Bai5_TRAFFIC_UART\lcd\lcd.c
             lcd_power_of   0x000588    program     extern D:\Do_An\1FullProject\Bai5_TRAFFIC_UART\lcd\lcd.c
            lcd_print_num   0x00066a    program     extern D:\Do_An\1FullProject\Bai5_TRAFFIC_UART\lcd\lcd.c
              LcdPrintNum   0x0008a0    program     extern D:\Do_An\1FullProject\Bai5_TRAFFIC_UART\lcd\lcd.c
           LcdPrintString   0x0008e8    program     extern D:\Do_An\1FullProject\Bai5_TRAFFIC_UART\lcd\lcd.c
          lcd_print_charS   0x00091c    program     extern D:\Do_An\1FullProject\Bai5_TRAFFIC_UART\lcd\lcd.c
                LcdClearS   0x000962    program     extern D:\Do_An\1FullProject\Bai5_TRAFFIC_UART\lcd\lcd.c
         DisplayLcdScreen   0x0009c0    program     extern D:\Do_An\1FullProject\Bai5_TRAFFIC_UART\lcd\lcd.c
        DisplayLcdScreen2   0x000ab8    program     extern D:\Do_An\1FullProject\Bai5_TRAFFIC_UART\lcd\lcd.c
      DisplayLcdScreenOld   0x000b3e    program     extern D:\Do_An\1FullProject\Bai5_TRAFFIC_UART\lcd\lcd.c
            LcdPrintCharS   0x000ba8    program     extern D:\Do_An\1FullProject\Bai5_TRAFFIC_UART\lcd\lcd.c
             LcdPrintNumS   0x000c1c    program     extern D:\Do_An\1FullProject\Bai5_TRAFFIC_UART\lcd\lcd.c
          LcdPrintStringS   0x000e6a    program     extern D:\Do_An\1FullProject\Bai5_TRAFFIC_UART\lcd\lcd.c
                     main   0x000ec0    program     extern D:\Do_An\1FullProject\Bai5_TRAFFIC_UART\main.c
                 delay_ms   0x000f0a    program     extern D:\Do_An\1FullProject\Bai5_TRAFFIC_UART\main.c
              init_output   0x000f92    program     extern D:\Do_An\1FullProject\Bai5_TRAFFIC_UART\main.c
              init_system   0x000f9e    program     extern D:\Do_An\1FullProject\Bai5_TRAFFIC_UART\main.c
               OpenOutput   0x00101e    program     extern D:\Do_An\1FullProject\Bai5_TRAFFIC_UART\main.c
              CloseOutput   0x0010a0    program     extern D:\Do_An\1FullProject\Bai5_TRAFFIC_UART\main.c
            ReverseOutput   0x001122    program     extern D:\Do_An\1FullProject\Bai5_TRAFFIC_UART\main.c
               TestOutput   0x00119e    program     extern D:\Do_An\1FullProject\Bai5_TRAFFIC_UART\main.c
              HC595_write   0x00121c    program     extern D:\Do_An\1FullProject\Bai5_TRAFFIC_UART\main.c
              display7Seg   0x0012ae    program     extern D:\Do_An\1FullProject\Bai5_TRAFFIC_UART\main.c
        displayTrafficLed   0x0012ea    program     extern D:\Do_An\1FullProject\Bai5_TRAFFIC_UART\main.c
          AppTrafficLight   0x0013e4    program     extern D:\Do_An\1FullProject\Bai5_TRAFFIC_UART\main.c
             isButtonNext   0x0015f0    program     extern D:\Do_An\1FullProject\Bai5_TRAFFIC_UART\main.c
          ButtonCounterUp   0x001600    program     extern D:\Do_An\1FullProject\Bai5_TRAFFIC_UART\main.c
        ButtonCounterDown   0x001666    program     extern D:\Do_An\1FullProject\Bai5_TRAFFIC_UART\main.c
            isButtonApply   0x0016ce    program     extern D:\Do_An\1FullProject\Bai5_TRAFFIC_UART\main.c
             appRunNormal   0x00174a    program     extern D:\Do_An\1FullProject\Bai5_TRAFFIC_UART\main.c
         appRunYellowMode   0x001750    program     extern D:\Do_An\1FullProject\Bai5_TRAFFIC_UART\main.c
          appRunGreenMode   0x0017aa    program     extern D:\Do_An\1FullProject\Bai5_TRAFFIC_UART\main.c
      appRunNormal_Phase1   0x001806    program     extern D:\Do_An\1FullProject\Bai5_TRAFFIC_UART\main.c
      appRunNormal_Phase2   0x001900    program     extern D:\Do_An\1FullProject\Bai5_TRAFFIC_UART\main.c
          init_key_matrix   0x0019fa    program     extern D:\Do_An\1FullProject\Bai5_TRAFFIC_UART\button_matrix\button.c
init_key_matrix_with_uart_i2c   0x001a02    program     extern D:\Do_An\1FullProject\Bai5_TRAFFIC_UART\button_matrix\button.c
          scan_key_matrix   0x001a12    program     extern D:\Do_An\1FullProject\Bai5_TRAFFIC_UART\button_matrix\button.c
scan_key_matrix_with_uart   0x001b70    program     extern D:\Do_An\1FullProject\Bai5_TRAFFIC_UART\button_matrix\button.c
   scan_key_matrix_1_line   0x001cd0    program     extern D:\Do_An\1FullProject\Bai5_TRAFFIC_UART\button_matrix\button.c
scan_key_matrix_with_uart_i2c   0x001e04    program     extern D:\Do_An\1FullProject\Bai5_TRAFFIC_UART\button_matrix\button.c
          button_delay_ms   0x001f4c    program     extern D:\Do_An\1FullProject\Bai5_TRAFFIC_UART\button_matrix\button.c
     scan_key_matrix_demo   0x001fd4    program     extern D:\Do_An\1FullProject\Bai5_TRAFFIC_UART\button_matrix\button.c
scan_key_matrix_new_board   0x0020fa    program     extern D:\Do_An\1FullProject\Bai5_TRAFFIC_UART\button_matrix\button.c
init_key_matrix_new_board   0x00219a    program     extern D:\Do_An\1FullProject\Bai5_TRAFFIC_UART\button_matrix\button.c
              init_timer0   0x0021ae    program     extern D:\Do_An\1FullProject\Bai5_TRAFFIC_UART\timer\timer.c
              stop_timer0   0x002262    program     extern D:\Do_An\1FullProject\Bai5_TRAFFIC_UART\timer\timer.c
             start_timer0   0x002266    program     extern D:\Do_An\1FullProject\Bai5_TRAFFIC_UART\timer\timer.c
              init_timer1   0x0022f2    program     extern D:\Do_An\1FullProject\Bai5_TRAFFIC_UART\timer\timer.c
             start_timer1   0x0023ac    program     extern D:\Do_An\1FullProject\Bai5_TRAFFIC_UART\timer\timer.c
              stop_timer1   0x002438    program     extern D:\Do_An\1FullProject\Bai5_TRAFFIC_UART\timer\timer.c
              init_timer2   0x00243c    program     extern D:\Do_An\1FullProject\Bai5_TRAFFIC_UART\timer\timer.c
             start_timer2   0x002468    program     extern D:\Do_An\1FullProject\Bai5_TRAFFIC_UART\timer\timer.c
              stop_timer2   0x002470    program     extern D:\Do_An\1FullProject\Bai5_TRAFFIC_UART\timer\timer.c
              init_timer3   0x002474    program     extern D:\Do_An\1FullProject\Bai5_TRAFFIC_UART\timer\timer.c
             start_timer3   0x00252a    program     extern D:\Do_An\1FullProject\Bai5_TRAFFIC_UART\timer\timer.c
              stop_timer3   0x0025b6    program     extern D:\Do_An\1FullProject\Bai5_TRAFFIC_UART\timer\timer.c
               timer0_isr   0x0025ba    program     extern D:\Do_An\1FullProject\Bai5_TRAFFIC_UART\timer\timer.c
               timer1_isr   0x0025d6    program     extern D:\Do_An\1FullProject\Bai5_TRAFFIC_UART\timer\timer.c
               timer2_isr   0x0025f2    program     extern D:\Do_An\1FullProject\Bai5_TRAFFIC_UART\timer\timer.c
               timer3_isr   0x00260e    program     extern D:\Do_An\1FullProject\Bai5_TRAFFIC_UART\timer\timer.c
             SetTimer0_ms   0x00262a    program     extern D:\Do_An\1FullProject\Bai5_TRAFFIC_UART\timer\timer.c
             SetTimer1_ms   0x00264e    program     extern D:\Do_An\1FullProject\Bai5_TRAFFIC_UART\timer\timer.c
             SetTimer3_ms   0x00268c    program     extern D:\Do_An\1FullProject\Bai5_TRAFFIC_UART\timer\timer.c
                  BCD2Dec   0x0026ca    program     extern D:\Do_An\1FullProject\Bai5_TRAFFIC_UART\i2c\i2c.c
                  Dec2BCD   0x002708    program     extern D:\Do_An\1FullProject\Bai5_TRAFFIC_UART\i2c\i2c.c
                 init_i2c   0x00275e    program     extern D:\Do_An\1FullProject\Bai5_TRAFFIC_UART\i2c\i2c.c
           ds1307_control   0x002776    program     extern D:\Do_An\1FullProject\Bai5_TRAFFIC_UART\i2c\i2c.c
           eeprom_control   0x002794    program     extern D:\Do_An\1FullProject\Bai5_TRAFFIC_UART\i2c\i2c.c
                i2c_start   0x0027b2    program     extern D:\Do_An\1FullProject\Bai5_TRAFFIC_UART\i2c\i2c.c
                 i2c_stop   0x0027bc    program     extern D:\Do_An\1FullProject\Bai5_TRAFFIC_UART\i2c\i2c.c
                i2c_write   0x0027c6    program     extern D:\Do_An\1FullProject\Bai5_TRAFFIC_UART\i2c\i2c.c
                 i2c_read   0x0027e2    program     extern D:\Do_An\1FullProject\Bai5_TRAFFIC_UART\i2c\i2c.c
                  i2c_ack   0x0027ee    program     extern D:\Do_An\1FullProject\Bai5_TRAFFIC_UART\i2c\i2c.c
                  i2c_nak   0x0027fa    program     extern D:\Do_An\1FullProject\Bai5_TRAFFIC_UART\i2c\i2c.c
             write_ds1307   0x002806    program     extern D:\Do_An\1FullProject\Bai5_TRAFFIC_UART\i2c\i2c.c
             write_eeprom   0x002870    program     extern D:\Do_An\1FullProject\Bai5_TRAFFIC_UART\i2c\i2c.c
              read_ds1307   0x0028fe    program     extern D:\Do_An\1FullProject\Bai5_TRAFFIC_UART\i2c\i2c.c
              read_eeprom   0x002974    program     extern D:\Do_An\1FullProject\Bai5_TRAFFIC_UART\i2c\i2c.c
           init_interrupt   0x002a0a    program     extern D:\Do_An\1FullProject\Bai5_TRAFFIC_UART\interrupt\interrupt.c
            init_ext_int0   0x002a12    program     extern D:\Do_An\1FullProject\Bai5_TRAFFIC_UART\interrupt\interrupt.c
                  low_isr   0x002a1a    program     extern D:\Do_An\1FullProject\Bai5_TRAFFIC_UART\interrupt\interrupt.c
                 high_isr   0x002b16    program     extern D:\Do_An\1FullProject\Bai5_TRAFFIC_UART\interrupt\interrupt.c
                init_uart   0x002bfe    program     extern D:\Do_An\1FullProject\Bai5_TRAFFIC_UART\uart\uart.c
            uart_delay_ms   0x002c1c    program     extern D:\Do_An\1FullProject\Bai5_TRAFFIC_UART\uart\uart.c
             uart_putchar   0x002ca4    program     extern D:\Do_An\1FullProject\Bai5_TRAFFIC_UART\uart\uart.c
            uart_send_str   0x002cc0    program     extern D:\Do_An\1FullProject\Bai5_TRAFFIC_UART\uart\uart.c
           UartSendString   0x002d00    program     extern D:\Do_An\1FullProject\Bai5_TRAFFIC_UART\uart\uart.c
                 uart_isr   0x002d4c    program     extern D:\Do_An\1FullProject\Bai5_TRAFFIC_UART\uart\uart.c
uart_isr_simulate_machine   0x002d50    program     extern D:\Do_An\1FullProject\Bai5_TRAFFIC_UART\simulate_machine\simulate_machine.c
         SimulatedataSend   0x002de4    program     extern D:\Do_An\1FullProject\Bai5_TRAFFIC_UART\simulate_machine\simulate_machine.c
       DisplayDataReceive   0x002de6    program     extern D:\Do_An\1FullProject\Bai5_TRAFFIC_UART\simulate_machine\simulate_machine.c
                 FXD1616S   0x002e82    program     extern E:\3.46\pic18-lt\cxx-framework\src\traditional\math\fxd1616s.asm
                  DA1616S   0x002e94    program     static E:\3.46\pic18-lt\cxx-framework\src\traditional\math\fxd1616s.asm
                   D1616S   0x002ea4    program     static E:\3.46\pic18-lt\cxx-framework\src\traditional\math\fxd1616s.asm
                 D1616SOK   0x002eae    program     static E:\3.46\pic18-lt\cxx-framework\src\traditional\math\fxd1616s.asm
                D1616SNEG   0x002eb2    program     static E:\3.46\pic18-lt\cxx-framework\src\traditional\math\fxd1616s.asm
                  D1616SX   0x002ec4    program     static E:\3.46\pic18-lt\cxx-framework\src\traditional\math\fxd1616s.asm
                 FXD2424S   0x002ece    program     extern E:\3.46\pic18-lt\cxx-framework\src\traditional\math\fxd2424s.asm
                  DA2424S   0x002ee4    program     static E:\3.46\pic18-lt\cxx-framework\src\traditional\math\fxd2424s.asm
                   D2424S   0x002ef8    program     static E:\3.46\pic18-lt\cxx-framework\src\traditional\math\fxd2424s.asm
                 D2424SOK   0x002f02    program     static E:\3.46\pic18-lt\cxx-framework\src\traditional\math\fxd2424s.asm
                D2424SNEG   0x002f06    program     static E:\3.46\pic18-lt\cxx-framework\src\traditional\math\fxd2424s.asm
                  D2424SX   0x002f1e    program     static E:\3.46\pic18-lt\cxx-framework\src\traditional\math\fxd2424s.asm
                _do_cinit   0x002f28    program     extern E:\3.46\pic18-lt\cxx-framework\src\traditional\startup\c018i.c
                     test   0x002f42    program     static                          
                copy_loop   0x002f9a    program     static                          
            copy_one_byte   0x002fa0    program     static                          
             done_copying   0x002fae    program     static                          
       ___return_lbl00002   0x002fc4    program     static                          
                     done   0x002fc4    program     static                          
                 init_adc   0x002fc6    program     extern D:\Do_An\1FullProject\Bai5_TRAFFIC_UART\adc\adc.c
            get_adc_value   0x002fd8    program     extern D:\Do_An\1FullProject\Bai5_TRAFFIC_UART\adc\adc.c
                  FXM3232   0x003056    program     extern E:\3.46\pic18-lt\cxx-framework\src\traditional\math\fxm3232.c
       ___return_lbl00000   0x0030c4    program     static                          
               __string_7   0x0030c6    program     static D:\Do_An\1FullProject\Bai5_TRAFFIC_UART\main.c
               __string_6   0x0030c9    program     static D:\Do_An\1FullProject\Bai5_TRAFFIC_UART\main.c
               __string_5   0x0030da    program     static D:\Do_An\1FullProject\Bai5_TRAFFIC_UART\main.c
               __string_4   0x0030eb    program     static D:\Do_An\1FullProject\Bai5_TRAFFIC_UART\main.c
[...]
                TRISBbits   0x000f93       data     extern E:\3.46\pic18-lt\cxx-framework\src\traditional\proc\p18f4620.asm
                    TRISB   0x000f93       data     extern E:\3.46\pic18-lt\cxx-framework\src\traditional\proc\p18f4620.asm
                     DDRB   0x000f93       data     extern E:\3.46\pic18-lt\cxx-framework\src\traditional\proc\p18f4620.asm
                    TRISC   0x000f94       data     extern E:\3.46\pic18-lt\cxx-framework\src\traditional\proc\p18f4620.asm
                TRISCbits   0x000f94       data     extern E:\3.46\pic18-lt\cxx-framework\src\traditional\proc\p18f4620.asm
                     DDRC   0x000f94       data     extern E:\3.46\pic18-lt\cxx-framework\src\traditional\proc\p18f4620.asm
                 DDRCbits   0x000f94       data     extern E:\3.46\pic18-lt\cxx-framework\src\traditional\proc\p18f4620.asm
                     DDRD   0x000f95       data     extern E:\3.46\pic18-lt\cxx-framework\src\traditional\proc\p18f4620.asm
                 DDRDbits   0x000f95       data     extern E:\3.46\pic18-lt\cxx-framework\src\traditional\proc\p18f4620.asm
                    TRISD   0x000f95       data     extern E:\3.46\pic18-lt\cxx-framework\src\traditional\proc\p18f4620.asm
                TRISDbits   0x000f95       data     extern E:\3.46\pic18-lt\cxx-framework\src\traditional\proc\p18f4620.asm
                     DDRE   0x000f96       data     extern E:\3.46\pic18-lt\cxx-framework\src\traditional\proc\p18f4620.asm
                 DDREbits   0x000f96       data     extern E:\3.46\pic18-lt\cxx-framework\src\traditional\proc\p18f4620.asm
                    TRISE   0x000f96       data     extern E:\3.46\pic18-lt\cxx-framework\src\traditional\proc\p18f4620.asm
                TRISEbits   0x000f96       data     extern E:\3.46\pic18-lt\cxx-framework\src\traditional\proc\p18f4620.asm
              OSCTUNEbits   0x000f9b       data     extern E:\3.46\pic18-lt\cxx-framework\src\traditional\proc\p18f4620.asm
                  OSCTUNE   0x000f9b       data     extern E:\3.46\pic18-lt\cxx-framework\src\traditional\proc\p18f4620.asm
                 PIE1bits   0x000f9d       data     extern E:\3.46\pic18-lt\cxx-framework\src\traditional\proc\p18f4620.asm
                     PIE1   0x000f9d       data     extern E:\3.46\pic18-lt\cxx-framework\src\traditional\proc\p18f4620.asm
                 PIR1bits   0x000f9e       data     extern E:\3.46\pic18-lt\cxx-framework\src\traditional\proc\p18f4620.asm
                     PIR1   0x000f9e       data     extern E:\3.46\pic18-lt\cxx-framework\src\traditional\proc\p18f4620.asm
                 IPR1bits   0x000f9f       data     extern E:\3.46\pic18-lt\cxx-framework\src\traditional\proc\p18f4620.asm
                     IPR1   0x000f9f       data     extern E:\3.46\pic18-lt\cxx-framework\src\traditional\proc\p18f4620.asm
                 PIE2bits   0x000fa0       data     extern E:\3.46\pic18-lt\cxx-framework\src\traditional\proc\p18f4620.asm
                     PIE2   0x000fa0       data     extern E:\3.46\pic18-lt\cxx-framework\src\traditional\proc\p18f4620.asm
                 PIR2bits   0x000fa1       data     extern E:\3.46\pic18-lt\cxx-framework\src\traditional\proc\p18f4620.asm
                     PIR2   0x000fa1       data     extern E:\3.46\pic18-lt\cxx-framework\src\traditional\proc\p18f4620.asm
                     IPR2   0x000fa2       data     extern E:\3.46\pic18-lt\cxx-framework\src\traditional\proc\p18f4620.asm
                 IPR2bits   0x000fa2       data     extern E:\3.46\pic18-lt\cxx-framework\src\traditional\proc\p18f4620.asm
               EECON1bits   0x000fa6       data     extern E:\3.46\pic18-lt\cxx-framework\src\traditional\proc\p18f4620.asm
                   EECON1   0x000fa6       data     extern E:\3.46\pic18-lt\cxx-framework\src\traditional\proc\p18f4620.asm
                   EECON2   0x000fa7       data     extern E:\3.46\pic18-lt\cxx-framework\src\traditional\proc\p18f4620.asm
                   EEDATA   0x000fa8       data     extern E:\3.46\pic18-lt\cxx-framework\src\traditional\proc\p18f4620.asm
                    EEADR   0x000fa9       data     extern E:\3.46\pic18-lt\cxx-framework\src\traditional\proc\p18f4620.asm
                   EEADRH   0x000faa       data     extern E:\3.46\pic18-lt\cxx-framework\src\traditional\proc\p18f4620.asm
                    RCSTA   0x000fab       data     extern E:\3.46\pic18-lt\cxx-framework\src\traditional\proc\p18f4620.asm
                RCSTAbits   0x000fab       data     extern E:\3.46\pic18-lt\cxx-framework\src\traditional\proc\p18f4620.asm
                    TXSTA   0x000fac       data     extern E:\3.46\pic18-lt\cxx-framework\src\traditional\proc\p18f4620.asm
                TXSTAbits   0x000fac       data     extern E:\3.46\pic18-lt\cxx-framework\src\traditional\proc\p18f4620.asm
                    TXREG   0x000fad       data     extern E:\3.46\pic18-lt\cxx-framework\src\traditional\proc\p18f4620.asm
                    RCREG   0x000fae       data     extern E:\3.46\pic18-lt\cxx-framework\src\traditional\proc\p18f4620.asm
                    SPBRG   0x000faf       data     extern E:\3.46\pic18-lt\cxx-framework\src\traditional\proc\p18f4620.asm
                   SPBRGH   0x000fb0       data     extern E:\3.46\pic18-lt\cxx-framework\src\traditional\proc\p18f4620.asm
                    T3CON   0x000fb1       data     extern E:\3.46\pic18-lt\cxx-framework\src\traditional\proc\p18f4620.asm
                T3CONbits   0x000fb1       data     extern E:\3.46\pic18-lt\cxx-framework\src\traditional\proc\p18f4620.asm
                    TMR3L   0x000fb2       data     extern E:\3.46\pic18-lt\cxx-framework\src\traditional\proc\p18f4620.asm
                    TMR3H   0x000fb3       data     extern E:\3.46\pic18-lt\cxx-framework\src\traditional\proc\p18f4620.asm
                CMCONbits   0x000fb4       data     extern E:\3.46\pic18-lt\cxx-framework\src\traditional\proc\p18f4620.asm
                    CMCON   0x000fb4       data     extern E:\3.46\pic18-lt\cxx-framework\src\traditional\proc\p18f4620.asm
               CVRCONbits   0x000fb5       data     extern E:\3.46\pic18-lt\cxx-framework\src\traditional\proc\p18f4620.asm
                   CVRCON   0x000fb5       data     extern E:\3.46\pic18-lt\cxx-framework\src\traditional\proc\p18f4620.asm
                  ECCP1AS   0x000fb6       data     extern E:\3.46\pic18-lt\cxx-framework\src\traditional\proc\p18f4620.asm
              ECCP1ASbits   0x000fb6       data     extern E:\3.46\pic18-lt\cxx-framework\src\traditional\proc\p18f4620.asm
              PWM1CONbits   0x000fb7       data     extern E:\3.46\pic18-lt\cxx-framework\src\traditional\proc\p18f4620.asm
                  PWM1CON   0x000fb7       data     extern E:\3.46\pic18-lt\cxx-framework\src\traditional\proc\p18f4620.asm
              BAUDCTLbits   0x000fb8       data     extern E:\3.46\pic18-lt\cxx-framework\src\traditional\proc\p18f4620.asm
                  BAUDCTL   0x000fb8       data     extern E:\3.46\pic18-lt\cxx-framework\src\traditional\proc\p18f4620.asm
                  BAUDCON   0x000fb8       data     extern E:\3.46\pic18-lt\cxx-framework\src\traditional\proc\p18f4620.asm
              BAUDCONbits   0x000fb8       data     extern E:\3.46\pic18-lt\cxx-framework\src\traditional\proc\p18f4620.asm
                  CCP2CON   0x000fba       data     extern E:\3.46\pic18-lt\cxx-framework\src\traditional\proc\p18f4620.asm
              CCP2CONbits   0x000fba       data     extern E:\3.46\pic18-lt\cxx-framework\src\traditional\proc\p18f4620.asm
                   CCPR2L   0x000fbb       data     extern E:\3.46\pic18-lt\cxx-framework\src\traditional\proc\p18f4620.asm
                    CCPR2   0x000fbb       data     extern E:\3.46\pic18-lt\cxx-framework\src\traditional\proc\p18f4620.asm
                   CCPR2H   0x000fbc       data     extern E:\3.46\pic18-lt\cxx-framework\src\traditional\proc\p18f4620.asm
              CCP1CONbits   0x000fbd       data     extern E:\3.46\pic18-lt\cxx-framework\src\traditional\proc\p18f4620.asm
                  CCP1CON   0x000fbd       data     extern E:\3.46\pic18-lt\cxx-framework\src\traditional\proc\p18f4620.asm
                   CCPR1L   0x000fbe       data     extern E:\3.46\pic18-lt\cxx-framework\src\traditional\proc\p18f4620.asm
                    CCPR1   0x000fbe       data     extern E:\3.46\pic18-lt\cxx-framework\src\traditional\proc\p18f4620.asm
                   CCPR1H   0x000fbf       data     extern E:\3.46\pic18-lt\cxx-framework\src\traditional\proc\p18f4620.asm
               ADCON2bits   0x000fc0       data     extern E:\3.46\pic18-lt\cxx-framework\src\traditional\proc\p18f4620.asm
                   ADCON2   0x000fc0       data     extern E:\3.46\pic18-lt\cxx-framework\src\traditional\proc\p18f4620.asm
               ADCON1bits   0x000fc1       data     extern E:\3.46\pic18-lt\cxx-framework\src\traditional\proc\p18f4620.asm
                   ADCON1   0x000fc1       data     extern E:\3.46\pic18-lt\cxx-framework\src\traditional\proc\p18f4620.asm
                   ADCON0   0x000fc2       data     extern E:\3.46\pic18-lt\cxx-framework\src\traditional\proc\p18f4620.asm
               ADCON0bits   0x000fc2       data     extern E:\3.46\pic18-lt\cxx-framework\src\traditional\proc\p18f4620.asm
                    ADRES   0x000fc3       data     extern E:\3.46\pic18-lt\cxx-framework\src\traditional\proc\p18f4620.asm
                   ADRESL   0x000fc3       data     extern E:\3.46\pic18-lt\cxx-framework\src\traditional\proc\p18f4620.asm
                   ADRESH   0x000fc4       data     extern E:\3.46\pic18-lt\cxx-framework\src\traditional\proc\p18f4620.asm
                  SSPCON2   0x000fc5       data     extern E:\3.46\pic18-lt\cxx-framework\src\traditional\proc\p18f4620.asm
              SSPCON2bits   0x000fc5       data     extern E:\3.46\pic18-lt\cxx-framework\src\traditional\proc\p18f4620.asm
                  SSPCON1   0x000fc6       data     extern E:\3.46\pic18-lt\cxx-framework\src\traditional\proc\p18f4620.asm
              SSPCON1bits   0x000fc6       data     extern E:\3.46\pic18-lt\cxx-framework\src\traditional\proc\p18f4620.asm
                  SSPSTAT   0x000fc7       data     extern E:\3.46\pic18-lt\cxx-framework\src\traditional\proc\p18f4620.asm
              SSPSTATbits   0x000fc7       data     extern E:\3.46\pic18-lt\cxx-framework\src\traditional\proc\p18f4620.asm
                   SSPADD   0x000fc8       data     extern E:\3.46\pic18-lt\cxx-framework\src\traditional\proc\p18f4620.asm
                   SSPBUF   0x000fc9       data     extern E:\3.46\pic18-lt\cxx-framework\src\traditional\proc\p18f4620.asm
                    T2CON   0x000fca       data     extern E:\3.46\pic18-lt\cxx-framework\src\traditional\proc\p18f4620.asm
                T2CONbits   0x000fca       data     extern E:\3.46\pic18-lt\cxx-framework\src\traditional\proc\p18f4620.asm
                      PR2   0x000fcb       data     extern E:\3.46\pic18-lt\cxx-framework\src\traditional\proc\p18f4620.asm
                     TMR2   0x000fcc       data     extern E:\3.46\pic18-lt\cxx-framework\src\traditional\proc\p18f4620.asm
                T1CONbits   0x000fcd       data     extern E:\3.46\pic18-lt\cxx-framework\src\traditional\proc\p18f4620.asm
                    T1CON   0x000fcd       data     extern E:\3.46\pic18-lt\cxx-framework\src\traditional\proc\p18f4620.asm
                    TMR1L   0x000fce       data     extern E:\3.46\pic18-lt\cxx-framework\src\traditional\proc\p18f4620.asm
                    TMR1H   0x000fcf       data     extern E:\3.46\pic18-lt\cxx-framework\src\traditional\proc\p18f4620.asm
                     RCON   0x000fd0       data     extern E:\3.46\pic18-lt\cxx-framework\src\traditional\proc\p18f4620.asm
                 RCONbits   0x000fd0       data     extern E:\3.46\pic18-lt\cxx-framework\src\traditional\proc\p18f4620.asm
               WDTCONbits   0x000fd1       data     extern E:\3.46\pic18-lt\cxx-framework\src\traditional\proc\p18f4620.asm
                   WDTCON   0x000fd1       data     extern E:\3.46\pic18-lt\cxx-framework\src\traditional\proc\p18f4620.asm
               LVDCONbits   0x000fd2       data     extern E:\3.46\pic18-lt\cxx-framework\src\traditional\proc\p18f4620.asm
                   LVDCON   0x000fd2       data     extern E:\3.46\pic18-lt\cxx-framework\src\traditional\proc\p18f4620.asm
              HLVDCONbits   0x000fd2       data     extern E:\3.46\pic18-lt\cxx-framework\src\traditional\proc\p18f4620.asm
                  HLVDCON   0x000fd2       data     extern E:\3.46\pic18-lt\cxx-framework\src\traditional\proc\p18f4620.asm
               OSCCONbits   0x000fd3       data     extern E:\3.46\pic18-lt\cxx-framework\src\traditional\proc\p18f4620.asm
                   OSCCON   0x000fd3       data     extern E:\3.46\pic18-lt\cxx-framework\src\traditional\proc\p18f4620.asm
                T0CONbits   0x000fd5       data     extern E:\3.46\pic18-lt\cxx-framework\src\traditional\proc\p18f4620.asm
                    T0CON   0x000fd5       data     extern E:\3.46\pic18-lt\cxx-framework\src\traditional\proc\p18f4620.asm
                    TMR0L   0x000fd6       data     extern E:\3.46\pic18-lt\cxx-framework\src\traditional\proc\p18f4620.asm
                    TMR0H   0x000fd7       data     extern E:\3.46\pic18-lt\cxx-framework\src\traditional\proc\p18f4620.asm
                   STATUS   0x000fd8       data     extern E:\3.46\pic18-lt\cxx-framework\src\traditional\proc\p18f4620.asm
               STATUSbits   0x000fd8       data     extern E:\3.46\pic18-lt\cxx-framework\src\traditional\proc\p18f4620.asm
                     FSR2   0x000fd9       data     extern E:\3.46\pic18-lt\cxx-framework\src\traditional\proc\p18f4620.asm
                    FSR2L   0x000fd9       data     extern E:\3.46\pic18-lt\cxx-framework\src\traditional\proc\p18f4620.asm
                    FSR2H   0x000fda       data     extern E:\3.46\pic18-lt\cxx-framework\src\traditional\proc\p18f4620.asm
                   PLUSW2   0x000fdb       data     extern E:\3.46\pic18-lt\cxx-framework\src\traditional\proc\p18f4620.asm
                  PREINC2   0x000fdc       data     extern E:\3.46\pic18-lt\cxx-framework\src\traditional\proc\p18f4620.asm
                 POSTDEC2   0x000fdd       data     extern E:\3.46\pic18-lt\cxx-framework\src\traditional\proc\p18f4620.asm
                 POSTINC2   0x000fde       data     extern E:\3.46\pic18-lt\cxx-framework\src\traditional\proc\p18f4620.asm
                    INDF2   0x000fdf       data     extern E:\3.46\pic18-lt\cxx-framework\src\traditional\proc\p18f4620.asm
                      BSR   0x000fe0       data     extern E:\3.46\pic18-lt\cxx-framework\src\traditional\proc\p18f4620.asm
                     FSR1   0x000fe1       data     extern E:\3.46\pic18-lt\cxx-framework\src\traditional\proc\p18f4620.asm
                    FSR1L   0x000fe1       data     extern E:\3.46\pic18-lt\cxx-framework\src\traditional\proc\p18f4620.asm
                    FSR1H   0x000fe2       data     extern E:\3.46\pic18-lt\cxx-framework\src\traditional\proc\p18f4620.asm
                   PLUSW1   0x000fe3       data     extern E:\3.46\pic18-lt\cxx-framework\src\traditional\proc\p18f4620.asm
                  PREINC1   0x000fe4       data     extern E:\3.46\pic18-lt\cxx-framework\src\traditional\proc\p18f4620.asm
                 POSTDEC1   0x000fe5       data     extern E:\3.46\pic18-lt\cxx-framework\src\traditional\proc\p18f4620.asm
                 POSTINC1   0x000fe6       data     extern E:\3.46\pic18-lt\cxx-framework\src\traditional\proc\p18f4620.asm
                    INDF1   0x000fe7       data     extern E:\3.46\pic18-lt\cxx-framework\src\traditional\proc\p18f4620.asm
                        W   0x000fe8       data     extern E:\3.46\pic18-lt\cxx-framework\src\traditional\proc\p18f4620.asm
                     WREG   0x000fe8       data     extern E:\3.46\pic18-lt\cxx-framework\src\traditional\proc\p18f4620.asm
                    FSR0L   0x000fe9       data     extern E:\3.46\pic18-lt\cxx-framework\src\traditional\proc\p18f4620.asm
                     FSR0   0x000fe9       data     extern E:\3.46\pic18-lt\cxx-framework\src\traditional\proc\p18f4620.asm
                    FSR0H   0x000fea       data     extern E:\3.46\pic18-lt\cxx-framework\src\traditional\proc\p18f4620.asm
                   PLUSW0   0x000feb       data     extern E:\3.46\pic18-lt\cxx-framework\src\traditional\proc\p18f4620.asm
                  PREINC0   0x000fec       data     extern E:\3.46\pic18-lt\cxx-framework\src\traditional\proc\p18f4620.asm
                 POSTDEC0   0x000fed       data     extern E:\3.46\pic18-lt\cxx-framework\src\traditional\proc\p18f4620.asm
                 POSTINC0   0x000fee       data     extern E:\3.46\pic18-lt\cxx-framework\src\traditional\proc\p18f4620.asm
                    INDF0   0x000fef       data     extern E:\3.46\pic18-lt\cxx-framework\src\traditional\proc\p18f4620.asm
              INTCON3bits   0x000ff0       data     extern E:\3.46\pic18-lt\cxx-framework\src\traditional\proc\p18f4620.asm
                  INTCON3   0x000ff0       data     extern E:\3.46\pic18-lt\cxx-framework\src\traditional\proc\p18f4620.asm
                  INTCON2   0x000ff1       data     extern E:\3.46\pic18-lt\cxx-framework\src\traditional\proc\p18f4620.asm
              INTCON2bits   0x000ff1       data     extern E:\3.46\pic18-lt\cxx-framework\src\traditional\proc\p18f4620.asm
                   INTCON   0x000ff2       data     extern E:\3.46\pic18-lt\cxx-framework\src\traditional\proc\p18f4620.asm
               INTCONbits   0x000ff2       data     extern E:\3.46\pic18-lt\cxx-framework\src\traditional\proc\p18f4620.asm
                     PROD   0x000ff3       data     extern E:\3.46\pic18-lt\cxx-framework\src\traditional\proc\p18f4620.asm
                    PRODL   0x000ff3       data     extern E:\3.46\pic18-lt\cxx-framework\src\traditional\proc\p18f4620.asm
                    PRODH   0x000ff4       data     extern E:\3.46\pic18-lt\cxx-framework\src\traditional\proc\p18f4620.asm
                   TABLAT   0x000ff5       data     extern E:\3.46\pic18-lt\cxx-framework\src\traditional\proc\p18f4620.asm
                  TBLPTRL   0x000ff6       data     extern E:\3.46\pic18-lt\cxx-framework\src\traditional\proc\p18f4620.asm
                   TBLPTR   0x000ff6       data     extern E:\3.46\pic18-lt\cxx-framework\src\traditional\proc\p18f4620.asm
                  TBLPTRH   0x000ff7       data     extern E:\3.46\pic18-lt\cxx-framework\src\traditional\proc\p18f4620.asm
                  TBLPTRU   0x000ff8       data     extern E:\3.46\pic18-lt\cxx-framework\src\traditional\proc\p18f4620.asm
                       PC   0x000ff9       data     extern E:\3.46\pic18-lt\cxx-framework\src\traditional\proc\p18f4620.asm
                      PCL   0x000ff9       data     extern E:\3.46\pic18-lt\cxx-framework\src\traditional\proc\p18f4620.asm
                   PCLATH   0x000ffa       data     extern E:\3.46\pic18-lt\cxx-framework\src\traditional\proc\p18f4620.asm
                   PCLATU   0x000ffb       data     extern E:\3.46\pic18-lt\cxx-framework\src\traditional\proc\p18f4620.asm
                   STKPTR   0x000ffc       data     extern E:\3.46\pic18-lt\cxx-framework\src\traditional\proc\p18f4620.asm
               STKPTRbits   0x000ffc       data     extern E:\3.46\pic18-lt\cxx-framework\src\traditional\proc\p18f4620.asm
                      TOS   0x000ffd       data     extern E:\3.46\pic18-lt\cxx-framework\src\traditional\proc\p18f4620.asm
                     TOSL   0x000ffd       data     extern E:\3.46\pic18-lt\cxx-framework\src\traditional\proc\p18f4620.asm
                     TOSH   0x000ffe       data     extern E:\3.46\pic18-lt\cxx-framework\src\traditional\proc\p18f4620.asm
                     TOSU   0x000fff       data     extern E:\3.46\pic18-lt\cxx-framework\src\traditional\proc\p18f4620.asm


