MPLINK 5.00, LINKER
Linker Map File - Created Sat Dec 18 09:28:58 2021

                                 Section Info
                  Section       Type    Address   Location Size(Bytes)
                ---------  ---------  ---------  ---------  ---------
               _entry_scn       code   0x000000    program   0x000006
           .code___init.o       code   0x000006    program   0x000002
      InterruptVectorHigh       code   0x000008    program   0x000006
          .romdata_uart.o    romdata   0x00000e    program   0x000000
          .idata_uart.o_i    romdata   0x00000e    program   0x000000
      .romdata_fxd1616u.o    romdata   0x00000e    program   0x000000
         .romdata_timer.o    romdata   0x00000e    program   0x000000
      .romdata_fxd2424u.o    romdata   0x00000e    program   0x000000
      .romdata_fxd3232u.o    romdata   0x00000e    program   0x000000
           .romdata_lcd.o    romdata   0x00000e    program   0x000000
          .romdata_main.o    romdata   0x00000e    program   0x000000
      .romdata_fxd0808u.o    romdata   0x00000e    program   0x000000
       .romdata_fxm3232.o    romdata   0x00000e    program   0x000000
     .romdata_interrupt.o    romdata   0x00000e    program   0x000000
     .idata_interrupt.o_i    romdata   0x00000e    program   0x000004
        .romdata_button.o    romdata   0x00000e    program   0x000000
        .romdata___init.o    romdata   0x00000e    program   0x000000
           .romdata_i2c.o    romdata   0x00000e    program   0x000000
           .romdata_adc.o    romdata   0x00000e    program   0x000000
         .romdata_c018i.o    romdata   0x00000e    program   0x000000
      .idata_fxd0808u.o_i    romdata   0x000012    program   0x000000
      .idata_fxd1616u.o_i    romdata   0x000012    program   0x000000
           .idata_adc.o_i    romdata   0x000012    program   0x000000
      .idata_fxd2424u.o_i    romdata   0x000012    program   0x000000
      .idata_fxd3232u.o_i    romdata   0x000012    program   0x000000
       .idata_fxm3232.o_i    romdata   0x000012    program   0x000000
        .idata___init.o_i    romdata   0x000012    program   0x000000
            .code_c018i.o       code   0x000012    program   0x000000
         .idata_c018i.o_i    romdata   0x000012    program   0x000000
       InterruptVectorLow       code   0x000018    program   0x000006
                   .cinit    romdata   0x00001e    program   0x00004a
             .code_main.o       code   0x000068    program   0x00122a
              .code_lcd.o       code   0x001292    program   0x0010e8
             .code_uart.o       code   0x00237a    program   0x000574
            .code_timer.o       code   0x0028ee    program   0x00051c
           .code_button.o       code   0x002e0a    program   0x000484
              .code_i2c.o       code   0x00328e    program   0x00027c
        .code_interrupt.o       code   0x00350a    program   0x0001d0
                     PROG       code   0x0036da    program   0x000142
             .stringtable    romdata   0x00381c    program   0x0000b2
               _cinit_scn       code   0x0038ce    program   0x00009e
              .code_adc.o       code   0x00396c    program   0x000090
          .code_fxm3232.o       code   0x0039fc    program   0x000070
         .code_fxd3232u.o       code   0x003a6c    program   0x000048
         .code_fxd2424u.o       code   0x003ab4    program   0x00003a
         .code_fxd1616u.o       code   0x003aee    program   0x00002c
                    .code       code   0x003b1a    program   0x000020
             _startup_scn       code   0x003b3a    program   0x00001c
         .code_fxd0808u.o       code   0x003b56    program   0x00001c
         .idata_timer.o_i    romdata   0x003b72    program   0x000020
          .idata_main.o_i    romdata   0x003b92    program   0x00002e
           .idata_lcd.o_i    romdata   0x003bc0    program   0x000061
           .idata_i2c.o_i    romdata   0x003c21    program   0x00001c
        .idata_button.o_i    romdata   0x003c3d    program   0x000028
    .config_300001_main.o    romdata   0x300001    program   0x000001
    .config_300002_main.o    romdata   0x300002    program   0x000001
    .config_300003_main.o    romdata   0x300003    program   0x000001
    .config_300005_main.o    romdata   0x300005    program   0x000001
    .config_300006_main.o    romdata   0x300006    program   0x000001
    .config_300008_main.o    romdata   0x300008    program   0x000001
    .config_300009_main.o    romdata   0x300009    program   0x000001
    .config_30000a_main.o    romdata   0x30000a    program   0x000001
    .config_30000b_main.o    romdata   0x30000b    program   0x000001
    .config_30000c_main.o    romdata   0x30000c    program   0x000001
    .config_30000d_main.o    romdata   0x30000d    program   0x000001
                MATH_DATA      udata   0x000000       data   0x000010
                 .tmpdata      udata   0x000010       data   0x00000a
             .idata_lcd.o      idata   0x000080       data   0x000061
             .idata_i2c.o      idata   0x0000e1       data   0x00001c
            .udata_uart.o      udata   0x0000fd       data   0x000001
             .udata_i2c.o      udata   0x0000fe       data   0x000001
          .udata___init.o      udata   0x0000ff       data   0x000000
         .idata_fxm3232.o      idata   0x0000ff       data   0x000000
         .udata_fxm3232.o      udata   0x0000ff       data   0x000000
        .idata_fxd3232u.o      idata   0x0000ff       data   0x000000
        .udata_fxd3232u.o      udata   0x0000ff       data   0x000000
        .idata_fxd2424u.o      idata   0x0000ff       data   0x000000
          .idata___init.o      idata   0x0000ff       data   0x000000
        .udata_fxd2424u.o      udata   0x0000ff       data   0x000000
        .idata_fxd1616u.o      idata   0x0000ff       data   0x000000
        .udata_fxd1616u.o      udata   0x0000ff       data   0x000000
        .idata_fxd0808u.o      idata   0x0000ff       data   0x000000
        .udata_fxd0808u.o      udata   0x0000ff       data   0x000000
             .idata_adc.o      idata   0x0000ff       data   0x000000
            .udata_main.o      udata   0x0000ff       data   0x000000
            .idata_uart.o      idata   0x0000ff       data   0x000000
           .udata_timer.o      udata   0x0000ff       data   0x000000
       .udata_interrupt.o      udata   0x0000ff       data   0x000000
          .udata_button.o      udata   0x0000ff       data   0x000000
           .idata_c018i.o      idata   0x0000ff       data   0x000000
             .udata_adc.o      udata   0x000100       data   0x00001a
             .udata_lcd.o      udata   0x00011a       data   0x000004
       .idata_interrupt.o      idata   0x00011e       data   0x000004
                   .stack      udata   0x000e00       data   0x000100
            .idata_main.o      idata   0x000f00       data   0x00002e
          .idata_button.o      idata   0x000f2e       data   0x000028
           .idata_timer.o      idata   0x000f56       data   0x000020
           .udata_c018i.o      udata   0x000f76       data   0x00000a
            SFR_UNBANKED0      udata   0x000f80       data   0x000080



                              Program Memory Usage 
                               Start         End      
                           ---------   ---------      
                            0x000000    0x000011      
                            0x000018    0x003c64      
                            0x300001    0x300003      
                            0x300005    0x300006      
                            0x300008    0x30000d      
            15466 out of 66584 program addresses used, program memory utilization is 23%



                              Symbols - Sorted by Name
                     Name    Address   Location    Storage File                     
                ---------  ---------  ---------  --------- ---------                
          AppTrafficLight   0x0005c8    program     extern D:\Do_An\1PROJECT\MY_TRAFFIC_UART\main.c
                  BCD2Dec   0x00328e    program     extern D:\Do_An\1PROJECT\MY_TRAFFIC_UART\i2c\i2c.c
        ButtonCounterDown   0x000894    program     extern D:\Do_An\1PROJECT\MY_TRAFFIC_UART\main.c
          ButtonCounterUp   0x00082e    program     extern D:\Do_An\1PROJECT\MY_TRAFFIC_UART\main.c
              CloseOutput   0x00025e    program     extern D:\Do_An\1PROJECT\MY_TRAFFIC_UART\main.c
                   D0808S   0x0036f0    program     static E:\3.46\pic18-lt\cxx-framework\src\traditional\math\fxd0808s.asm
                D0808SNEG   0x0036fe    program     static E:\3.46\pic18-lt\cxx-framework\src\traditional\math\fxd0808s.asm
                 D0808SOK   0x0036fa    program     static E:\3.46\pic18-lt\cxx-framework\src\traditional\math\fxd0808s.asm
                  D0808SX   0x003704    program     static E:\3.46\pic18-lt\cxx-framework\src\traditional\math\fxd0808s.asm
                   D1616S   0x003730    program     static E:\3.46\pic18-lt\cxx-framework\src\traditional\math\fxd1616s.asm
                D1616SNEG   0x00373e    program     static E:\3.46\pic18-lt\cxx-framework\src\traditional\math\fxd1616s.asm
                 D1616SOK   0x00373a    program     static E:\3.46\pic18-lt\cxx-framework\src\traditional\math\fxd1616s.asm
                  D1616SX   0x003750    program     static E:\3.46\pic18-lt\cxx-framework\src\traditional\math\fxd1616s.asm
                   D2424S   0x003784    program     static E:\3.46\pic18-lt\cxx-framework\src\traditional\math\fxd2424s.asm
                D2424SNEG   0x003792    program     static E:\3.46\pic18-lt\cxx-framework\src\traditional\math\fxd2424s.asm
                 D2424SOK   0x00378e    program     static E:\3.46\pic18-lt\cxx-framework\src\traditional\math\fxd2424s.asm
                  D2424SX   0x0037aa    program     static E:\3.46\pic18-lt\cxx-framework\src\traditional\math\fxd2424s.asm
                   D3232S   0x0037e4    program     static E:\3.46\pic18-lt\cxx-framework\src\traditional\math\fxd3232s.asm
                D3232SNEG   0x0037f2    program     static E:\3.46\pic18-lt\cxx-framework\src\traditional\math\fxd3232s.asm
                 D3232SOK   0x0037ee    program     static E:\3.46\pic18-lt\cxx-framework\src\traditional\math\fxd3232s.asm
                  D3232SX   0x003812    program     static E:\3.46\pic18-lt\cxx-framework\src\traditional\math\fxd3232s.asm
                  DA0808S   0x0036e6    program     static E:\3.46\pic18-lt\cxx-framework\src\traditional\math\fxd0808s.asm
                  DA1616S   0x003720    program     static E:\3.46\pic18-lt\cxx-framework\src\traditional\math\fxd1616s.asm
                  DA2424S   0x003770    program     static E:\3.46\pic18-lt\cxx-framework\src\traditional\math\fxd2424s.asm
                  DA3232S   0x0037ce    program     static E:\3.46\pic18-lt\cxx-framework\src\traditional\math\fxd3232s.asm
                  Dec2BCD   0x0032cc    program     extern D:\Do_An\1PROJECT\MY_TRAFFIC_UART\i2c\i2c.c
         DisplayLcdScreen   0x001bd0    program     extern D:\Do_An\1PROJECT\MY_TRAFFIC_UART\lcd\lcd.c
        DisplayLcdScreen2   0x001cc8    program     extern D:\Do_An\1PROJECT\MY_TRAFFIC_UART\lcd\lcd.c
      DisplayLcdScreenOld   0x001d4e    program     extern D:\Do_An\1PROJECT\MY_TRAFFIC_UART\lcd\lcd.c
                 FXD0808S   0x0036da    program     extern E:\3.46\pic18-lt\cxx-framework\src\traditional\math\fxd0808s.asm
                 FXD0808U   0x003b56    program     extern E:\3.46\pic18-lt\cxx-framework\src\traditional\math\fxd0808u.c
                 FXD1616S   0x00370e    program     extern E:\3.46\pic18-lt\cxx-framework\src\traditional\math\fxd1616s.asm
                 FXD1616U   0x003aee    program     extern E:\3.46\pic18-lt\cxx-framework\src\traditional\math\fxd1616u.c
                 FXD2424S   0x00375a    program     extern E:\3.46\pic18-lt\cxx-framework\src\traditional\math\fxd2424s.asm
                 FXD2424U   0x003ab4    program     extern E:\3.46\pic18-lt\cxx-framework\src\traditional\math\fxd2424u.c
                 FXD3232S   0x0037b4    program     extern E:\3.46\pic18-lt\cxx-framework\src\traditional\math\fxd3232s.asm
                 FXD3232U   0x003a6c    program     extern E:\3.46\pic18-lt\cxx-framework\src\traditional\math\fxd3232u.c
                  FXM3232   0x0039fc    program     extern E:\3.46\pic18-lt\cxx-framework\src\traditional\math\fxm3232.c
              HC595_write   0x0003da    program     extern D:\Do_An\1PROJECT\MY_TRAFFIC_UART\main.c
      InterruptVectorHigh   0x000008    program     extern D:\Do_An\1PROJECT\MY_TRAFFIC_UART\interrupt\interrupt.c
       InterruptVectorLow   0x000018    program     extern D:\Do_An\1PROJECT\MY_TRAFFIC_UART\interrupt\interrupt.c
                LcdClearS   0x001b72    program     extern D:\Do_An\1PROJECT\MY_TRAFFIC_UART\lcd\lcd.c
            LcdPrintCharS   0x001db8    program     extern D:\Do_An\1PROJECT\MY_TRAFFIC_UART\lcd\lcd.c
              LcdPrintNum   0x001ab0    program     extern D:\Do_An\1PROJECT\MY_TRAFFIC_UART\lcd\lcd.c
      LcdPrintNumPercentS   0x0020b2    program     extern D:\Do_An\1PROJECT\MY_TRAFFIC_UART\lcd\lcd.c
             LcdPrintNumS   0x001e0e    program     extern D:\Do_An\1PROJECT\MY_TRAFFIC_UART\lcd\lcd.c
           LcdPrintString   0x001af8    program     extern D:\Do_An\1PROJECT\MY_TRAFFIC_UART\lcd\lcd.c
          LcdPrintStringS   0x00205c    program     extern D:\Do_An\1PROJECT\MY_TRAFFIC_UART\lcd\lcd.c
               OpenOutput   0x0001dc    program     extern D:\Do_An\1PROJECT\MY_TRAFFIC_UART\main.c
              Read_DS1307   0x0034f0    program     extern D:\Do_An\1PROJECT\MY_TRAFFIC_UART\i2c\i2c.c
            ReverseOutput   0x0002e0    program     extern D:\Do_An\1PROJECT\MY_TRAFFIC_UART\main.c
                 SendTime   0x000e76    program     extern D:\Do_An\1PROJECT\MY_TRAFFIC_UART\main.c
             SetTimer0_ms   0x002d6a    program     extern D:\Do_An\1PROJECT\MY_TRAFFIC_UART\timer\timer.c
             SetTimer1_ms   0x002d8e    program     extern D:\Do_An\1PROJECT\MY_TRAFFIC_UART\timer\timer.c
             SetTimer3_ms   0x002dcc    program     extern D:\Do_An\1PROJECT\MY_TRAFFIC_UART\timer\timer.c
     SetupForFirstProgram   0x0011f6    program     extern D:\Do_An\1PROJECT\MY_TRAFFIC_UART\main.c
     SetupTimeForRealTime   0x001218    program     extern D:\Do_An\1PROJECT\MY_TRAFFIC_UART\main.c
               TestOutput   0x00035c    program     extern D:\Do_An\1PROJECT\MY_TRAFFIC_UART\main.c
                UART_Func   0x000ca8    program     extern D:\Do_An\1PROJECT\MY_TRAFFIC_UART\main.c
              UartSendNum   0x0025aa    program     extern D:\Do_An\1PROJECT\MY_TRAFFIC_UART\uart\uart.c
       UartSendNumPercent   0x0027e0    program     extern D:\Do_An\1PROJECT\MY_TRAFFIC_UART\uart\uart.c
           UartSendString   0x00247c    program     extern D:\Do_An\1PROJECT\MY_TRAFFIC_UART\uart\uart.c
             Write_DS1307   0x0034ce    program     extern D:\Do_An\1PROJECT\MY_TRAFFIC_UART\i2c\i2c.c
       ___return_lbl00000   0x000004    program     static                          
       ___return_lbl00000   0x003ab2    program     static                          
       ___return_lbl00000   0x003a6a    program     static                          
       ___return_lbl00000   0x003b70    program     static                          
       ___return_lbl00000   0x003b18    program     static                          
       ___return_lbl00000   0x003aec    program     static                          
       ___return_lbl00001   0x003b54    program     static                          
       ___return_lbl00002   0x00001c    program     static                          
       ___return_lbl00002   0x00396a    program     static                          
       ___return_lbl00003   0x00000c    program     static                          
               __config_0   0x300001    program     static D:\Do_An\1PROJECT\MY_TRAFFIC_UART\main.c
               __config_1   0x300002    program     static D:\Do_An\1PROJECT\MY_TRAFFIC_UART\main.c
              __config_10   0x30000d    program     static D:\Do_An\1PROJECT\MY_TRAFFIC_UART\main.c
               __config_2   0x300003    program     static D:\Do_An\1PROJECT\MY_TRAFFIC_UART\main.c
               __config_3   0x300005    program     static D:\Do_An\1PROJECT\MY_TRAFFIC_UART\main.c
               __config_4   0x300006    program     static D:\Do_An\1PROJECT\MY_TRAFFIC_UART\main.c
               __config_5   0x300008    program     static D:\Do_An\1PROJECT\MY_TRAFFIC_UART\main.c
               __config_6   0x300009    program     static D:\Do_An\1PROJECT\MY_TRAFFIC_UART\main.c
               __config_7   0x30000a    program     static D:\Do_An\1PROJECT\MY_TRAFFIC_UART\main.c
               __config_8   0x30000b    program     static D:\Do_An\1PROJECT\MY_TRAFFIC_UART\main.c
               __config_9   0x30000c    program     static D:\Do_An\1PROJECT\MY_TRAFFIC_UART\main.c
                   __init   0x000006    program     extern E:\3.46\pic18-lt\cxx-framework\src\traditional\stdclib\__init.c
               __string_0   0x00381c    program     static D:\Do_An\1PROJECT\MY_TRAFFIC_UART\lcd\lcd.c
               __string_0   0x0038bd    program     static D:\Do_An\1PROJECT\MY_TRAFFIC_UART\main.c
               __string_0   0x00381e    program     static D:\Do_An\1PROJECT\MY_TRAFFIC_UART\uart\uart.c
               __string_1   0x0038ac    program     static D:\Do_An\1PROJECT\MY_TRAFFIC_UART\main.c
              __string_10   0x003857    program     static D:\Do_An\1PROJECT\MY_TRAFFIC_UART\main.c
              __string_11   0x00384b    program     static D:\Do_An\1PROJECT\MY_TRAFFIC_UART\main.c
              __string_12   0x003840    program     static D:\Do_An\1PROJECT\MY_TRAFFIC_UART\main.c
              __string_13   0x00383b    program     static D:\Do_An\1PROJECT\MY_TRAFFIC_UART\main.c
              __string_14   0x003834    program     static D:\Do_An\1PROJECT\MY_TRAFFIC_UART\main.c
              __string_15   0x00382c    program     static D:\Do_An\1PROJECT\MY_TRAFFIC_UART\main.c
              __string_16   0x003828    program     static D:\Do_An\1PROJECT\MY_TRAFFIC_UART\main.c
              __string_17   0x003826    program     static D:\Do_An\1PROJECT\MY_TRAFFIC_UART\main.c
              __string_18   0x003824    program     static D:\Do_An\1PROJECT\MY_TRAFFIC_UART\main.c
              __string_19   0x003822    program     static D:\Do_An\1PROJECT\MY_TRAFFIC_UART\main.c
               __string_2   0x00389b    program     static D:\Do_An\1PROJECT\MY_TRAFFIC_UART\main.c
               __string_3   0x003898    program     static D:\Do_An\1PROJECT\MY_TRAFFIC_UART\main.c
               __string_4   0x003895    program     static D:\Do_An\1PROJECT\MY_TRAFFIC_UART\main.c
               __string_5   0x003892    program     static D:\Do_An\1PROJECT\MY_TRAFFIC_UART\main.c
               __string_6   0x003881    program     static D:\Do_An\1PROJECT\MY_TRAFFIC_UART\main.c
               __string_7   0x003870    program     static D:\Do_An\1PROJECT\MY_TRAFFIC_UART\main.c
               __string_8   0x00386d    program     static D:\Do_An\1PROJECT\MY_TRAFFIC_UART\main.c
               __string_9   0x003861    program     static D:\Do_An\1PROJECT\MY_TRAFFIC_UART\main.c
            __zero_memory   0x003b1a    program     extern E:\3.46\pic18-lt\cxx-framework\src\traditional\proc\p18f4620.asm
                _do_cinit   0x0038ce    program     extern E:\3.46\pic18-lt\cxx-framework\src\traditional\startup\c018i.c
                   _entry   0x000000    program     extern E:\3.46\pic18-lt\cxx-framework\src\traditional\startup\c018i.c
                   _false   0x003aae    program     static                          
                   _false   0x003ae8    program     static                          
                 _startup   0x003b3a    program     extern E:\3.46\pic18-lt\cxx-framework\src\traditional\startup\c018i.c
          appRunGreenMode   0x000a36    program     extern D:\Do_An\1PROJECT\MY_TRAFFIC_UART\main.c
             appRunNormal   0x0009d4    program     extern D:\Do_An\1PROJECT\MY_TRAFFIC_UART\main.c
      appRunNormal_Phase1   0x000a98    program     extern D:\Do_An\1PROJECT\MY_TRAFFIC_UART\main.c
      appRunNormal_Phase2   0x000ba0    program     extern D:\Do_An\1PROJECT\MY_TRAFFIC_UART\main.c
           appRunStopMode   0x000978    program     extern D:\Do_An\1PROJECT\MY_TRAFFIC_UART\main.c
         appRunYellowMode   0x0009da    program     extern D:\Do_An\1PROJECT\MY_TRAFFIC_UART\main.c
          button_delay_ms   0x0030e0    program     extern D:\Do_An\1PROJECT\MY_TRAFFIC_UART\button_matrix\button.c
                compare_l   0x003b30    program     static E:\3.46\pic18-lt\cxx-framework\src\traditional\proc\p18f4620.asm
                copy_loop   0x003940    program     static                          
            copy_one_byte   0x003946    program     static                          
                delay_i2c   0x003328    program     extern D:\Do_An\1PROJECT\MY_TRAFFIC_UART\i2c\i2c.c
                 delay_ms   0x0000b6    program     extern D:\Do_An\1PROJECT\MY_TRAFFIC_UART\main.c
              display7Seg   0x00046c    program     extern D:\Do_An\1PROJECT\MY_TRAFFIC_UART\main.c
        displayTrafficLed   0x0004ce    program     extern D:\Do_An\1PROJECT\MY_TRAFFIC_UART\main.c
                     done   0x00396a    program     static                          
             done_copying   0x003954    program     static                          
                  endloop   0x003b6c    program     static                          
                  endloop   0x003b14    program     static                          
            get_adc_value   0x00397e    program     extern D:\Do_An\1PROJECT\MY_TRAFFIC_UART\adc\adc.c
                 high_isr   0x003604    program     extern D:\Do_An\1PROJECT\MY_TRAFFIC_UART\interrupt\interrupt.c
            i2c_read_byte   0x0033e0    program     extern D:\Do_An\1PROJECT\MY_TRAFFIC_UART\i2c\i2c.c
           i2c_start_cond   0x003350    program     extern D:\Do_An\1PROJECT\MY_TRAFFIC_UART\i2c\i2c.c
            i2c_stop_cond   0x003364    program     extern D:\Do_An\1PROJECT\MY_TRAFFIC_UART\i2c\i2c.c
           i2c_write_byte   0x003370    program     extern D:\Do_An\1PROJECT\MY_TRAFFIC_UART\i2c\i2c.c
                 init_adc   0x00396c    program     extern D:\Do_An\1PROJECT\MY_TRAFFIC_UART\adc\adc.c
            init_ext_int0   0x003512    program     extern D:\Do_An\1PROJECT\MY_TRAFFIC_UART\interrupt\interrupt.c
                 init_i2c   0x003322    program     extern D:\Do_An\1PROJECT\MY_TRAFFIC_UART\i2c\i2c.c
           init_interrupt   0x00350a    program     extern D:\Do_An\1PROJECT\MY_TRAFFIC_UART\interrupt\interrupt.c
          init_key_matrix   0x002e0a    program     extern D:\Do_An\1PROJECT\MY_TRAFFIC_UART\button_matrix\button.c
init_key_matrix_with_uart   0x002e12    program     extern D:\Do_An\1PROJECT\MY_TRAFFIC_UART\button_matrix\button.c
                 init_lcd   0x001432    program     extern D:\Do_An\1PROJECT\MY_TRAFFIC_UART\lcd\lcd.c
              init_output   0x00013e    program     extern D:\Do_An\1PROJECT\MY_TRAFFIC_UART\main.c
              init_system   0x00014e    program     extern D:\Do_An\1PROJECT\MY_TRAFFIC_UART\main.c
              init_timer0   0x0028ee    program     extern D:\Do_An\1PROJECT\MY_TRAFFIC_UART\timer\timer.c
              init_timer1   0x002a32    program     extern D:\Do_An\1PROJECT\MY_TRAFFIC_UART\timer\timer.c
              init_timer2   0x002b7c    program     extern D:\Do_An\1PROJECT\MY_TRAFFIC_UART\timer\timer.c
              init_timer3   0x002bb4    program     extern D:\Do_An\1PROJECT\MY_TRAFFIC_UART\timer\timer.c
                init_uart   0x00237a    program     extern D:\Do_An\1PROJECT\MY_TRAFFIC_UART\uart\uart.c
            isButtonApply   0x0008fc    program     extern D:\Do_An\1PROJECT\MY_TRAFFIC_UART\main.c
             isButtonNext   0x00081e    program     extern D:\Do_An\1PROJECT\MY_TRAFFIC_UART\main.c
                lcd_clear   0x001784    program     extern D:\Do_An\1PROJECT\MY_TRAFFIC_UART\lcd\lcd.c
                lcd_delay   0x001292    program     extern D:\Do_An\1PROJECT\MY_TRAFFIC_UART\lcd\lcd.c
             lcd_power_of   0x001798    program     extern D:\Do_An\1PROJECT\MY_TRAFFIC_UART\lcd\lcd.c
           lcd_print_char   0x0016f0    program     extern D:\Do_An\1PROJECT\MY_TRAFFIC_UART\lcd\lcd.c
          lcd_print_charS   0x001b2c    program     extern D:\Do_An\1PROJECT\MY_TRAFFIC_UART\lcd\lcd.c
            lcd_print_num   0x00187a    program     extern D:\Do_An\1PROJECT\MY_TRAFFIC_UART\lcd\lcd.c
            lcd_print_str   0x00170a    program     extern D:\Do_An\1PROJECT\MY_TRAFFIC_UART\lcd\lcd.c
              lcd_putchar   0x0016d6    program     extern D:\Do_An\1PROJECT\MY_TRAFFIC_UART\lcd\lcd.c
          lcd_read_status   0x001540    program     extern D:\Do_An\1PROJECT\MY_TRAFFIC_UART\lcd\lcd.c
          lcd_sendCommand   0x0013b2    program     extern D:\Do_An\1PROJECT\MY_TRAFFIC_UART\lcd\lcd.c
           lcd_set_cursor   0x00174a    program     extern D:\Do_An\1PROJECT\MY_TRAFFIC_UART\lcd\lcd.c
            lcd_wait_busy   0x0015f6    program     extern D:\Do_An\1PROJECT\MY_TRAFFIC_UART\lcd\lcd.c
          lcd_write_4bits   0x001616    program     extern D:\Do_An\1PROJECT\MY_TRAFFIC_UART\lcd\lcd.c
            lcd_write_cmd   0x00165c    program     extern D:\Do_An\1PROJECT\MY_TRAFFIC_UART\lcd\lcd.c
           lcd_write_data   0x001698    program     extern D:\Do_An\1PROJECT\MY_TRAFFIC_UART\lcd\lcd.c
                     loop   0x003af8    program     static                          
                     loop   0x003ac0    program     static                          
                     loop   0x003a7a    program     static                          
                     loop   0x003b4a    program     static                          
                     loop   0x003b5e    program     static                          
                   loop_h   0x003b28    program     static E:\3.46\pic18-lt\cxx-framework\src\traditional\proc\p18f4620.asm
                   loop_l   0x003b32    program     static E:\3.46\pic18-lt\cxx-framework\src\traditional\proc\p18f4620.asm
                  low_isr   0x00351a    program     extern D:\Do_An\1PROJECT\MY_TRAFFIC_UART\interrupt\interrupt.c
                     main   0x000068    program     extern D:\Do_An\1PROJECT\MY_TRAFFIC_UART\main.c
              read_ds1307   0x003484    program     extern D:\Do_An\1PROJECT\MY_TRAFFIC_UART\i2c\i2c.c
             read_sda_pin   0x00334a    program     extern D:\Do_An\1PROJECT\MY_TRAFFIC_UART\i2c\i2c.c
          scan_key_matrix   0x002e1c    program     extern D:\Do_An\1PROJECT\MY_TRAFFIC_UART\button_matrix\button.c
     scan_key_matrix_demo   0x003168    program     extern D:\Do_An\1PROJECT\MY_TRAFFIC_UART\button_matrix\button.c
scan_key_matrix_with_uart   0x002f7a    program     extern D:\Do_An\1PROJECT\MY_TRAFFIC_UART\button_matrix\button.c
             start_timer0   0x0029a6    program     extern D:\Do_An\1PROJECT\MY_TRAFFIC_UART\timer\timer.c
             start_timer1   0x002aec    program     extern D:\Do_An\1PROJECT\MY_TRAFFIC_UART\timer\timer.c
             start_timer2   0x002ba8    program     extern D:\Do_An\1PROJECT\MY_TRAFFIC_UART\timer\timer.c
             start_timer3   0x002c6a    program     extern D:\Do_An\1PROJECT\MY_TRAFFIC_UART\timer\timer.c
              stop_timer0   0x0029a2    program     extern D:\Do_An\1PROJECT\MY_TRAFFIC_UART\timer\timer.c
              stop_timer1   0x002b78    program     extern D:\Do_An\1PROJECT\MY_TRAFFIC_UART\timer\timer.c
              stop_timer2   0x002bb0    program     extern D:\Do_An\1PROJECT\MY_TRAFFIC_UART\timer\timer.c
              stop_timer3   0x002cf6    program     extern D:\Do_An\1PROJECT\MY_TRAFFIC_UART\timer\timer.c
                     test   0x0038e8    program     static                          
               timer0_isr   0x002cfa    program     extern D:\Do_An\1PROJECT\MY_TRAFFIC_UART\timer\timer.c
               timer1_isr   0x002d16    program     extern D:\Do_An\1PROJECT\MY_TRAFFIC_UART\timer\timer.c
               timer2_isr   0x002d32    program     extern D:\Do_An\1PROJECT\MY_TRAFFIC_UART\timer\timer.c
               timer3_isr   0x002d4e    program     extern D:\Do_An\1PROJECT\MY_TRAFFIC_UART\timer\timer.c
            turn_off_7Seg   0x0004a8    program     extern D:\Do_An\1PROJECT\MY_TRAFFIC_UART\main.c
            uart_delay_ms   0x002398    program     extern D:\Do_An\1PROJECT\MY_TRAFFIC_UART\uart\uart.c
                 uart_isr   0x002890    program     extern D:\Do_An\1PROJECT\MY_TRAFFIC_UART\uart\uart.c
            uart_power_of   0x0024c8    program     extern D:\Do_An\1PROJECT\MY_TRAFFIC_UART\uart\uart.c
             uart_putchar   0x002420    program     extern D:\Do_An\1PROJECT\MY_TRAFFIC_UART\uart\uart.c
            uart_send_str   0x00243c    program     extern D:\Do_An\1PROJECT\MY_TRAFFIC_UART\uart\uart.c
                 v_timer0   0x001322    program     extern D:\Do_An\1PROJECT\MY_TRAFFIC_UART\lcd\lcd.c
             write_ds1307   0x00344e    program     extern D:\Do_An\1PROJECT\MY_TRAFFIC_UART\i2c\i2c.c
               zero_block   0x003b28    program     static E:\3.46\pic18-lt\cxx-framework\src\traditional\proc\p18f4620.asm
                   ADCON0   0x000fc2       data     extern E:\3.46\pic18-lt\cxx-framework\src\traditional\proc\p18f4620.asm
               ADCON0bits   0x000fc2       data     extern E:\3.46\pic18-lt\cxx-framework\src\traditional\proc\p18f4620.asm
                   ADCON1   0x000fc1       data     extern E:\3.46\pic18-lt\cxx-framework\src\traditional\proc\p18f4620.asm
               ADCON1bits   0x000fc1       data     extern E:\3.46\pic18-lt\cxx-framework\src\traditional\proc\p18f4620.asm
                   ADCON2   0x000fc0       data     extern E:\3.46\pic18-lt\cxx-framework\src\traditional\proc\p18f4620.asm
               ADCON2bits   0x000fc0       data     extern E:\3.46\pic18-lt\cxx-framework\src\traditional\proc\p18f4620.asm
                    ADRES   0x000fc3       data     extern E:\3.46\pic18-lt\cxx-framework\src\traditional\proc\p18f4620.asm
                   ADRESH   0x000fc4       data     extern E:\3.46\pic18-lt\cxx-framework\src\traditional\proc\p18f4620.asm
                   ADRESL   0x000fc3       data     extern E:\3.46\pic18-lt\cxx-framework\src\traditional\proc\p18f4620.asm
                  BAUDCON   0x000fb8       data     extern E:\3.46\pic18-lt\cxx-framework\src\traditional\proc\p18f4620.asm
              BAUDCONbits   0x000fb8       data     extern E:\3.46\pic18-lt\cxx-framework\src\traditional\proc\p18f4620.asm
                  BAUDCTL   0x000fb8       data     extern E:\3.46\pic18-lt\cxx-framework\src\traditional\proc\p18f4620.asm
              BAUDCTLbits   0x000fb8       data     extern E:\3.46\pic18-lt\cxx-framework\src\traditional\proc\p18f4620.asm
                      BSR   0x000fe0       data     extern E:\3.46\pic18-lt\cxx-framework\src\traditional\proc\p18f4620.asm
                  CCP1CON   0x000fbd       data     extern E:\3.46\pic18-lt\cxx-framework\src\traditional\proc\p18f4620.asm
              CCP1CONbits   0x000fbd       data     extern E:\3.46\pic18-lt\cxx-framework\src\traditional\proc\p18f4620.asm
                  CCP2CON   0x000fba       data     extern E:\3.46\pic18-lt\cxx-framework\src\traditional\proc\p18f4620.asm
              CCP2CONbits   0x000fba       data     extern E:\3.46\pic18-lt\cxx-framework\src\traditional\proc\p18f4620.asm
                    CCPR1   0x000fbe       data     extern E:\3.46\pic18-lt\cxx-framework\src\traditional\proc\p18f4620.asm
                   CCPR1H   0x000fbf       data     extern E:\3.46\pic18-lt\cxx-framework\src\traditional\proc\p18f4620.asm
                   CCPR1L   0x000fbe       data     extern E:\3.46\pic18-lt\cxx-framework\src\traditional\proc\p18f4620.asm
                    CCPR2   0x000fbb       data     extern E:\3.46\pic18-lt\cxx-framework\src\traditional\proc\p18f4620.asm
                   CCPR2H   0x000fbc       data     extern E:\3.46\pic18-lt\cxx-framework\src\traditional\proc\p18f4620.asm
                   CCPR2L   0x000fbb       data     extern E:\3.46\pic18-lt\cxx-framework\src\traditional\proc\p18f4620.asm
                    CMCON   0x000fb4       data     extern E:\3.46\pic18-lt\cxx-framework\src\traditional\proc\p18f4620.asm
                CMCONbits   0x000fb4       data     extern E:\3.46\pic18-lt\cxx-framework\src\traditional\proc\p18f4620.asm
                   CVRCON   0x000fb5       data     extern E:\3.46\pic18-lt\cxx-framework\src\traditional\proc\p18f4620.asm
               CVRCONbits   0x000fb5       data     extern E:\3.46\pic18-lt\cxx-framework\src\traditional\proc\p18f4620.asm
                     DDRA   0x000f92       data     extern E:\3.46\pic18-lt\cxx-framework\src\traditional\proc\p18f4620.asm
                 DDRAbits   0x000f92       data     extern E:\3.46\pic18-lt\cxx-framework\src\traditional\proc\p18f4620.asm
                     DDRB   0x000f93       data     extern E:\3.46\pic18-lt\cxx-framework\src\traditional\proc\p18f4620.asm
                 DDRBbits   0x000f93       data     extern E:\3.46\pic18-lt\cxx-framework\src\traditional\proc\p18f4620.asm
                     DDRC   0x000f94       data     extern E:\3.46\pic18-lt\cxx-framework\src\traditional\proc\p18f4620.asm
                 DDRCbits   0x000f94       data     extern E:\3.46\pic18-lt\cxx-framework\src\traditional\proc\p18f4620.asm
                     DDRD   0x000f95       data     extern E:\3.46\pic18-lt\cxx-framework\src\traditional\proc\p18f4620.asm
                 DDRDbits   0x000f95       data     extern E:\3.46\pic18-lt\cxx-framework\src\traditional\proc\p18f4620.asm
                     DDRE   0x000f96       data     extern E:\3.46\pic18-lt\cxx-framework\src\traditional\proc\p18f4620.asm
                 DDREbits   0x000f96       data     extern E:\3.46\pic18-lt\cxx-framework\src\traditional\proc\p18f4620.asm
                  ECCP1AS   0x000fb6       data     extern E:\3.46\pic18-lt\cxx-framework\src\traditional\proc\p18f4620.asm
              ECCP1ASbits   0x000fb6       data     extern E:\3.46\pic18-lt\cxx-framework\src\traditional\proc\p18f4620.asm
                    EEADR   0x000fa9       data     extern E:\3.46\pic18-lt\cxx-framework\src\traditional\proc\p18f4620.asm
                   EEADRH   0x000faa       data     extern E:\3.46\pic18-lt\cxx-framework\src\traditional\proc\p18f4620.asm
                   EECON1   0x000fa6       data     extern E:\3.46\pic18-lt\cxx-framework\src\traditional\proc\p18f4620.asm
               EECON1bits   0x000fa6       data     extern E:\3.46\pic18-lt\cxx-framework\src\traditional\proc\p18f4620.asm
                   EECON2   0x000fa7       data     extern E:\3.46\pic18-lt\cxx-framework\src\traditional\proc\p18f4620.asm
                   EEDATA   0x000fa8       data     extern E:\3.46\pic18-lt\cxx-framework\src\traditional\proc\p18f4620.asm
                     FSR0   0x000fe9       data     extern E:\3.46\pic18-lt\cxx-framework\src\traditional\proc\p18f4620.asm
                    FSR0H   0x000fea       data     extern E:\3.46\pic18-lt\cxx-framework\src\traditional\proc\p18f4620.asm
                    FSR0L   0x000fe9       data     extern E:\3.46\pic18-lt\cxx-framework\src\traditional\proc\p18f4620.asm
                     FSR1   0x000fe1       data     extern E:\3.46\pic18-lt\cxx-framework\src\traditional\proc\p18f4620.asm
                    FSR1H   0x000fe2       data     extern E:\3.46\pic18-lt\cxx-framework\src\traditional\proc\p18f4620.asm
                    FSR1L   0x000fe1       data     extern E:\3.46\pic18-lt\cxx-framework\src\traditional\proc\p18f4620.asm
                     FSR2   0x000fd9       data     extern E:\3.46\pic18-lt\cxx-framework\src\traditional\proc\p18f4620.asm
                    FSR2H   0x000fda       data     extern E:\3.46\pic18-lt\cxx-framework\src\traditional\proc\p18f4620.asm
                    FSR2L   0x000fd9       data     extern E:\3.46\pic18-lt\cxx-framework\src\traditional\proc\p18f4620.asm
                GreenTime   0x000f25       data     extern D:\Do_An\1PROJECT\MY_TRAFFIC_UART\main.c
                  HLVDCON   0x000fd2       data     extern E:\3.46\pic18-lt\cxx-framework\src\traditional\proc\p18f4620.asm
              HLVDCONbits   0x000fd2       data     extern E:\3.46\pic18-lt\cxx-framework\src\traditional\proc\p18f4620.asm
                    INDF0   0x000fef       data     extern E:\3.46\pic18-lt\cxx-framework\src\traditional\proc\p18f4620.asm
                    INDF1   0x000fe7       data     extern E:\3.46\pic18-lt\cxx-framework\src\traditional\proc\p18f4620.asm
                    INDF2   0x000fdf       data     extern E:\3.46\pic18-lt\cxx-framework\src\traditional\proc\p18f4620.asm
                   INTCON   0x000ff2       data     extern E:\3.46\pic18-lt\cxx-framework\src\traditional\proc\p18f4620.asm
                  INTCON2   0x000ff1       data     extern E:\3.46\pic18-lt\cxx-framework\src\traditional\proc\p18f4620.asm
              INTCON2bits   0x000ff1       data     extern E:\3.46\pic18-lt\cxx-framework\src\traditional\proc\p18f4620.asm
                  INTCON3   0x000ff0       data     extern E:\3.46\pic18-lt\cxx-framework\src\traditional\proc\p18f4620.asm
              INTCON3bits   0x000ff0       data     extern E:\3.46\pic18-lt\cxx-framework\src\traditional\proc\p18f4620.asm
               INTCONbits   0x000ff2       data     extern E:\3.46\pic18-lt\cxx-framework\src\traditional\proc\p18f4620.asm
                     IPR1   0x000f9f       data     extern E:\3.46\pic18-lt\cxx-framework\src\traditional\proc\p18f4620.asm
                 IPR1bits   0x000f9f       data     extern E:\3.46\pic18-lt\cxx-framework\src\traditional\proc\p18f4620.asm
                     IPR2   0x000fa2       data     extern E:\3.46\pic18-lt\cxx-framework\src\traditional\proc\p18f4620.asm
                 IPR2bits   0x000fa2       data     extern E:\3.46\pic18-lt\cxx-framework\src\traditional\proc\p18f4620.asm
                     LATA   0x000f89       data     extern E:\3.46\pic18-lt\cxx-framework\src\traditional\proc\p18f4620.asm
                 LATAbits   0x000f89       data     extern E:\3.46\pic18-lt\cxx-framework\src\traditional\proc\p18f4620.asm
                     LATB   0x000f8a       data     extern E:\3.46\pic18-lt\cxx-framework\src\traditional\proc\p18f4620.asm
                 LATBbits   0x000f8a       data     extern E:\3.46\pic18-lt\cxx-framework\src\traditional\proc\p18f4620.asm
                     LATC   0x000f8b       data     extern E:\3.46\pic18-lt\cxx-framework\src\traditional\proc\p18f4620.asm
                 LATCbits   0x000f8b       data     extern E:\3.46\pic18-lt\cxx-framework\src\traditional\proc\p18f4620.asm
                     LATD   0x000f8c       data     extern E:\3.46\pic18-lt\cxx-framework\src\traditional\proc\p18f4620.asm
                 LATDbits   0x000f8c       data     extern E:\3.46\pic18-lt\cxx-framework\src\traditional\proc\p18f4620.asm
                     LATE   0x000f8d       data     extern E:\3.46\pic18-lt\cxx-framework\src\traditional\proc\p18f4620.asm
                 LATEbits   0x000f8d       data     extern E:\3.46\pic18-lt\cxx-framework\src\traditional\proc\p18f4620.asm
                      LED   0x000f13       data     extern D:\Do_An\1PROJECT\MY_TRAFFIC_UART\main.c
                   LVDCON   0x000fd2       data     extern E:\3.46\pic18-lt\cxx-framework\src\traditional\proc\p18f4620.asm
               LVDCONbits   0x000fd2       data     extern E:\3.46\pic18-lt\cxx-framework\src\traditional\proc\p18f4620.asm
                LcdScreen   0x0000c1       data     extern D:\Do_An\1PROJECT\MY_TRAFFIC_UART\lcd\lcd.c
                   OSCCON   0x000fd3       data     extern E:\3.46\pic18-lt\cxx-framework\src\traditional\proc\p18f4620.asm
               OSCCONbits   0x000fd3       data     extern E:\3.46\pic18-lt\cxx-framework\src\traditional\proc\p18f4620.asm
                  OSCTUNE   0x000f9b       data     extern E:\3.46\pic18-lt\cxx-framework\src\traditional\proc\p18f4620.asm
              OSCTUNEbits   0x000f9b       data     extern E:\3.46\pic18-lt\cxx-framework\src\traditional\proc\p18f4620.asm
                       PC   0x000ff9       data     extern E:\3.46\pic18-lt\cxx-framework\src\traditional\proc\p18f4620.asm
                      PCL   0x000ff9       data     extern E:\3.46\pic18-lt\cxx-framework\src\traditional\proc\p18f4620.asm
                   PCLATH   0x000ffa       data     extern E:\3.46\pic18-lt\cxx-framework\src\traditional\proc\p18f4620.asm
                   PCLATU   0x000ffb       data     extern E:\3.46\pic18-lt\cxx-framework\src\traditional\proc\p18f4620.asm
                     PIE1   0x000f9d       data     extern E:\3.46\pic18-lt\cxx-framework\src\traditional\proc\p18f4620.asm
                 PIE1bits   0x000f9d       data     extern E:\3.46\pic18-lt\cxx-framework\src\traditional\proc\p18f4620.asm
                     PIE2   0x000fa0       data     extern E:\3.46\pic18-lt\cxx-framework\src\traditional\proc\p18f4620.asm
                 PIE2bits   0x000fa0       data     extern E:\3.46\pic18-lt\cxx-framework\src\traditional\proc\p18f4620.asm
                     PIR1   0x000f9e       data     extern E:\3.46\pic18-lt\cxx-framework\src\traditional\proc\p18f4620.asm
                 PIR1bits   0x000f9e       data     extern E:\3.46\pic18-lt\cxx-framework\src\traditional\proc\p18f4620.asm
                     PIR2   0x000fa1       data     extern E:\3.46\pic18-lt\cxx-framework\src\traditional\proc\p18f4620.asm
                 PIR2bits   0x000fa1       data     extern E:\3.46\pic18-lt\cxx-framework\src\traditional\proc\p18f4620.asm
                   PLUSW0   0x000feb       data     extern E:\3.46\pic18-lt\cxx-framework\src\traditional\proc\p18f4620.asm
                   PLUSW1   0x000fe3       data     extern E:\3.46\pic18-lt\cxx-framework\src\traditional\proc\p18f4620.asm
                   PLUSW2   0x000fdb       data     extern E:\3.46\pic18-lt\cxx-framework\src\traditional\proc\p18f4620.asm
                    PORTA   0x000f80       data     extern E:\3.46\pic18-lt\cxx-framework\src\traditional\proc\p18f4620.asm
                PORTAbits   0x000f80       data     extern E:\3.46\pic18-lt\cxx-framework\src\traditional\proc\p18f4620.asm
                    PORTB   0x000f81       data     extern E:\3.46\pic18-lt\cxx-framework\src\traditional\proc\p18f4620.asm
                PORTBbits   0x000f81       data     extern E:\3.46\pic18-lt\cxx-framework\src\traditional\proc\p18f4620.asm
                    PORTC   0x000f82       data     extern E:\3.46\pic18-lt\cxx-framework\src\traditional\proc\p18f4620.asm
                PORTCbits   0x000f82       data     extern E:\3.46\pic18-lt\cxx-framework\src\traditional\proc\p18f4620.asm
                    PORTD   0x000f83       data     extern E:\3.46\pic18-lt\cxx-framework\src\traditional\proc\p18f4620.asm
                PORTDbits   0x000f83       data     extern E:\3.46\pic18-lt\cxx-framework\src\traditional\proc\p18f4620.asm
                    PORTE   0x000f84       data     extern E:\3.46\pic18-lt\cxx-framework\src\traditional\proc\p18f4620.asm
                PORTEbits   0x000f84       data     extern E:\3.46\pic18-lt\cxx-framework\src\traditional\proc\p18f4620.asm
                 POSTDEC0   0x000fed       data     extern E:\3.46\pic18-lt\cxx-framework\src\traditional\proc\p18f4620.asm
                 POSTDEC1   0x000fe5       data     extern E:\3.46\pic18-lt\cxx-framework\src\traditional\proc\p18f4620.asm
                 POSTDEC2   0x000fdd       data     extern E:\3.46\pic18-lt\cxx-framework\src\traditional\proc\p18f4620.asm
                 POSTINC0   0x000fee       data     extern E:\3.46\pic18-lt\cxx-framework\src\traditional\proc\p18f4620.asm
                 POSTINC1   0x000fe6       data     extern E:\3.46\pic18-lt\cxx-framework\src\traditional\proc\p18f4620.asm
                 POSTINC2   0x000fde       data     extern E:\3.46\pic18-lt\cxx-framework\src\traditional\proc\p18f4620.asm
                      PR2   0x000fcb       data     extern E:\3.46\pic18-lt\cxx-framework\src\traditional\proc\p18f4620.asm
                  PREINC0   0x000fec       data     extern E:\3.46\pic18-lt\cxx-framework\src\traditional\proc\p18f4620.asm
                  PREINC1   0x000fe4       data     extern E:\3.46\pic18-lt\cxx-framework\src\traditional\proc\p18f4620.asm
                  PREINC2   0x000fdc       data     extern E:\3.46\pic18-lt\cxx-framework\src\traditional\proc\p18f4620.asm
                     PROD   0x000ff3       data     extern E:\3.46\pic18-lt\cxx-framework\src\traditional\proc\p18f4620.asm
                    PRODH   0x000ff4       data     extern E:\3.46\pic18-lt\cxx-framework\src\traditional\proc\p18f4620.asm
                    PRODL   0x000ff3       data     extern E:\3.46\pic18-lt\cxx-framework\src\traditional\proc\p18f4620.asm
                  PWM1CON   0x000fb7       data     extern E:\3.46\pic18-lt\cxx-framework\src\traditional\proc\p18f4620.asm
              PWM1CONbits   0x000fb7       data     extern E:\3.46\pic18-lt\cxx-framework\src\traditional\proc\p18f4620.asm
                     RCON   0x000fd0       data     extern E:\3.46\pic18-lt\cxx-framework\src\traditional\proc\p18f4620.asm
                 RCONbits   0x000fd0       data     extern E:\3.46\pic18-lt\cxx-framework\src\traditional\proc\p18f4620.asm
                    RCREG   0x000fae       data     extern E:\3.46\pic18-lt\cxx-framework\src\traditional\proc\p18f4620.asm
                    RCSTA   0x000fab       data     extern E:\3.46\pic18-lt\cxx-framework\src\traditional\proc\p18f4620.asm
                RCSTAbits   0x000fab       data     extern E:\3.46\pic18-lt\cxx-framework\src\traditional\proc\p18f4620.asm
                  RedTime   0x000f23       data     extern D:\Do_An\1PROJECT\MY_TRAFFIC_UART\main.c
                     SIGN   0x000000       data     extern E:\3.46\pic18-lt\cxx-framework\src\traditional\math\cmath18.asm
                    SPBRG   0x000faf       data     extern E:\3.46\pic18-lt\cxx-framework\src\traditional\proc\p18f4620.asm
                   SPBRGH   0x000fb0       data     extern E:\3.46\pic18-lt\cxx-framework\src\traditional\proc\p18f4620.asm
                   SSPADD   0x000fc8       data     extern E:\3.46\pic18-lt\cxx-framework\src\traditional\proc\p18f4620.asm
                   SSPBUF   0x000fc9       data     extern E:\3.46\pic18-lt\cxx-framework\src\traditional\proc\p18f4620.asm
                  SSPCON1   0x000fc6       data     extern E:\3.46\pic18-lt\cxx-framework\src\traditional\proc\p18f4620.asm
              SSPCON1bits   0x000fc6       data     extern E:\3.46\pic18-lt\cxx-framework\src\traditional\proc\p18f4620.asm
                  SSPCON2   0x000fc5       data     extern E:\3.46\pic18-lt\cxx-framework\src\traditional\proc\p18f4620.asm
              SSPCON2bits   0x000fc5       data     extern E:\3.46\pic18-lt\cxx-framework\src\traditional\proc\p18f4620.asm
                  SSPSTAT   0x000fc7       data     extern E:\3.46\pic18-lt\cxx-framework\src\traditional\proc\p18f4620.asm
              SSPSTATbits   0x000fc7       data     extern E:\3.46\pic18-lt\cxx-framework\src\traditional\proc\p18f4620.asm
                   STATUS   0x000fd8       data     extern E:\3.46\pic18-lt\cxx-framework\src\traditional\proc\p18f4620.asm
               STATUSbits   0x000fd8       data     extern E:\3.46\pic18-lt\cxx-framework\src\traditional\proc\p18f4620.asm
                   STKPTR   0x000ffc       data     extern E:\3.46\pic18-lt\cxx-framework\src\traditional\proc\p18f4620.asm
               STKPTRbits   0x000ffc       data     extern E:\3.46\pic18-lt\cxx-framework\src\traditional\proc\p18f4620.asm
                    T0CON   0x000fd5       data     extern E:\3.46\pic18-lt\cxx-framework\src\traditional\proc\p18f4620.asm
                T0CONbits   0x000fd5       data     extern E:\3.46\pic18-lt\cxx-framework\src\traditional\proc\p18f4620.asm
                    T1CON   0x000fcd       data     extern E:\3.46\pic18-lt\cxx-framework\src\traditional\proc\p18f4620.asm
                T1CONbits   0x000fcd       data     extern E:\3.46\pic18-lt\cxx-framework\src\traditional\proc\p18f4620.asm
                    T2CON   0x000fca       data     extern E:\3.46\pic18-lt\cxx-framework\src\traditional\proc\p18f4620.asm
                T2CONbits   0x000fca       data     extern E:\3.46\pic18-lt\cxx-framework\src\traditional\proc\p18f4620.asm
                    T3CON   0x000fb1       data     extern E:\3.46\pic18-lt\cxx-framework\src\traditional\proc\p18f4620.asm
                T3CONbits   0x000fb1       data     extern E:\3.46\pic18-lt\cxx-framework\src\traditional\proc\p18f4620.asm
                   TABLAT   0x000ff5       data     extern E:\3.46\pic18-lt\cxx-framework\src\traditional\proc\p18f4620.asm
                   TBLPTR   0x000ff6       data     extern E:\3.46\pic18-lt\cxx-framework\src\traditional\proc\p18f4620.asm
                  TBLPTRH   0x000ff7       data     extern E:\3.46\pic18-lt\cxx-framework\src\traditional\proc\p18f4620.asm
                  TBLPTRL   0x000ff6       data     extern E:\3.46\pic18-lt\cxx-framework\src\traditional\proc\p18f4620.asm
                  TBLPTRU   0x000ff8       data     extern E:\3.46\pic18-lt\cxx-framework\src\traditional\proc\p18f4620.asm
                    TMR0H   0x000fd7       data     extern E:\3.46\pic18-lt\cxx-framework\src\traditional\proc\p18f4620.asm
                    TMR0L   0x000fd6       data     extern E:\3.46\pic18-lt\cxx-framework\src\traditional\proc\p18f4620.asm
                    TMR1H   0x000fcf       data     extern E:\3.46\pic18-lt\cxx-framework\src\traditional\proc\p18f4620.asm
                    TMR1L   0x000fce       data     extern E:\3.46\pic18-lt\cxx-framework\src\traditional\proc\p18f4620.asm
                     TMR2   0x000fcc       data     extern E:\3.46\pic18-lt\cxx-framework\src\traditional\proc\p18f4620.asm
                    TMR3H   0x000fb3       data     extern E:\3.46\pic18-lt\cxx-framework\src\traditional\proc\p18f4620.asm
                    TMR3L   0x000fb2       data     extern E:\3.46\pic18-lt\cxx-framework\src\traditional\proc\p18f4620.asm
                      TOS   0x000ffd       data     extern E:\3.46\pic18-lt\cxx-framework\src\traditional\proc\p18f4620.asm
                     TOSH   0x000ffe       data     extern E:\3.46\pic18-lt\cxx-framework\src\traditional\proc\p18f4620.asm
                     TOSL   0x000ffd       data     extern E:\3.46\pic18-lt\cxx-framework\src\traditional\proc\p18f4620.asm
                     TOSU   0x000fff       data     extern E:\3.46\pic18-lt\cxx-framework\src\traditional\proc\p18f4620.asm
                    TRISA   0x000f92       data     extern E:\3.46\pic18-lt\cxx-framework\src\traditional\proc\p18f4620.asm
                TRISAbits   0x000f92       data     extern E:\3.46\pic18-lt\cxx-framework\src\traditional\proc\p18f4620.asm
                    TRISB   0x000f93       data     extern E:\3.46\pic18-lt\cxx-framework\src\traditional\proc\p18f4620.asm
                TRISBbits   0x000f93       data     extern E:\3.46\pic18-lt\cxx-framework\src\traditional\proc\p18f4620.asm
                    TRISC   0x000f94       data     extern E:\3.46\pic18-lt\cxx-framework\src\traditional\proc\p18f4620.asm
                TRISCbits   0x000f94       data     extern E:\3.46\pic18-lt\cxx-framework\src\traditional\proc\p18f4620.asm
                    TRISD   0x000f95       data     extern E:\3.46\pic18-lt\cxx-framework\src\traditional\proc\p18f4620.asm
                TRISDbits   0x000f95       data     extern E:\3.46\pic18-lt\cxx-framework\src\traditional\proc\p18f4620.asm
                    TRISE   0x000f96       data     extern E:\3.46\pic18-lt\cxx-framework\src\traditional\proc\p18f4620.asm
                TRISEbits   0x000f96       data     extern E:\3.46\pic18-lt\cxx-framework\src\traditional\proc\p18f4620.asm
                    TXREG   0x000fad       data     extern E:\3.46\pic18-lt\cxx-framework\src\traditional\proc\p18f4620.asm
                    TXSTA   0x000fac       data     extern E:\3.46\pic18-lt\cxx-framework\src\traditional\proc\p18f4620.asm
                TXSTAbits   0x000fac       data     extern E:\3.46\pic18-lt\cxx-framework\src\traditional\proc\p18f4620.asm
          TimeLine_Phase1   0x000f26       data     extern D:\Do_An\1PROJECT\MY_TRAFFIC_UART\main.c
          TimeLine_Phase2   0x000f27       data     extern D:\Do_An\1PROJECT\MY_TRAFFIC_UART\main.c
                 UserFont   0x000080       data     extern D:\Do_An\1PROJECT\MY_TRAFFIC_UART\lcd\lcd.c
                        W   0x000fe8       data     extern E:\3.46\pic18-lt\cxx-framework\src\traditional\proc\p18f4620.asm
                   WDTCON   0x000fd1       data     extern E:\3.46\pic18-lt\cxx-framework\src\traditional\proc\p18f4620.asm
               WDTCONbits   0x000fd1       data     extern E:\3.46\pic18-lt\cxx-framework\src\traditional\proc\p18f4620.asm
                     WREG   0x000fe8       data     extern E:\3.46\pic18-lt\cxx-framework\src\traditional\proc\p18f4620.asm
               YellowTime   0x000f24       data     extern D:\Do_An\1PROJECT\MY_TRAFFIC_UART\main.c
                 __AARGB0   0x000009       data     extern E:\3.46\pic18-lt\cxx-framework\src\traditional\math\aarg.asm
                 __AARGB1   0x000008       data     extern E:\3.46\pic18-lt\cxx-framework\src\traditional\math\aarg.asm
                 __AARGB2   0x000007       data     extern E:\3.46\pic18-lt\cxx-framework\src\traditional\math\aarg.asm
                 __AARGB3   0x000006       data     extern E:\3.46\pic18-lt\cxx-framework\src\traditional\math\aarg.asm
                 __AARGB4   0x000005       data     extern E:\3.46\pic18-lt\cxx-framework\src\traditional\math\aarg.asm
                 __AARGB5   0x000004       data     extern E:\3.46\pic18-lt\cxx-framework\src\traditional\math\aarg.asm
                 __AARGB6   0x000003       data     extern E:\3.46\pic18-lt\cxx-framework\src\traditional\math\aarg.asm
                 __AARGB7   0x000002       data     extern E:\3.46\pic18-lt\cxx-framework\src\traditional\math\aarg.asm
                   __AEXP   0x00000a       data     extern E:\3.46\pic18-lt\cxx-framework\src\traditional\math\aarg.asm
                 __BARGB0   0x00000e       data     extern E:\3.46\pic18-lt\cxx-framework\src\traditional\math\barg.asm
                 __BARGB1   0x00000d       data     extern E:\3.46\pic18-lt\cxx-framework\src\traditional\math\barg.asm
                 __BARGB2   0x00000c       data     extern E:\3.46\pic18-lt\cxx-framework\src\traditional\math\barg.asm
                 __BARGB3   0x00000b       data     extern E:\3.46\pic18-lt\cxx-framework\src\traditional\math\barg.asm
                   __BEXP   0x00000f       data     extern E:\3.46\pic18-lt\cxx-framework\src\traditional\math\barg.asm
                __FPFLAGS   0x000001       data     extern E:\3.46\pic18-lt\cxx-framework\src\traditional\math\cmath18.asm
            __FPFLAGSbits   0x000001       data     extern E:\3.46\pic18-lt\cxx-framework\src\traditional\math\cmath18.asm
                  __REMB0   0x000005       data     extern E:\3.46\pic18-lt\cxx-framework\src\traditional\math\aarg.asm
                  __REMB1   0x000004       data     extern E:\3.46\pic18-lt\cxx-framework\src\traditional\math\aarg.asm
                  __REMB2   0x000003       data     extern E:\3.46\pic18-lt\cxx-framework\src\traditional\math\aarg.asm
                  __REMB3   0x000002       data     extern E:\3.46\pic18-lt\cxx-framework\src\traditional\math\aarg.asm
                  __tmp_0   0x000010       data     static D:\Do_An\1PROJECT\MY_TRAFFIC_UART\button_matrix\button.c
                  __tmp_0   0x000010       data     static D:\Do_An\1PROJECT\MY_TRAFFIC_UART\main.c
                  __tmp_0   0x000010       data     static D:\Do_An\1PROJECT\MY_TRAFFIC_UART\adc\adc.c
                  __tmp_0   0x000010       data     static D:\Do_An\1PROJECT\MY_TRAFFIC_UART\uart\uart.c
                  __tmp_0   0x000010       data     static D:\Do_An\1PROJECT\MY_TRAFFIC_UART\timer\timer.c
                  __tmp_0   0x000010       data     static D:\Do_An\1PROJECT\MY_TRAFFIC_UART\lcd\lcd.c
                  __tmp_0   0x000010       data     static D:\Do_An\1PROJECT\MY_TRAFFIC_UART\i2c\i2c.c
                  ack_bit   0x0000fe       data     extern D:\Do_An\1PROJECT\MY_TRAFFIC_UART\i2c\i2c.c
                 ack_flag   0x0000f9       data     extern D:\Do_An\1PROJECT\MY_TRAFFIC_UART\i2c\i2c.c
                adc_value   0x000100       data     extern D:\Do_An\1PROJECT\MY_TRAFFIC_UART\adc\adc.c
         arrayMapOfOutput   0x000f00       data     extern D:\Do_An\1PROJECT\MY_TRAFFIC_UART\main.c
      arrayMaskInputOfKey   0x000f52       data     extern D:\Do_An\1PROJECT\MY_TRAFFIC_UART\button_matrix\button.c
     arrayMaskOutputOfKey   0x000f4e       data     extern D:\Do_An\1PROJECT\MY_TRAFFIC_UART\button_matrix\button.c
                 byte_num   0x0000e2       data     extern D:\Do_An\1PROJECT\MY_TRAFFIC_UART\i2c\i2c.c
                     cnt0   0x00011e       data     extern D:\Do_An\1PROJECT\MY_TRAFFIC_UART\interrupt\interrupt.c
                     cnt1   0x000120       data     extern D:\Do_An\1PROJECT\MY_TRAFFIC_UART\interrupt\interrupt.c
              counterMode   0x000f22       data     extern D:\Do_An\1PROJECT\MY_TRAFFIC_UART\main.c
             counterTimer   0x000f21       data     extern D:\Do_An\1PROJECT\MY_TRAFFIC_UART\main.c
                curr_byte   0x000f79       data     static E:\3.46\pic18-lt\cxx-framework\src\traditional\startup\c018i.c
               curr_entry   0x000f7b       data     static E:\3.46\pic18-lt\cxx-framework\src\traditional\startup\c018i.c
              current_col   0x00011c       data     extern D:\Do_An\1PROJECT\MY_TRAFFIC_UART\lcd\lcd.c
              current_row   0x00011a       data     extern D:\Do_An\1PROJECT\MY_TRAFFIC_UART\lcd\lcd.c
              dataReceive   0x0000fd       data     extern D:\Do_An\1PROJECT\MY_TRAFFIC_UART\uart\uart.c
                 data_ptr   0x000f7d       data     static E:\3.46\pic18-lt\cxx-framework\src\traditional\startup\c018i.c
                     date   0x000f2b       data     extern D:\Do_An\1PROJECT\MY_TRAFFIC_UART\main.c
                flag_read   0x0000e1       data     extern D:\Do_An\1PROJECT\MY_TRAFFIC_UART\i2c\i2c.c
              flag_timer0   0x000f5e       data     extern D:\Do_An\1PROJECT\MY_TRAFFIC_UART\timer\timer.c
              flag_timer1   0x000f5f       data     extern D:\Do_An\1PROJECT\MY_TRAFFIC_UART\timer\timer.c
              flag_timer2   0x000f60       data     extern D:\Do_An\1PROJECT\MY_TRAFFIC_UART\timer\timer.c
              flag_timer3   0x000f61       data     extern D:\Do_An\1PROJECT\MY_TRAFFIC_UART\timer\timer.c
                     hour   0x000f2a       data     extern D:\Do_An\1PROJECT\MY_TRAFFIC_UART\main.c
                 i2c_data   0x0000fb       data     extern D:\Do_An\1PROJECT\MY_TRAFFIC_UART\i2c\i2c.c
                index_add   0x0000e3       data     extern D:\Do_An\1PROJECT\MY_TRAFFIC_UART\i2c\i2c.c
                isStarted   0x0000fc       data     extern D:\Do_An\1PROJECT\MY_TRAFFIC_UART\i2c\i2c.c
                 key_code   0x000f2e       data     extern D:\Do_An\1PROJECT\MY_TRAFFIC_UART\button_matrix\button.c
                   minute   0x000f29       data     extern D:\Do_An\1PROJECT\MY_TRAFFIC_UART\main.c
                    month   0x000f2c       data     extern D:\Do_An\1PROJECT\MY_TRAFFIC_UART\main.c
                     prom   0x000f76       data     static E:\3.46\pic18-lt\cxx-framework\src\traditional\startup\c018i.c
                read_data   0x0000ef       data     extern D:\Do_An\1PROJECT\MY_TRAFFIC_UART\i2c\i2c.c
             receive_data   0x0000fa       data     extern D:\Do_An\1PROJECT\MY_TRAFFIC_UART\i2c\i2c.c
             receive_flag   0x0000f8       data     extern D:\Do_An\1PROJECT\MY_TRAFFIC_UART\i2c\i2c.c
                   second   0x000f28       data     extern D:\Do_An\1PROJECT\MY_TRAFFIC_UART\main.c
                   status   0x000f12       data     extern D:\Do_An\1PROJECT\MY_TRAFFIC_UART\main.c
                statusLCD   0x0000c0       data     extern D:\Do_An\1PROJECT\MY_TRAFFIC_UART\lcd\lcd.c
              statusLight   0x000f20       data     extern D:\Do_An\1PROJECT\MY_TRAFFIC_UART\main.c
              statusOfApp   0x000f1d       data     extern D:\Do_An\1PROJECT\MY_TRAFFIC_UART\main.c
             statusOutput   0x000f09       data     extern D:\Do_An\1PROJECT\MY_TRAFFIC_UART\main.c
            status_phase1   0x000f1e       data     extern D:\Do_An\1PROJECT\MY_TRAFFIC_UART\main.c
            status_phase2   0x000f1f       data     extern D:\Do_An\1PROJECT\MY_TRAFFIC_UART\main.c
                time0_MUL   0x000f6e       data     extern D:\Do_An\1PROJECT\MY_TRAFFIC_UART\timer\timer.c
                time1_MUL   0x000f70       data     extern D:\Do_An\1PROJECT\MY_TRAFFIC_UART\timer\timer.c
                time2_MUL   0x000f72       data     extern D:\Do_An\1PROJECT\MY_TRAFFIC_UART\timer\timer.c
                time3_MUL   0x000f74       data     extern D:\Do_An\1PROJECT\MY_TRAFFIC_UART\timer\timer.c
               timer0_cnt   0x000f66       data     extern D:\Do_An\1PROJECT\MY_TRAFFIC_UART\timer\timer.c
             timer0_value   0x000f56       data     extern D:\Do_An\1PROJECT\MY_TRAFFIC_UART\timer\timer.c
               timer1_cnt   0x000f68       data     extern D:\Do_An\1PROJECT\MY_TRAFFIC_UART\timer\timer.c
             timer1_value   0x000f58       data     extern D:\Do_An\1PROJECT\MY_TRAFFIC_UART\timer\timer.c
               timer2_cnt   0x000f6a       data     extern D:\Do_An\1PROJECT\MY_TRAFFIC_UART\timer\timer.c
             timer2_value   0x000f5a       data     extern D:\Do_An\1PROJECT\MY_TRAFFIC_UART\timer\timer.c
               timer3_cnt   0x000f6c       data     extern D:\Do_An\1PROJECT\MY_TRAFFIC_UART\timer\timer.c
             timer3_value   0x000f5c       data     extern D:\Do_An\1PROJECT\MY_TRAFFIC_UART\timer\timer.c
                   v_cnt0   0x000f62       data     extern D:\Do_An\1PROJECT\MY_TRAFFIC_UART\timer\timer.c
                   v_cnt1   0x000f64       data     extern D:\Do_An\1PROJECT\MY_TRAFFIC_UART\timer\timer.c
               write_data   0x0000e4       data     extern D:\Do_An\1PROJECT\MY_TRAFFIC_UART\i2c\i2c.c
                     year   0x000f2d       data     extern D:\Do_An\1PROJECT\MY_TRAFFIC_UART\main.c



                              Symbols - Sorted by Address
                     Name    Address   Location    Storage File                     
                ---------  ---------  ---------  --------- ---------                
                   _entry   0x000000    program     extern E:\3.46\pic18-lt\cxx-framework\src\traditional\startup\c018i.c
       ___return_lbl00000   0x000004    program     static                          
                   __init   0x000006    program     extern E:\3.46\pic18-lt\cxx-framework\src\traditional\stdclib\__init.c
      InterruptVectorHigh   0x000008    program     extern D:\Do_An\1PROJECT\MY_TRAFFIC_UART\interrupt\interrupt.c
       ___return_lbl00003   0x00000c    program     static                          
       InterruptVectorLow   0x000018    program     extern D:\Do_An\1PROJECT\MY_TRAFFIC_UART\interrupt\interrupt.c
       ___return_lbl00002   0x00001c    program     static                          
                     main   0x000068    program     extern D:\Do_An\1PROJECT\MY_TRAFFIC_UART\main.c
                 delay_ms   0x0000b6    program     extern D:\Do_An\1PROJECT\MY_TRAFFIC_UART\main.c
              init_output   0x00013e    program     extern D:\Do_An\1PROJECT\MY_TRAFFIC_UART\main.c
              init_system   0x00014e    program     extern D:\Do_An\1PROJECT\MY_TRAFFIC_UART\main.c
               OpenOutput   0x0001dc    program     extern D:\Do_An\1PROJECT\MY_TRAFFIC_UART\main.c
              CloseOutput   0x00025e    program     extern D:\Do_An\1PROJECT\MY_TRAFFIC_UART\main.c
            ReverseOutput   0x0002e0    program     extern D:\Do_An\1PROJECT\MY_TRAFFIC_UART\main.c
               TestOutput   0x00035c    program     extern D:\Do_An\1PROJECT\MY_TRAFFIC_UART\main.c
              HC595_write   0x0003da    program     extern D:\Do_An\1PROJECT\MY_TRAFFIC_UART\main.c
              display7Seg   0x00046c    program     extern D:\Do_An\1PROJECT\MY_TRAFFIC_UART\main.c
            turn_off_7Seg   0x0004a8    program     extern D:\Do_An\1PROJECT\MY_TRAFFIC_UART\main.c
        displayTrafficLed   0x0004ce    program     extern D:\Do_An\1PROJECT\MY_TRAFFIC_UART\main.c
          AppTrafficLight   0x0005c8    program     extern D:\Do_An\1PROJECT\MY_TRAFFIC_UART\main.c
             isButtonNext   0x00081e    program     extern D:\Do_An\1PROJECT\MY_TRAFFIC_UART\main.c
          ButtonCounterUp   0x00082e    program     extern D:\Do_An\1PROJECT\MY_TRAFFIC_UART\main.c
        ButtonCounterDown   0x000894    program     extern D:\Do_An\1PROJECT\MY_TRAFFIC_UART\main.c
            isButtonApply   0x0008fc    program     extern D:\Do_An\1PROJECT\MY_TRAFFIC_UART\main.c
           appRunStopMode   0x000978    program     extern D:\Do_An\1PROJECT\MY_TRAFFIC_UART\main.c
             appRunNormal   0x0009d4    program     extern D:\Do_An\1PROJECT\MY_TRAFFIC_UART\main.c
         appRunYellowMode   0x0009da    program     extern D:\Do_An\1PROJECT\MY_TRAFFIC_UART\main.c
          appRunGreenMode   0x000a36    program     extern D:\Do_An\1PROJECT\MY_TRAFFIC_UART\main.c
      appRunNormal_Phase1   0x000a98    program     extern D:\Do_An\1PROJECT\MY_TRAFFIC_UART\main.c
      appRunNormal_Phase2   0x000ba0    program     extern D:\Do_An\1PROJECT\MY_TRAFFIC_UART\main.c
                UART_Func   0x000ca8    program     extern D:\Do_An\1PROJECT\MY_TRAFFIC_UART\main.c
                 SendTime   0x000e76    program     extern D:\Do_An\1PROJECT\MY_TRAFFIC_UART\main.c
     SetupForFirstProgram   0x0011f6    program     extern D:\Do_An\1PROJECT\MY_TRAFFIC_UART\main.c
     SetupTimeForRealTime   0x001218    program     extern D:\Do_An\1PROJECT\MY_TRAFFIC_UART\main.c
                lcd_delay   0x001292    program     extern D:\Do_An\1PROJECT\MY_TRAFFIC_UART\lcd\lcd.c
                 v_timer0   0x001322    program     extern D:\Do_An\1PROJECT\MY_TRAFFIC_UART\lcd\lcd.c
          lcd_sendCommand   0x0013b2    program     extern D:\Do_An\1PROJECT\MY_TRAFFIC_UART\lcd\lcd.c
                 init_lcd   0x001432    program     extern D:\Do_An\1PROJECT\MY_TRAFFIC_UART\lcd\lcd.c
          lcd_read_status   0x001540    program     extern D:\Do_An\1PROJECT\MY_TRAFFIC_UART\lcd\lcd.c
            lcd_wait_busy   0x0015f6    program     extern D:\Do_An\1PROJECT\MY_TRAFFIC_UART\lcd\lcd.c
          lcd_write_4bits   0x001616    program     extern D:\Do_An\1PROJECT\MY_TRAFFIC_UART\lcd\lcd.c
            lcd_write_cmd   0x00165c    program     extern D:\Do_An\1PROJECT\MY_TRAFFIC_UART\lcd\lcd.c
           lcd_write_data   0x001698    program     extern D:\Do_An\1PROJECT\MY_TRAFFIC_UART\lcd\lcd.c
              lcd_putchar   0x0016d6    program     extern D:\Do_An\1PROJECT\MY_TRAFFIC_UART\lcd\lcd.c
           lcd_print_char   0x0016f0    program     extern D:\Do_An\1PROJECT\MY_TRAFFIC_UART\lcd\lcd.c
            lcd_print_str   0x00170a    program     extern D:\Do_An\1PROJECT\MY_TRAFFIC_UART\lcd\lcd.c
           lcd_set_cursor   0x00174a    program     extern D:\Do_An\1PROJECT\MY_TRAFFIC_UART\lcd\lcd.c
                lcd_clear   0x001784    program     extern D:\Do_An\1PROJECT\MY_TRAFFIC_UART\lcd\lcd.c
             lcd_power_of   0x001798    program     extern D:\Do_An\1PROJECT\MY_TRAFFIC_UART\lcd\lcd.c
            lcd_print_num   0x00187a    program     extern D:\Do_An\1PROJECT\MY_TRAFFIC_UART\lcd\lcd.c
              LcdPrintNum   0x001ab0    program     extern D:\Do_An\1PROJECT\MY_TRAFFIC_UART\lcd\lcd.c
           LcdPrintString   0x001af8    program     extern D:\Do_An\1PROJECT\MY_TRAFFIC_UART\lcd\lcd.c
          lcd_print_charS   0x001b2c    program     extern D:\Do_An\1PROJECT\MY_TRAFFIC_UART\lcd\lcd.c
                LcdClearS   0x001b72    program     extern D:\Do_An\1PROJECT\MY_TRAFFIC_UART\lcd\lcd.c
         DisplayLcdScreen   0x001bd0    program     extern D:\Do_An\1PROJECT\MY_TRAFFIC_UART\lcd\lcd.c
        DisplayLcdScreen2   0x001cc8    program     extern D:\Do_An\1PROJECT\MY_TRAFFIC_UART\lcd\lcd.c
      DisplayLcdScreenOld   0x001d4e    program     extern D:\Do_An\1PROJECT\MY_TRAFFIC_UART\lcd\lcd.c
            LcdPrintCharS   0x001db8    program     extern D:\Do_An\1PROJECT\MY_TRAFFIC_UART\lcd\lcd.c
             LcdPrintNumS   0x001e0e    program     extern D:\Do_An\1PROJECT\MY_TRAFFIC_UART\lcd\lcd.c
          LcdPrintStringS   0x00205c    program     extern D:\Do_An\1PROJECT\MY_TRAFFIC_UART\lcd\lcd.c
      LcdPrintNumPercentS   0x0020b2    program     extern D:\Do_An\1PROJECT\MY_TRAFFIC_UART\lcd\lcd.c
                init_uart   0x00237a    program     extern D:\Do_An\1PROJECT\MY_TRAFFIC_UART\uart\uart.c
            uart_delay_ms   0x002398    program     extern D:\Do_An\1PROJECT\MY_TRAFFIC_UART\uart\uart.c
             uart_putchar   0x002420    program     extern D:\Do_An\1PROJECT\MY_TRAFFIC_UART\uart\uart.c
            uart_send_str   0x00243c    program     extern D:\Do_An\1PROJECT\MY_TRAFFIC_UART\uart\uart.c
           UartSendString   0x00247c    program     extern D:\Do_An\1PROJECT\MY_TRAFFIC_UART\uart\uart.c
            uart_power_of   0x0024c8    program     extern D:\Do_An\1PROJECT\MY_TRAFFIC_UART\uart\uart.c
              UartSendNum   0x0025aa    program     extern D:\Do_An\1PROJECT\MY_TRAFFIC_UART\uart\uart.c
       UartSendNumPercent   0x0027e0    program     extern D:\Do_An\1PROJECT\MY_TRAFFIC_UART\uart\uart.c
                 uart_isr   0x002890    program     extern D:\Do_An\1PROJECT\MY_TRAFFIC_UART\uart\uart.c
              init_timer0   0x0028ee    program     extern D:\Do_An\1PROJECT\MY_TRAFFIC_UART\timer\timer.c
              stop_timer0   0x0029a2    program     extern D:\Do_An\1PROJECT\MY_TRAFFIC_UART\timer\timer.c
             start_timer0   0x0029a6    program     extern D:\Do_An\1PROJECT\MY_TRAFFIC_UART\timer\timer.c
              init_timer1   0x002a32    program     extern D:\Do_An\1PROJECT\MY_TRAFFIC_UART\timer\timer.c
             start_timer1   0x002aec    program     extern D:\Do_An\1PROJECT\MY_TRAFFIC_UART\timer\timer.c
              stop_timer1   0x002b78    program     extern D:\Do_An\1PROJECT\MY_TRAFFIC_UART\timer\timer.c
              init_timer2   0x002b7c    program     extern D:\Do_An\1PROJECT\MY_TRAFFIC_UART\timer\timer.c
             start_timer2   0x002ba8    program     extern D:\Do_An\1PROJECT\MY_TRAFFIC_UART\timer\timer.c
              stop_timer2   0x002bb0    program     extern D:\Do_An\1PROJECT\MY_TRAFFIC_UART\timer\timer.c
              init_timer3   0x002bb4    program     extern D:\Do_An\1PROJECT\MY_TRAFFIC_UART\timer\timer.c
             start_timer3   0x002c6a    program     extern D:\Do_An\1PROJECT\MY_TRAFFIC_UART\timer\timer.c
              stop_timer3   0x002cf6    program     extern D:\Do_An\1PROJECT\MY_TRAFFIC_UART\timer\timer.c
               timer0_isr   0x002cfa    program     extern D:\Do_An\1PROJECT\MY_TRAFFIC_UART\timer\timer.c
               timer1_isr   0x002d16    program     extern D:\Do_An\1PROJECT\MY_TRAFFIC_UART\timer\timer.c
               timer2_isr   0x002d32    program     extern D:\Do_An\1PROJECT\MY_TRAFFIC_UART\timer\timer.c
               timer3_isr   0x002d4e    program     extern D:\Do_An\1PROJECT\MY_TRAFFIC_UART\timer\timer.c
             SetTimer0_ms   0x002d6a    program     extern D:\Do_An\1PROJECT\MY_TRAFFIC_UART\timer\timer.c
             SetTimer1_ms   0x002d8e    program     extern D:\Do_An\1PROJECT\MY_TRAFFIC_UART\timer\timer.c
             SetTimer3_ms   0x002dcc    program     extern D:\Do_An\1PROJECT\MY_TRAFFIC_UART\timer\timer.c
          init_key_matrix   0x002e0a    program     extern D:\Do_An\1PROJECT\MY_TRAFFIC_UART\button_matrix\button.c
init_key_matrix_with_uart   0x002e12    program     extern D:\Do_An\1PROJECT\MY_TRAFFIC_UART\button_matrix\button.c
          scan_key_matrix   0x002e1c    program     extern D:\Do_An\1PROJECT\MY_TRAFFIC_UART\button_matrix\button.c
scan_key_matrix_with_uart   0x002f7a    program     extern D:\Do_An\1PROJECT\MY_TRAFFIC_UART\button_matrix\button.c
          button_delay_ms   0x0030e0    program     extern D:\Do_An\1PROJECT\MY_TRAFFIC_UART\button_matrix\button.c
     scan_key_matrix_demo   0x003168    program     extern D:\Do_An\1PROJECT\MY_TRAFFIC_UART\button_matrix\button.c
                  BCD2Dec   0x00328e    program     extern D:\Do_An\1PROJECT\MY_TRAFFIC_UART\i2c\i2c.c
                  Dec2BCD   0x0032cc    program     extern D:\Do_An\1PROJECT\MY_TRAFFIC_UART\i2c\i2c.c
                 init_i2c   0x003322    program     extern D:\Do_An\1PROJECT\MY_TRAFFIC_UART\i2c\i2c.c
                delay_i2c   0x003328    program     extern D:\Do_An\1PROJECT\MY_TRAFFIC_UART\i2c\i2c.c
             read_sda_pin   0x00334a    program     extern D:\Do_An\1PROJECT\MY_TRAFFIC_UART\i2c\i2c.c
           i2c_start_cond   0x003350    program     extern D:\Do_An\1PROJECT\MY_TRAFFIC_UART\i2c\i2c.c
            i2c_stop_cond   0x003364    program     extern D:\Do_An\1PROJECT\MY_TRAFFIC_UART\i2c\i2c.c
           i2c_write_byte   0x003370    program     extern D:\Do_An\1PROJECT\MY_TRAFFIC_UART\i2c\i2c.c
            i2c_read_byte   0x0033e0    program     extern D:\Do_An\1PROJECT\MY_TRAFFIC_UART\i2c\i2c.c
             write_ds1307   0x00344e    program     extern D:\Do_An\1PROJECT\MY_TRAFFIC_UART\i2c\i2c.c
              read_ds1307   0x003484    program     extern D:\Do_An\1PROJECT\MY_TRAFFIC_UART\i2c\i2c.c
             Write_DS1307   0x0034ce    program     extern D:\Do_An\1PROJECT\MY_TRAFFIC_UART\i2c\i2c.c
              Read_DS1307   0x0034f0    program     extern D:\Do_An\1PROJECT\MY_TRAFFIC_UART\i2c\i2c.c
           init_interrupt   0x00350a    program     extern D:\Do_An\1PROJECT\MY_TRAFFIC_UART\interrupt\interrupt.c
            init_ext_int0   0x003512    program     extern D:\Do_An\1PROJECT\MY_TRAFFIC_UART\interrupt\interrupt.c
                  low_isr   0x00351a    program     extern D:\Do_An\1PROJECT\MY_TRAFFIC_UART\interrupt\interrupt.c
                 high_isr   0x003604    program     extern D:\Do_An\1PROJECT\MY_TRAFFIC_UART\interrupt\interrupt.c
                 FXD0808S   0x0036da    program     extern E:\3.46\pic18-lt\cxx-framework\src\traditional\math\fxd0808s.asm
                  DA0808S   0x0036e6    program     static E:\3.46\pic18-lt\cxx-framework\src\traditional\math\fxd0808s.asm
                   D0808S   0x0036f0    program     static E:\3.46\pic18-lt\cxx-framework\src\traditional\math\fxd0808s.asm
                 D0808SOK   0x0036fa    program     static E:\3.46\pic18-lt\cxx-framework\src\traditional\math\fxd0808s.asm
                D0808SNEG   0x0036fe    program     static E:\3.46\pic18-lt\cxx-framework\src\traditional\math\fxd0808s.asm
                  D0808SX   0x003704    program     static E:\3.46\pic18-lt\cxx-framework\src\traditional\math\fxd0808s.asm
                 FXD1616S   0x00370e    program     extern E:\3.46\pic18-lt\cxx-framework\src\traditional\math\fxd1616s.asm
                  DA1616S   0x003720    program     static E:\3.46\pic18-lt\cxx-framework\src\traditional\math\fxd1616s.asm
                   D1616S   0x003730    program     static E:\3.46\pic18-lt\cxx-framework\src\traditional\math\fxd1616s.asm
                 D1616SOK   0x00373a    program     static E:\3.46\pic18-lt\cxx-framework\src\traditional\math\fxd1616s.asm
                D1616SNEG   0x00373e    program     static E:\3.46\pic18-lt\cxx-framework\src\traditional\math\fxd1616s.asm
                  D1616SX   0x003750    program     static E:\3.46\pic18-lt\cxx-framework\src\traditional\math\fxd1616s.asm
                 FXD2424S   0x00375a    program     extern E:\3.46\pic18-lt\cxx-framework\src\traditional\math\fxd2424s.asm
                  DA2424S   0x003770    program     static E:\3.46\pic18-lt\cxx-framework\src\traditional\math\fxd2424s.asm
                   D2424S   0x003784    program     static E:\3.46\pic18-lt\cxx-framework\src\traditional\math\fxd2424s.asm
                 D2424SOK   0x00378e    program     static E:\3.46\pic18-lt\cxx-framework\src\traditional\math\fxd2424s.asm
                D2424SNEG   0x003792    program     static E:\3.46\pic18-lt\cxx-framework\src\traditional\math\fxd2424s.asm
                  D2424SX   0x0037aa    program     static E:\3.46\pic18-lt\cxx-framework\src\traditional\math\fxd2424s.asm
                 FXD3232S   0x0037b4    program     extern E:\3.46\pic18-lt\cxx-framework\src\traditional\math\fxd3232s.asm
                  DA3232S   0x0037ce    program     static E:\3.46\pic18-lt\cxx-framework\src\traditional\math\fxd3232s.asm
                   D3232S   0x0037e4    program     static E:\3.46\pic18-lt\cxx-framework\src\traditional\math\fxd3232s.asm
                 D3232SOK   0x0037ee    program     static E:\3.46\pic18-lt\cxx-framework\src\traditional\math\fxd3232s.asm
                D3232SNEG   0x0037f2    program     static E:\3.46\pic18-lt\cxx-framework\src\traditional\math\fxd3232s.asm
                  D3232SX   0x003812    program     static E:\3.46\pic18-lt\cxx-framework\src\traditional\math\fxd3232s.asm
               __string_0   0x00381c    program     static D:\Do_An\1PROJECT\MY_TRAFFIC_UART\lcd\lcd.c
               __string_0   0x00381e    program     static D:\Do_An\1PROJECT\MY_TRAFFIC_UART\uart\uart.c
              __string_19   0x003822    program     static D:\Do_An\1PROJECT\MY_TRAFFIC_UART\main.c
              __string_18   0x003824    program     static D:\Do_An\1PROJECT\MY_TRAFFIC_UART\main.c
              __string_17   0x003826    program     static D:\Do_An\1PROJECT\MY_TRAFFIC_UART\main.c
              __string_16   0x003828    program     static D:\Do_An\1PROJECT\MY_TRAFFIC_UART\main.c
              __string_15   0x00382c    program     static D:\Do_An\1PROJECT\MY_TRAFFIC_UART\main.c
              __string_14   0x003834    program     static D:\Do_An\1PROJECT\MY_TRAFFIC_UART\main.c
              __string_13   0x00383b    program     static D:\Do_An\1PROJECT\MY_TRAFFIC_UART\main.c
              __string_12   0x003840    program     static D:\Do_An\1PROJECT\MY_TRAFFIC_UART\main.c
              __string_11   0x00384b    program     static D:\Do_An\1PROJECT\MY_TRAFFIC_UART\main.c
              __string_10   0x003857    program     static D:\Do_An\1PROJECT\MY_TRAFFIC_UART\main.c
               __string_9   0x003861    program     static D:\Do_An\1PROJECT\MY_TRAFFIC_UART\main.c
               __string_8   0x00386d    program     static D:\Do_An\1PROJECT\MY_TRAFFIC_UART\main.c
               __string_7   0x003870    program     static D:\Do_An\1PROJECT\MY_TRAFFIC_UART\main.c
               __string_6   0x003881    program     static D:\Do_An\1PROJECT\MY_TRAFFIC_UART\main.c
               __string_5   0x003892    program     static D:\Do_An\1PROJECT\MY_TRAFFIC_UART\main.c
               __string_4   0x003895    program     static D:\Do_An\1PROJECT\MY_TRAFFIC_UART\main.c
               __string_3   0x003898    program     static D:\Do_An\1PROJECT\MY_TRAFFIC_UART\main.c
               __string_2   0x00389b    program     static D:\Do_An\1PROJECT\MY_TRAFFIC_UART\main.c
               __string_1   0x0038ac    program     static D:\Do_An\1PROJECT\MY_TRAFFIC_UART\main.c
               __string_0   0x0038bd    program     static D:\Do_An\1PROJECT\MY_TRAFFIC_UART\main.c
                _do_cinit   0x0038ce    program     extern E:\3.46\pic18-lt\cxx-framework\src\traditional\startup\c018i.c
                     test   0x0038e8    program     static                          
[...]
                     DDRB   0x000f93       data     extern E:\3.46\pic18-lt\cxx-framework\src\traditional\proc\p18f4620.asm
                    TRISB   0x000f93       data     extern E:\3.46\pic18-lt\cxx-framework\src\traditional\proc\p18f4620.asm
                TRISBbits   0x000f93       data     extern E:\3.46\pic18-lt\cxx-framework\src\traditional\proc\p18f4620.asm
                 DDRCbits   0x000f94       data     extern E:\3.46\pic18-lt\cxx-framework\src\traditional\proc\p18f4620.asm
                     DDRC   0x000f94       data     extern E:\3.46\pic18-lt\cxx-framework\src\traditional\proc\p18f4620.asm
                    TRISC   0x000f94       data     extern E:\3.46\pic18-lt\cxx-framework\src\traditional\proc\p18f4620.asm
                TRISCbits   0x000f94       data     extern E:\3.46\pic18-lt\cxx-framework\src\traditional\proc\p18f4620.asm
                    TRISD   0x000f95       data     extern E:\3.46\pic18-lt\cxx-framework\src\traditional\proc\p18f4620.asm
                TRISDbits   0x000f95       data     extern E:\3.46\pic18-lt\cxx-framework\src\traditional\proc\p18f4620.asm
                     DDRD   0x000f95       data     extern E:\3.46\pic18-lt\cxx-framework\src\traditional\proc\p18f4620.asm
                 DDRDbits   0x000f95       data     extern E:\3.46\pic18-lt\cxx-framework\src\traditional\proc\p18f4620.asm
                 DDREbits   0x000f96       data     extern E:\3.46\pic18-lt\cxx-framework\src\traditional\proc\p18f4620.asm
                     DDRE   0x000f96       data     extern E:\3.46\pic18-lt\cxx-framework\src\traditional\proc\p18f4620.asm
                    TRISE   0x000f96       data     extern E:\3.46\pic18-lt\cxx-framework\src\traditional\proc\p18f4620.asm
                TRISEbits   0x000f96       data     extern E:\3.46\pic18-lt\cxx-framework\src\traditional\proc\p18f4620.asm
              OSCTUNEbits   0x000f9b       data     extern E:\3.46\pic18-lt\cxx-framework\src\traditional\proc\p18f4620.asm
                  OSCTUNE   0x000f9b       data     extern E:\3.46\pic18-lt\cxx-framework\src\traditional\proc\p18f4620.asm
                 PIE1bits   0x000f9d       data     extern E:\3.46\pic18-lt\cxx-framework\src\traditional\proc\p18f4620.asm
                     PIE1   0x000f9d       data     extern E:\3.46\pic18-lt\cxx-framework\src\traditional\proc\p18f4620.asm
                     PIR1   0x000f9e       data     extern E:\3.46\pic18-lt\cxx-framework\src\traditional\proc\p18f4620.asm
                 PIR1bits   0x000f9e       data     extern E:\3.46\pic18-lt\cxx-framework\src\traditional\proc\p18f4620.asm
                     IPR1   0x000f9f       data     extern E:\3.46\pic18-lt\cxx-framework\src\traditional\proc\p18f4620.asm
                 IPR1bits   0x000f9f       data     extern E:\3.46\pic18-lt\cxx-framework\src\traditional\proc\p18f4620.asm
                     PIE2   0x000fa0       data     extern E:\3.46\pic18-lt\cxx-framework\src\traditional\proc\p18f4620.asm
                 PIE2bits   0x000fa0       data     extern E:\3.46\pic18-lt\cxx-framework\src\traditional\proc\p18f4620.asm
                 PIR2bits   0x000fa1       data     extern E:\3.46\pic18-lt\cxx-framework\src\traditional\proc\p18f4620.asm
                     PIR2   0x000fa1       data     extern E:\3.46\pic18-lt\cxx-framework\src\traditional\proc\p18f4620.asm
                     IPR2   0x000fa2       data     extern E:\3.46\pic18-lt\cxx-framework\src\traditional\proc\p18f4620.asm
                 IPR2bits   0x000fa2       data     extern E:\3.46\pic18-lt\cxx-framework\src\traditional\proc\p18f4620.asm
                   EECON1   0x000fa6       data     extern E:\3.46\pic18-lt\cxx-framework\src\traditional\proc\p18f4620.asm
               EECON1bits   0x000fa6       data     extern E:\3.46\pic18-lt\cxx-framework\src\traditional\proc\p18f4620.asm
                   EECON2   0x000fa7       data     extern E:\3.46\pic18-lt\cxx-framework\src\traditional\proc\p18f4620.asm
                   EEDATA   0x000fa8       data     extern E:\3.46\pic18-lt\cxx-framework\src\traditional\proc\p18f4620.asm
                    EEADR   0x000fa9       data     extern E:\3.46\pic18-lt\cxx-framework\src\traditional\proc\p18f4620.asm
                   EEADRH   0x000faa       data     extern E:\3.46\pic18-lt\cxx-framework\src\traditional\proc\p18f4620.asm
                    RCSTA   0x000fab       data     extern E:\3.46\pic18-lt\cxx-framework\src\traditional\proc\p18f4620.asm
                RCSTAbits   0x000fab       data     extern E:\3.46\pic18-lt\cxx-framework\src\traditional\proc\p18f4620.asm
                    TXSTA   0x000fac       data     extern E:\3.46\pic18-lt\cxx-framework\src\traditional\proc\p18f4620.asm
                TXSTAbits   0x000fac       data     extern E:\3.46\pic18-lt\cxx-framework\src\traditional\proc\p18f4620.asm
                    TXREG   0x000fad       data     extern E:\3.46\pic18-lt\cxx-framework\src\traditional\proc\p18f4620.asm
                    RCREG   0x000fae       data     extern E:\3.46\pic18-lt\cxx-framework\src\traditional\proc\p18f4620.asm
                    SPBRG   0x000faf       data     extern E:\3.46\pic18-lt\cxx-framework\src\traditional\proc\p18f4620.asm
                   SPBRGH   0x000fb0       data     extern E:\3.46\pic18-lt\cxx-framework\src\traditional\proc\p18f4620.asm
                    T3CON   0x000fb1       data     extern E:\3.46\pic18-lt\cxx-framework\src\traditional\proc\p18f4620.asm
                T3CONbits   0x000fb1       data     extern E:\3.46\pic18-lt\cxx-framework\src\traditional\proc\p18f4620.asm
                    TMR3L   0x000fb2       data     extern E:\3.46\pic18-lt\cxx-framework\src\traditional\proc\p18f4620.asm
                    TMR3H   0x000fb3       data     extern E:\3.46\pic18-lt\cxx-framework\src\traditional\proc\p18f4620.asm
                CMCONbits   0x000fb4       data     extern E:\3.46\pic18-lt\cxx-framework\src\traditional\proc\p18f4620.asm
                    CMCON   0x000fb4       data     extern E:\3.46\pic18-lt\cxx-framework\src\traditional\proc\p18f4620.asm
               CVRCONbits   0x000fb5       data     extern E:\3.46\pic18-lt\cxx-framework\src\traditional\proc\p18f4620.asm
                   CVRCON   0x000fb5       data     extern E:\3.46\pic18-lt\cxx-framework\src\traditional\proc\p18f4620.asm
              ECCP1ASbits   0x000fb6       data     extern E:\3.46\pic18-lt\cxx-framework\src\traditional\proc\p18f4620.asm
                  ECCP1AS   0x000fb6       data     extern E:\3.46\pic18-lt\cxx-framework\src\traditional\proc\p18f4620.asm
                  PWM1CON   0x000fb7       data     extern E:\3.46\pic18-lt\cxx-framework\src\traditional\proc\p18f4620.asm
              PWM1CONbits   0x000fb7       data     extern E:\3.46\pic18-lt\cxx-framework\src\traditional\proc\p18f4620.asm
              BAUDCTLbits   0x000fb8       data     extern E:\3.46\pic18-lt\cxx-framework\src\traditional\proc\p18f4620.asm
                  BAUDCTL   0x000fb8       data     extern E:\3.46\pic18-lt\cxx-framework\src\traditional\proc\p18f4620.asm
              BAUDCONbits   0x000fb8       data     extern E:\3.46\pic18-lt\cxx-framework\src\traditional\proc\p18f4620.asm
                  BAUDCON   0x000fb8       data     extern E:\3.46\pic18-lt\cxx-framework\src\traditional\proc\p18f4620.asm
              CCP2CONbits   0x000fba       data     extern E:\3.46\pic18-lt\cxx-framework\src\traditional\proc\p18f4620.asm
                  CCP2CON   0x000fba       data     extern E:\3.46\pic18-lt\cxx-framework\src\traditional\proc\p18f4620.asm
                   CCPR2L   0x000fbb       data     extern E:\3.46\pic18-lt\cxx-framework\src\traditional\proc\p18f4620.asm
                    CCPR2   0x000fbb       data     extern E:\3.46\pic18-lt\cxx-framework\src\traditional\proc\p18f4620.asm
                   CCPR2H   0x000fbc       data     extern E:\3.46\pic18-lt\cxx-framework\src\traditional\proc\p18f4620.asm
                  CCP1CON   0x000fbd       data     extern E:\3.46\pic18-lt\cxx-framework\src\traditional\proc\p18f4620.asm
              CCP1CONbits   0x000fbd       data     extern E:\3.46\pic18-lt\cxx-framework\src\traditional\proc\p18f4620.asm
                   CCPR1L   0x000fbe       data     extern E:\3.46\pic18-lt\cxx-framework\src\traditional\proc\p18f4620.asm
                    CCPR1   0x000fbe       data     extern E:\3.46\pic18-lt\cxx-framework\src\traditional\proc\p18f4620.asm
                   CCPR1H   0x000fbf       data     extern E:\3.46\pic18-lt\cxx-framework\src\traditional\proc\p18f4620.asm
               ADCON2bits   0x000fc0       data     extern E:\3.46\pic18-lt\cxx-framework\src\traditional\proc\p18f4620.asm
                   ADCON2   0x000fc0       data     extern E:\3.46\pic18-lt\cxx-framework\src\traditional\proc\p18f4620.asm
               ADCON1bits   0x000fc1       data     extern E:\3.46\pic18-lt\cxx-framework\src\traditional\proc\p18f4620.asm
                   ADCON1   0x000fc1       data     extern E:\3.46\pic18-lt\cxx-framework\src\traditional\proc\p18f4620.asm
                   ADCON0   0x000fc2       data     extern E:\3.46\pic18-lt\cxx-framework\src\traditional\proc\p18f4620.asm
               ADCON0bits   0x000fc2       data     extern E:\3.46\pic18-lt\cxx-framework\src\traditional\proc\p18f4620.asm
                    ADRES   0x000fc3       data     extern E:\3.46\pic18-lt\cxx-framework\src\traditional\proc\p18f4620.asm
                   ADRESL   0x000fc3       data     extern E:\3.46\pic18-lt\cxx-framework\src\traditional\proc\p18f4620.asm
                   ADRESH   0x000fc4       data     extern E:\3.46\pic18-lt\cxx-framework\src\traditional\proc\p18f4620.asm
                  SSPCON2   0x000fc5       data     extern E:\3.46\pic18-lt\cxx-framework\src\traditional\proc\p18f4620.asm
              SSPCON2bits   0x000fc5       data     extern E:\3.46\pic18-lt\cxx-framework\src\traditional\proc\p18f4620.asm
                  SSPCON1   0x000fc6       data     extern E:\3.46\pic18-lt\cxx-framework\src\traditional\proc\p18f4620.asm
              SSPCON1bits   0x000fc6       data     extern E:\3.46\pic18-lt\cxx-framework\src\traditional\proc\p18f4620.asm
                  SSPSTAT   0x000fc7       data     extern E:\3.46\pic18-lt\cxx-framework\src\traditional\proc\p18f4620.asm
              SSPSTATbits   0x000fc7       data     extern E:\3.46\pic18-lt\cxx-framework\src\traditional\proc\p18f4620.asm
                   SSPADD   0x000fc8       data     extern E:\3.46\pic18-lt\cxx-framework\src\traditional\proc\p18f4620.asm
                   SSPBUF   0x000fc9       data     extern E:\3.46\pic18-lt\cxx-framework\src\traditional\proc\p18f4620.asm
                    T2CON   0x000fca       data     extern E:\3.46\pic18-lt\cxx-framework\src\traditional\proc\p18f4620.asm
                T2CONbits   0x000fca       data     extern E:\3.46\pic18-lt\cxx-framework\src\traditional\proc\p18f4620.asm
                      PR2   0x000fcb       data     extern E:\3.46\pic18-lt\cxx-framework\src\traditional\proc\p18f4620.asm
                     TMR2   0x000fcc       data     extern E:\3.46\pic18-lt\cxx-framework\src\traditional\proc\p18f4620.asm
                T1CONbits   0x000fcd       data     extern E:\3.46\pic18-lt\cxx-framework\src\traditional\proc\p18f4620.asm
                    T1CON   0x000fcd       data     extern E:\3.46\pic18-lt\cxx-framework\src\traditional\proc\p18f4620.asm
                    TMR1L   0x000fce       data     extern E:\3.46\pic18-lt\cxx-framework\src\traditional\proc\p18f4620.asm
                    TMR1H   0x000fcf       data     extern E:\3.46\pic18-lt\cxx-framework\src\traditional\proc\p18f4620.asm
                     RCON   0x000fd0       data     extern E:\3.46\pic18-lt\cxx-framework\src\traditional\proc\p18f4620.asm
                 RCONbits   0x000fd0       data     extern E:\3.46\pic18-lt\cxx-framework\src\traditional\proc\p18f4620.asm
               WDTCONbits   0x000fd1       data     extern E:\3.46\pic18-lt\cxx-framework\src\traditional\proc\p18f4620.asm
                   WDTCON   0x000fd1       data     extern E:\3.46\pic18-lt\cxx-framework\src\traditional\proc\p18f4620.asm
               LVDCONbits   0x000fd2       data     extern E:\3.46\pic18-lt\cxx-framework\src\traditional\proc\p18f4620.asm
                   LVDCON   0x000fd2       data     extern E:\3.46\pic18-lt\cxx-framework\src\traditional\proc\p18f4620.asm
              HLVDCONbits   0x000fd2       data     extern E:\3.46\pic18-lt\cxx-framework\src\traditional\proc\p18f4620.asm
                  HLVDCON   0x000fd2       data     extern E:\3.46\pic18-lt\cxx-framework\src\traditional\proc\p18f4620.asm
               OSCCONbits   0x000fd3       data     extern E:\3.46\pic18-lt\cxx-framework\src\traditional\proc\p18f4620.asm
                   OSCCON   0x000fd3       data     extern E:\3.46\pic18-lt\cxx-framework\src\traditional\proc\p18f4620.asm
                T0CONbits   0x000fd5       data     extern E:\3.46\pic18-lt\cxx-framework\src\traditional\proc\p18f4620.asm
                    T0CON   0x000fd5       data     extern E:\3.46\pic18-lt\cxx-framework\src\traditional\proc\p18f4620.asm
                    TMR0L   0x000fd6       data     extern E:\3.46\pic18-lt\cxx-framework\src\traditional\proc\p18f4620.asm
                    TMR0H   0x000fd7       data     extern E:\3.46\pic18-lt\cxx-framework\src\traditional\proc\p18f4620.asm
                   STATUS   0x000fd8       data     extern E:\3.46\pic18-lt\cxx-framework\src\traditional\proc\p18f4620.asm
               STATUSbits   0x000fd8       data     extern E:\3.46\pic18-lt\cxx-framework\src\traditional\proc\p18f4620.asm
                    FSR2L   0x000fd9       data     extern E:\3.46\pic18-lt\cxx-framework\src\traditional\proc\p18f4620.asm
                     FSR2   0x000fd9       data     extern E:\3.46\pic18-lt\cxx-framework\src\traditional\proc\p18f4620.asm
                    FSR2H   0x000fda       data     extern E:\3.46\pic18-lt\cxx-framework\src\traditional\proc\p18f4620.asm
                   PLUSW2   0x000fdb       data     extern E:\3.46\pic18-lt\cxx-framework\src\traditional\proc\p18f4620.asm
                  PREINC2   0x000fdc       data     extern E:\3.46\pic18-lt\cxx-framework\src\traditional\proc\p18f4620.asm
                 POSTDEC2   0x000fdd       data     extern E:\3.46\pic18-lt\cxx-framework\src\traditional\proc\p18f4620.asm
                 POSTINC2   0x000fde       data     extern E:\3.46\pic18-lt\cxx-framework\src\traditional\proc\p18f4620.asm
                    INDF2   0x000fdf       data     extern E:\3.46\pic18-lt\cxx-framework\src\traditional\proc\p18f4620.asm
                      BSR   0x000fe0       data     extern E:\3.46\pic18-lt\cxx-framework\src\traditional\proc\p18f4620.asm
                    FSR1L   0x000fe1       data     extern E:\3.46\pic18-lt\cxx-framework\src\traditional\proc\p18f4620.asm
                     FSR1   0x000fe1       data     extern E:\3.46\pic18-lt\cxx-framework\src\traditional\proc\p18f4620.asm
                    FSR1H   0x000fe2       data     extern E:\3.46\pic18-lt\cxx-framework\src\traditional\proc\p18f4620.asm
                   PLUSW1   0x000fe3       data     extern E:\3.46\pic18-lt\cxx-framework\src\traditional\proc\p18f4620.asm
                  PREINC1   0x000fe4       data     extern E:\3.46\pic18-lt\cxx-framework\src\traditional\proc\p18f4620.asm
                 POSTDEC1   0x000fe5       data     extern E:\3.46\pic18-lt\cxx-framework\src\traditional\proc\p18f4620.asm
                 POSTINC1   0x000fe6       data     extern E:\3.46\pic18-lt\cxx-framework\src\traditional\proc\p18f4620.asm
                    INDF1   0x000fe7       data     extern E:\3.46\pic18-lt\cxx-framework\src\traditional\proc\p18f4620.asm
                     WREG   0x000fe8       data     extern E:\3.46\pic18-lt\cxx-framework\src\traditional\proc\p18f4620.asm
                        W   0x000fe8       data     extern E:\3.46\pic18-lt\cxx-framework\src\traditional\proc\p18f4620.asm
                     FSR0   0x000fe9       data     extern E:\3.46\pic18-lt\cxx-framework\src\traditional\proc\p18f4620.asm
                    FSR0L   0x000fe9       data     extern E:\3.46\pic18-lt\cxx-framework\src\traditional\proc\p18f4620.asm
                    FSR0H   0x000fea       data     extern E:\3.46\pic18-lt\cxx-framework\src\traditional\proc\p18f4620.asm
                   PLUSW0   0x000feb       data     extern E:\3.46\pic18-lt\cxx-framework\src\traditional\proc\p18f4620.asm
                  PREINC0   0x000fec       data     extern E:\3.46\pic18-lt\cxx-framework\src\traditional\proc\p18f4620.asm
                 POSTDEC0   0x000fed       data     extern E:\3.46\pic18-lt\cxx-framework\src\traditional\proc\p18f4620.asm
                 POSTINC0   0x000fee       data     extern E:\3.46\pic18-lt\cxx-framework\src\traditional\proc\p18f4620.asm
                    INDF0   0x000fef       data     extern E:\3.46\pic18-lt\cxx-framework\src\traditional\proc\p18f4620.asm
              INTCON3bits   0x000ff0       data     extern E:\3.46\pic18-lt\cxx-framework\src\traditional\proc\p18f4620.asm
                  INTCON3   0x000ff0       data     extern E:\3.46\pic18-lt\cxx-framework\src\traditional\proc\p18f4620.asm
              INTCON2bits   0x000ff1       data     extern E:\3.46\pic18-lt\cxx-framework\src\traditional\proc\p18f4620.asm
                  INTCON2   0x000ff1       data     extern E:\3.46\pic18-lt\cxx-framework\src\traditional\proc\p18f4620.asm
               INTCONbits   0x000ff2       data     extern E:\3.46\pic18-lt\cxx-framework\src\traditional\proc\p18f4620.asm
                   INTCON   0x000ff2       data     extern E:\3.46\pic18-lt\cxx-framework\src\traditional\proc\p18f4620.asm
                    PRODL   0x000ff3       data     extern E:\3.46\pic18-lt\cxx-framework\src\traditional\proc\p18f4620.asm
                     PROD   0x000ff3       data     extern E:\3.46\pic18-lt\cxx-framework\src\traditional\proc\p18f4620.asm
                    PRODH   0x000ff4       data     extern E:\3.46\pic18-lt\cxx-framework\src\traditional\proc\p18f4620.asm
                   TABLAT   0x000ff5       data     extern E:\3.46\pic18-lt\cxx-framework\src\traditional\proc\p18f4620.asm
                  TBLPTRL   0x000ff6       data     extern E:\3.46\pic18-lt\cxx-framework\src\traditional\proc\p18f4620.asm
                   TBLPTR   0x000ff6       data     extern E:\3.46\pic18-lt\cxx-framework\src\traditional\proc\p18f4620.asm
                  TBLPTRH   0x000ff7       data     extern E:\3.46\pic18-lt\cxx-framework\src\traditional\proc\p18f4620.asm
                  TBLPTRU   0x000ff8       data     extern E:\3.46\pic18-lt\cxx-framework\src\traditional\proc\p18f4620.asm
                       PC   0x000ff9       data     extern E:\3.46\pic18-lt\cxx-framework\src\traditional\proc\p18f4620.asm
                      PCL   0x000ff9       data     extern E:\3.46\pic18-lt\cxx-framework\src\traditional\proc\p18f4620.asm
                   PCLATH   0x000ffa       data     extern E:\3.46\pic18-lt\cxx-framework\src\traditional\proc\p18f4620.asm
                   PCLATU   0x000ffb       data     extern E:\3.46\pic18-lt\cxx-framework\src\traditional\proc\p18f4620.asm
                   STKPTR   0x000ffc       data     extern E:\3.46\pic18-lt\cxx-framework\src\traditional\proc\p18f4620.asm
               STKPTRbits   0x000ffc       data     extern E:\3.46\pic18-lt\cxx-framework\src\traditional\proc\p18f4620.asm
                      TOS   0x000ffd       data     extern E:\3.46\pic18-lt\cxx-framework\src\traditional\proc\p18f4620.asm
                     TOSL   0x000ffd       data     extern E:\3.46\pic18-lt\cxx-framework\src\traditional\proc\p18f4620.asm
                     TOSH   0x000ffe       data     extern E:\3.46\pic18-lt\cxx-framework\src\traditional\proc\p18f4620.asm
                     TOSU   0x000fff       data     extern E:\3.46\pic18-lt\cxx-framework\src\traditional\proc\p18f4620.asm


